Archive member included to satisfy reference by file (symbol)

app/libapp.a(main.c.obj)      (--whole-archive)
zephyr/libzephyr.a(heap.c.obj)
                              (--whole-archive)
zephyr/libzephyr.a(cbprintf_packaged.c.obj)
                              (--whole-archive)
zephyr/libzephyr.a(printk.c.obj)
                              (--whole-archive)
zephyr/libzephyr.a(sem.c.obj)
                              (--whole-archive)
zephyr/libzephyr.a(thread_entry.c.obj)
                              (--whole-archive)
zephyr/libzephyr.a(cbprintf_complete.c.obj)
                              (--whole-archive)
zephyr/libzephyr.a(assert.c.obj)
                              (--whole-archive)
zephyr/libzephyr.a(dec.c.obj)
                              (--whole-archive)
zephyr/libzephyr.a(hex.c.obj)
                              (--whole-archive)
zephyr/libzephyr.a(rb.c.obj)  (--whole-archive)
zephyr/libzephyr.a(timeutil.c.obj)
                              (--whole-archive)
zephyr/libzephyr.a(bitarray.c.obj)
                              (--whole-archive)
zephyr/libzephyr.a(onoff.c.obj)
                              (--whole-archive)
zephyr/libzephyr.a(notify.c.obj)
                              (--whole-archive)
zephyr/libzephyr.a(ring_buffer.c.obj)
                              (--whole-archive)
zephyr/libzephyr.a(last_section_id.c.obj)
                              (--whole-archive)
zephyr/libzephyr.a(configs.c.obj)
                              (--whole-archive)
zephyr/libzephyr.a(thread_info.c.obj)
                              (--whole-archive)
zephyr/libzephyr.a(mem_attr.c.obj)
                              (--whole-archive)
zephyr/libzephyr.a(tracing_none.c.obj)
                              (--whole-archive)
zephyr/libzephyr.a(usb_device.c.obj)
                              (--whole-archive)
zephyr/libzephyr.a(usb_descriptor.c.obj)
                              (--whole-archive)
zephyr/libzephyr.a(usb_transfer.c.obj)
                              (--whole-archive)
zephyr/libzephyr.a(cdc_acm.c.obj)
                              (--whole-archive)
zephyr/libzephyr.a(usb_work_q.c.obj)
                              (--whole-archive)
zephyr/libzephyr.a(banner.c.obj)
                              (--whole-archive)
zephyr/libzephyr.a(flash_map_partition_manager.c.obj)
                              (--whole-archive)
zephyr/arch/common/libarch__common.a(sw_isr_common.c.obj)
                              (--whole-archive)
zephyr/arch/arch/arm/core/libarch__arm__core.a(fatal.c.obj)
                              (--whole-archive)
zephyr/arch/arch/arm/core/libarch__arm__core.a(nmi.c.obj)
                              (--whole-archive)
zephyr/arch/arch/arm/core/libarch__arm__core.a(nmi_on_reset.S.obj)
                              (--whole-archive)
zephyr/arch/arch/arm/core/libarch__arm__core.a(tls.c.obj)
                              (--whole-archive)
zephyr/arch/arch/arm/core/cortex_m/libarch__arm__core__cortex_m.a(exc_exit.c.obj)
                              (--whole-archive)
zephyr/arch/arch/arm/core/cortex_m/libarch__arm__core__cortex_m.a(fault.c.obj)
                              (--whole-archive)
zephyr/arch/arch/arm/core/cortex_m/libarch__arm__core__cortex_m.a(fault_s.S.obj)
                              (--whole-archive)
zephyr/arch/arch/arm/core/cortex_m/libarch__arm__core__cortex_m.a(fpu.c.obj)
                              (--whole-archive)
zephyr/arch/arch/arm/core/cortex_m/libarch__arm__core__cortex_m.a(reset.S.obj)
                              (--whole-archive)
zephyr/arch/arch/arm/core/cortex_m/libarch__arm__core__cortex_m.a(scb.c.obj)
                              (--whole-archive)
zephyr/arch/arch/arm/core/cortex_m/libarch__arm__core__cortex_m.a(thread_abort.c.obj)
                              (--whole-archive)
zephyr/arch/arch/arm/core/cortex_m/libarch__arm__core__cortex_m.a(vector_table.S.obj)
                              (--whole-archive)
zephyr/arch/arch/arm/core/cortex_m/libarch__arm__core__cortex_m.a(swap_helper.S.obj)
                              (--whole-archive)
zephyr/arch/arch/arm/core/cortex_m/libarch__arm__core__cortex_m.a(irq_manage.c.obj)
                              (--whole-archive)
zephyr/arch/arch/arm/core/cortex_m/libarch__arm__core__cortex_m.a(prep_c.c.obj)
                              (--whole-archive)
zephyr/arch/arch/arm/core/cortex_m/libarch__arm__core__cortex_m.a(thread.c.obj)
                              (--whole-archive)
zephyr/arch/arch/arm/core/cortex_m/libarch__arm__core__cortex_m.a(cpu_idle.c.obj)
                              (--whole-archive)
zephyr/arch/arch/arm/core/cortex_m/libarch__arm__core__cortex_m.a(irq_init.c.obj)
                              (--whole-archive)
zephyr/arch/arch/arm/core/cortex_m/libarch__arm__core__cortex_m.a(isr_wrapper.c.obj)
                              (--whole-archive)
zephyr/arch/arch/arm/core/cortex_m/libarch__arm__core__cortex_m.a(__aeabi_read_tp.S.obj)
                              (--whole-archive)
[...]
Memory Configuration

Name             Origin             Length             Attributes
FLASH            0x000000000001c000 0x00000000000d4000 xr
RAM              0x000000002000a000 0x0000000000066000 xw
IDT_LIST         0x00000000ffff7fff 0x0000000000008000 xw
*default*        0x0000000000000000 0xffffffffffffffff

Linker script and memory map

                0x0000000000024204                vfprintf = __l_vfprintf
                0x0000000000000000                vfscanf = __l_vfscanf
LOAD zephyr/CMakeFiles/zephyr_final.dir/misc/empty_file.c.obj
LOAD zephyr/CMakeFiles/zephyr_final.dir/isr_tables.c.obj
LOAD zephyr/CMakeFiles/offsets.dir/./arch/arm/core/offsets/offsets.c.obj
LOAD tfm/api_ns/interface/lib/s_veneers.o
LOAD app/libapp.a
LOAD zephyr/libzephyr.a
LOAD zephyr/arch/common/libarch__common.a
LOAD zephyr/arch/arch/arm/core/libarch__arm__core.a
LOAD zephyr/arch/arch/arm/core/cortex_m/libarch__arm__core__cortex_m.a
LOAD zephyr/arch/arch/arm/core/cortex_m/cmse/libarch__arm__core__cortex_m__cmse.a
LOAD zephyr/arch/arch/arm/core/mpu/libarch__arm__core__mpu.a
LOAD zephyr/lib/libc/picolibc/liblib__libc__picolibc.a
LOAD zephyr/lib/libc/common/liblib__libc__common.a
LOAD zephyr/soc/soc/nrf5340/libsoc__nordic.a
LOAD zephyr/boards/nordic/thingy53/libboards__nordic__thingy53.a
LOAD zephyr/drivers/usb/device/libdrivers__usb__device.a
LOAD zephyr/drivers/usb/common/nrf_usbd_common/libdrivers__usb__common__nrf_usbd_common.a
LOAD zephyr/drivers/clock_control/libdrivers__clock_control.a
LOAD zephyr/drivers/console/libdrivers__console.a
LOAD zephyr/drivers/gpio/libdrivers__gpio.a
LOAD zephyr/drivers/hwinfo/libdrivers__hwinfo.a
LOAD zephyr/drivers/i2c/libdrivers__i2c.a
LOAD zephyr/drivers/pinctrl/libdrivers__pinctrl.a
LOAD zephyr/drivers/regulator/libdrivers__regulator.a
LOAD zephyr/drivers/serial/libdrivers__serial.a
LOAD zephyr/drivers/spi/libdrivers__spi.a
LOAD zephyr/drivers/timer/libdrivers__timer.a
LOAD modules/nrf/subsys/nrf_security/src/zephyr/libmbedtls_zephyr.a
LOAD modules/nrf/modules/trusted-firmware-m/lib..__nrf__modules__trusted-firmware-m.a
LOAD modules/nrf/modules/trusted-firmware-m/libtfm_api_nrf.a
LOAD modules/trusted-firmware-m/libtfm_api.a
LOAD modules/hal_nordic/modules/hal_nordic/nrfx/libmodules__hal_nordic__nrfx.a
LOAD zephyr/kernel/libkernel.a
LOAD zephyr/arch/common/libisr_tables.a
LOAD modules/nrf/subsys/nrf_security/src/libmbedcrypto.a
LOAD modules/nrf/subsys/nrf_security/src/libmbedcrypto_base.a
LOAD modules/nrf/subsys/nrf_security/src/libnrf_security_utils.a
LOAD zephyr/kernel/libkernel.a
LOAD /opt/nordic/ncs/v3.0.0/nrfxlib/crypto/nrf_oberon/lib/cortex-m33/soft-float/liboberon_mbedtls_3.0.16.a
LOAD /opt/nordic/ncs/v3.0.0/nrfxlib/crypto/nrf_oberon/lib/cortex-m33/soft-float/liboberon_3.0.16.a
LOAD /opt/nordic/ncs/toolchains/ef4fc6722e/opt/zephyr-sdk/arm-zephyr-eabi/bin/../lib/gcc/../../picolibc/arm-zephyr-eabi/lib/thumb/v8-m.main/nofp/libc.a
LOAD /opt/nordic/ncs/toolchains/ef4fc6722e/opt/zephyr-sdk/arm-zephyr-eabi/bin/../lib/gcc/arm-zephyr-eabi/12.2.0/thumb/v8-m.main/nofp/libgcc.a
                0x0000000000000020                _region_min_align = 0x20

.rel.plt        0x000000000001c000        0x0
 *(SORT_BY_ALIGNMENT(.rel.plt))
                [!provide]                        PROVIDE (__rel_iplt_start = .)
 *(SORT_BY_ALIGNMENT(.rel.iplt))
 .rel.iplt      0x000000000001c000        0x0 zephyr/CMakeFiles/zephyr_final.dir/isr_tables.c.obj
                [!provide]                        PROVIDE (__rel_iplt_end = .)

.rela.plt       0x0000000000000000        0x0
 *(SORT_BY_ALIGNMENT(.rela.plt))
                [!provide]                        PROVIDE (__rela_iplt_start = .)
 *(SORT_BY_ALIGNMENT(.rela.iplt))
                [!provide]                        PROVIDE (__rela_iplt_end = .)

.rel.dyn
 *(SORT_BY_ALIGNMENT(.rel.*))

.rela.dyn
 *(SORT_BY_ALIGNMENT(.rela.*))

/DISCARD/
 *(SORT_BY_ALIGNMENT(.plt))

/DISCARD/
 *(SORT_BY_ALIGNMENT(.iplt))
                0x000000000001c000                __rom_region_start = 0x1c000

rom_start       0x000000000001c000      0x154
                0x000000000001c000                __rom_start_address = .
 FILL mask 0x00
                0x000000000001c000                . = (. + (0x0 - (. - __rom_start_address)))
                0x000000000001c000                . = ALIGN (0x4)
                0x000000000001c000                . = ALIGN (0x80)
                0x000000000001c000                . = ALIGN (0x200)
                0x000000000001c000                _vector_start = .
 *(SORT_BY_ALIGNMENT(.exc_vector_table))
 *(SORT_BY_ALIGNMENT(.exc_vector_table.*))
 .exc_vector_table._vector_table_section
                0x000000000001c000       0x40 zephyr/arch/arch/arm/core/cortex_m/libarch__arm__core__cortex_m.a(vector_table.S.obj)
                0x000000000001c000                _vector_table
 *(SORT_BY_ALIGNMENT(.vectors))
                0x000000000001c154                _vector_end = .
                0x000000000001c040                . = ALIGN (0x4)
 *(SORT_BY_ALIGNMENT(.gnu.linkonce.irq_vector_table*))
 .gnu.linkonce.irq_vector_table
                0x000000000001c040      0x114 zephyr/CMakeFiles/zephyr_final.dir/isr_tables.c.obj
                0x000000000001c040                _irq_vector_table
                0x000000000001c154                _vector_end = .

text            0x000000000001c154     0xa80c
                0x000000000001c154                __text_region_start = .
 *(SORT_BY_ALIGNMENT(.text))
 .text          0x000000000001c154       0x30 /opt/nordic/ncs/toolchains/ef4fc6722e/opt/zephyr-sdk/arm-zephyr-eabi/bin/../lib/gcc/arm-zephyr-eabi/12.2.0/thumb/v8-m.main/nofp/libgcc.a(_aeabi_uldivmod.o)
                0x000000000001c154                __aeabi_uldivmod
 .text          0x000000000001c184        0x4 /opt/nordic/ncs/toolchains/ef4fc6722e/opt/zephyr-sdk/arm-zephyr-eabi/bin/../lib/gcc/arm-zephyr-eabi/12.2.0/thumb/v8-m.main/nofp/libgcc.a(_dvmd_tls.o)
                0x000000000001c184                __aeabi_ldiv0
                0x000000000001c184                __aeabi_idiv0
 .text          0x000000000001c188       0x10 /opt/nordic/ncs/toolchains/ef4fc6722e/opt/zephyr-sdk/arm-zephyr-eabi/bin/../lib/gcc/../../picolibc/arm-zephyr-eabi/lib/thumb/v8-m.main/nofp/libc.a(strlen.S.o)
                0x000000000001c188                strlen
 .text          0x000000000001c198      0x29c /opt/nordic/ncs/toolchains/ef4fc6722e/opt/zephyr-sdk/arm-zephyr-eabi/bin/../lib/gcc/arm-zephyr-eabi/12.2.0/thumb/v8-m.main/nofp/libgcc.a(_udivmoddi4.o)
                0x000000000001c198                __udivmoddi4
 *(SORT_BY_ALIGNMENT(.text.*))
 .text.main     0x000000000001c434       0x94 app/libapp.a(main.c.obj)
                0x000000000001c434                main
 .text.char_out
                0x000000000001c4c8        0xc zephyr/libzephyr.a(printk.c.obj)
 .text.__printk_hook_install
                0x000000000001c4d4        0xc zephyr/libzephyr.a(printk.c.obj)
                0x000000000001c4d4                __printk_hook_install
 .text.vprintk  0x000000000001c4e0       0x30 zephyr/libzephyr.a(printk.c.obj)
                0x000000000001c4e0                vprintk
 .text.z_thread_entry
                0x000000000001c510       0x34 zephyr/libzephyr.a(thread_entry.c.obj)
                0x000000000001c510                z_thread_entry
 .text.process_event
                0x000000000001c544      0x21c zephyr/libzephyr.a(onoff.c.obj)
 .text.mem_attr_get_regions
                0x000000000001c760        0xc zephyr/libzephyr.a(mem_attr.c.obj)
                0x000000000001c760                mem_attr_get_regions
 .text.class_handler
                0x000000000001c76c       0x40 zephyr/libzephyr.a(usb_device.c.obj)
 .text.custom_handler
                0x000000000001c7ac       0x60 zephyr/libzephyr.a(usb_device.c.obj)
 .text.vendor_handler
                0x000000000001c80c       0x3c zephyr/libzephyr.a(usb_device.c.obj)
 .text.disable_endpoint
                0x000000000001c848       0x2c zephyr/libzephyr.a(usb_device.c.obj)
 .text.usb_reset_alt_setting
                0x000000000001c874       0x10 zephyr/libzephyr.a(usb_device.c.obj)
 .text.is_ep_valid.part.0
                0x000000000001c884       0x38 zephyr/libzephyr.a(usb_device.c.obj)
 .text.usb_handle_request.constprop.0
                0x000000000001c8bc       0x2c zephyr/libzephyr.a(usb_device.c.obj)
 .text.forward_status_cb
                0x000000000001c8e8       0xac zephyr/libzephyr.a(usb_device.c.obj)
 .text.usb_halt_endpoint_req.isra.0
                0x000000000001c994       0x50 zephyr/libzephyr.a(usb_device.c.obj)
 .text.set_endpoint
                0x000000000001c9e4       0x84 zephyr/libzephyr.a(usb_device.c.obj)
 .text.usb_handle_standard_request
                0x000000000001ca68      0x29c zephyr/libzephyr.a(usb_device.c.obj)
 .text.usb_data_to_host
                0x000000000001cd04       0x60 zephyr/libzephyr.a(usb_device.c.obj)
 .text.usb_handle_control_transfer
                0x000000000001cd64       0xdc zephyr/libzephyr.a(usb_device.c.obj)
 .text.usb_set_config
                0x000000000001ce40       0x2c zephyr/libzephyr.a(usb_device.c.obj)
                0x000000000001ce40                usb_set_config
 .text.usb_enable
                0x000000000001ce6c      0x13c zephyr/libzephyr.a(usb_device.c.obj)
                0x000000000001ce6c                usb_enable
 .text.usb_update_sn_string_descriptor
                0x000000000001cfa8       0x88 zephyr/libzephyr.a(usb_descriptor.c.obj)
                0x000000000001cfa8                usb_update_sn_string_descriptor
 .text.usb_get_device_descriptor
                0x000000000001d030      0x1e0 zephyr/libzephyr.a(usb_descriptor.c.obj)
                0x000000000001d030                usb_get_device_descriptor
 .text.usb_ep_get_transfer
                0x000000000001d210       0x2c zephyr/libzephyr.a(usb_transfer.c.obj)
 .text.usb_transfer_work
                0x000000000001d23c      0x100 zephyr/libzephyr.a(usb_transfer.c.obj)
 .text.usb_transfer_ep_callback
                0x000000000001d33c       0x5c zephyr/libzephyr.a(usb_transfer.c.obj)
                0x000000000001d33c                usb_transfer_ep_callback
 .text.usb_transfer
                0x000000000001d398       0xe0 zephyr/libzephyr.a(usb_transfer.c.obj)
                0x000000000001d398                usb_transfer
 .text.usb_cancel_transfer
                0x000000000001d478       0x3c zephyr/libzephyr.a(usb_transfer.c.obj)
                0x000000000001d478                usb_cancel_transfer
 .text.usb_cancel_transfers
                0x000000000001d4b4       0x44 zephyr/libzephyr.a(usb_transfer.c.obj)
                0x000000000001d4b4                usb_cancel_transfers
 .text.usb_transfer_init
                0x000000000001d4f8       0x34 zephyr/libzephyr.a(usb_transfer.c.obj)
                0x000000000001d4f8                usb_transfer_init
 .text.cdc_acm_irq_rx_enable
                0x000000000001d52c       0x20 zephyr/libzephyr.a(cdc_acm.c.obj)
 .text.cdc_acm_irq_tx_enable
                0x000000000001d54c       0x20 zephyr/libzephyr.a(cdc_acm.c.obj)
 .text.cdc_acm_fifo_fill
                0x000000000001d56c       0x3c zephyr/libzephyr.a(cdc_acm.c.obj)
 .text.cdc_acm_write_cb
                0x000000000001d5a8       0x54 zephyr/libzephyr.a(cdc_acm.c.obj)
 .text.cdc_acm_class_handle_req
                0x000000000001d5fc       0x64 zephyr/libzephyr.a(cdc_acm.c.obj)
                0x000000000001d5fc                cdc_acm_class_handle_req
 .text.cdc_acm_int_in
                0x000000000001d660       0x18 zephyr/libzephyr.a(cdc_acm.c.obj)
 .text.cdc_acm_reset_port
                0x000000000001d678       0x3c zephyr/libzephyr.a(cdc_acm.c.obj)
 .text.tx_work_handler
                0x000000000001d6b4       0x64 zephyr/libzephyr.a(cdc_acm.c.obj)
 .text.cdc_acm_init
                0x000000000001d718       0x48 zephyr/libzephyr.a(cdc_acm.c.obj)
 .text.cdc_acm_poll_out
                0x000000000001d760       0x70 zephyr/libzephyr.a(cdc_acm.c.obj)
 .text.cdc_acm_read_cb
                0x000000000001d7d0       0x74 zephyr/libzephyr.a(cdc_acm.c.obj)
 .text.cdc_acm_dev_status_cb
                0x000000000001d844       0x84 zephyr/libzephyr.a(cdc_acm.c.obj)
 .text.z_usb_work_q_init
                0x000000000001d8c8       0x34 zephyr/libzephyr.a(usb_work_q.c.obj)
 .text.boot_banner
                0x000000000001d8fc       0x1c zephyr/libzephyr.a(banner.c.obj)
                0x000000000001d8fc                boot_banner
 .text.z_SysNmiOnReset
                0x000000000001d918        0x8 zephyr/arch/arch/arm/core/libarch__arm__core.a(nmi_on_reset.S.obj)
                0x000000000001d918                z_SysNmiOnReset
 .text.arch_tls_stack_setup
                0x000000000001d920       0x40 zephyr/arch/arch/arm/core/libarch__arm__core.a(tls.c.obj)
                0x000000000001d920                arch_tls_stack_setup
 .text._HandlerModeExit
                0x000000000001d960       0x28 zephyr/arch/arch/arm/core/cortex_m/libarch__arm__core__cortex_m.a(exc_exit.c.obj)
                0x000000000001d960                z_arm_exc_exit
                0x000000000001d960                z_arm_int_exit
 .text.usage_fault.constprop.0
                0x000000000001d988       0x5c zephyr/arch/arch/arm/core/cortex_m/libarch__arm__core__cortex_m.a(fault.c.obj)
 .text.bus_fault.constprop.0
                0x000000000001d9e4       0x6c zephyr/arch/arch/arm/core/cortex_m/libarch__arm__core__cortex_m.a(fault.c.obj)
 .text.mem_manage_fault.constprop.0
                0x000000000001da50       0x78 zephyr/arch/arch/arm/core/cortex_m/libarch__arm__core__cortex_m.a(fault.c.obj)
 .text.z_arm_fault
                0x000000000001dac8      0x130 zephyr/arch/arch/arm/core/cortex_m/libarch__arm__core__cortex_m.a(fault.c.obj)
                0x000000000001dac8                z_arm_fault
 .text.z_arm_fault_init
                0x000000000001dbf8       0x20 zephyr/arch/arch/arm/core/cortex_m/libarch__arm__core__cortex_m.a(fault.c.obj)
                0x000000000001dbf8                z_arm_fault_init
 .text.__fault  0x000000000001dc18       0x14 zephyr/arch/arch/arm/core/cortex_m/libarch__arm__core__cortex_m.a(fault_s.S.obj)
                0x000000000001dc18                z_arm_bus_fault
                0x000000000001dc18                z_arm_usage_fault
                0x000000000001dc18                z_arm_mpu_fault
                0x000000000001dc18                z_arm_exc_spurious
                0x000000000001dc18                z_arm_debug_monitor
                0x000000000001dc18                z_arm_hard_fault
 .text._reset_section
                0x000000000001dc2c       0x68 zephyr/arch/arch/arm/core/cortex_m/libarch__arm__core__cortex_m.a(reset.S.obj)
                0x000000000001dc2c                z_arm_reset
                0x000000000001dc2c                __start
 .text.z_arm_clear_arm_mpu_config
                0x000000000001dc94       0x24 zephyr/arch/arch/arm/core/cortex_m/libarch__arm__core__cortex_m.a(scb.c.obj)
                0x000000000001dc94                z_arm_clear_arm_mpu_config
 .text.z_arm_init_arch_hw_at_boot
                0x000000000001dcb8       0x4c zephyr/arch/arch/arm/core/cortex_m/libarch__arm__core__cortex_m.a(scb.c.obj)
                0x000000000001dcb8                z_arm_init_arch_hw_at_boot
 .text.z_impl_k_thread_abort
                0x000000000001dd04       0x2c zephyr/arch/arch/arm/core/cortex_m/libarch__arm__core__cortex_m.a(thread_abort.c.obj)
                0x000000000001dd04                z_impl_k_thread_abort
 .text.z_arm_pendsv
                0x000000000001dd30       0x74 zephyr/arch/arch/arm/core/cortex_m/libarch__arm__core__cortex_m.a(swap_helper.S.obj)
                0x000000000001dd30                z_arm_pendsv
 .text.z_arm_svc
                0x000000000001dda4       0x24 zephyr/arch/arch/arm/core/cortex_m/libarch__arm__core__cortex_m.a(swap_helper.S.obj)
                0x000000000001dda4                z_arm_svc
 .text.arch_irq_enable
                0x000000000001ddc8       0x1c zephyr/arch/arch/arm/core/cortex_m/libarch__arm__core__cortex_m.a(irq_manage.c.obj)
                0x000000000001ddc8                arch_irq_enable
 .text.arch_irq_disable
                0x000000000001dde4       0x28 zephyr/arch/arch/arm/core/cortex_m/libarch__arm__core__cortex_m.a(irq_manage.c.obj)
                0x000000000001dde4                arch_irq_disable
 .text.arch_irq_is_enabled
                0x000000000001de0c       0x1c zephyr/arch/arch/arm/core/cortex_m/libarch__arm__core__cortex_m.a(irq_manage.c.obj)
                0x000000000001de0c                arch_irq_is_enabled
 .text.z_arm_irq_priority_set
                0x000000000001de28       0x2c zephyr/arch/arch/arm/core/cortex_m/libarch__arm__core__cortex_m.a(irq_manage.c.obj)
                0x000000000001de28                z_arm_irq_priority_set
 .text.z_prep_c
                0x000000000001de54       0x38 zephyr/arch/arch/arm/core/cortex_m/libarch__arm__core__cortex_m.a(prep_c.c.obj)
                0x000000000001de54                z_prep_c
 .text.arch_new_thread
                0x000000000001de8c       0x40 zephyr/arch/arch/arm/core/cortex_m/libarch__arm__core__cortex_m.a(thread.c.obj)
                0x000000000001de8c                arch_new_thread
 .text.arch_switch_to_main_thread
                0x000000000001decc       0x44 zephyr/arch/arch/arm/core/cortex_m/libarch__arm__core__cortex_m.a(thread.c.obj)
                0x000000000001decc                arch_switch_to_main_thread
 .text.z_arm_cpu_idle_init
                0x000000000001df10        0xc zephyr/arch/arch/arm/core/cortex_m/libarch__arm__core__cortex_m.a(cpu_idle.c.obj)
                0x000000000001df10                z_arm_cpu_idle_init
 .text.z_arm_interrupt_init
                0x000000000001df1c       0x18 zephyr/arch/arch/arm/core/cortex_m/libarch__arm__core__cortex_m.a(irq_init.c.obj)
                0x000000000001df1c                z_arm_interrupt_init
 .text._isr_wrapper
                0x000000000001df34       0x24 zephyr/arch/arch/arm/core/cortex_m/libarch__arm__core__cortex_m.a(isr_wrapper.c.obj)
                0x000000000001df34                _isr_wrapper
 .text.z_arm_configure_static_mpu_regions
                0x000000000001df58       0x38 zephyr/arch/arch/arm/core/mpu/libarch__arm__core__mpu.a(arm_core_mpu.c.obj)
                0x000000000001df58                z_arm_configure_static_mpu_regions
 .text.region_init
                0x000000000001df90       0x34 zephyr/arch/arch/arm/core/mpu/libarch__arm__core__mpu.a(arm_mpu.c.obj)
 .text.region_allocate_and_init
                0x000000000001dfc4       0x24 zephyr/arch/arch/arm/core/mpu/libarch__arm__core__mpu.a(arm_mpu.c.obj)
 .text.mpu_configure_regions_and_partition.constprop.0
                0x000000000001dfe8      0x148 zephyr/arch/arch/arm/core/mpu/libarch__arm__core__mpu.a(arm_mpu.c.obj)
 .text.arm_core_mpu_enable
                0x000000000001e130       0x18 zephyr/arch/arch/arm/core/mpu/libarch__arm__core__mpu.a(arm_mpu.c.obj)
                0x000000000001e130                arm_core_mpu_enable
 .text.arm_core_mpu_disable
                0x000000000001e148       0x14 zephyr/arch/arch/arm/core/mpu/libarch__arm__core__mpu.a(arm_mpu.c.obj)
                0x000000000001e148                arm_core_mpu_disable
 .text.arm_core_mpu_configure_static_mpu_regions
                0x000000000001e15c       0x14 zephyr/arch/arch/arm/core/mpu/libarch__arm__core__mpu.a(arm_mpu.c.obj)
                0x000000000001e15c                arm_core_mpu_configure_static_mpu_regions
 .text.arm_core_mpu_mark_areas_for_dynamic_regions
                0x000000000001e170       0xb8 zephyr/arch/arch/arm/core/mpu/libarch__arm__core__mpu.a(arm_mpu.c.obj)
                0x000000000001e170                arm_core_mpu_mark_areas_for_dynamic_regions
 .text.z_arm_mpu_init
                0x000000000001e228      0x11c zephyr/arch/arch/arm/core/mpu/libarch__arm__core__mpu.a(arm_mpu.c.obj)
                0x000000000001e228                z_arm_mpu_init
 .text.z_impl_zephyr_fputc
                0x000000000001e344       0x10 zephyr/lib/libc/picolibc/liblib__libc__picolibc.a(stdio.c.obj)
                0x000000000001e344                z_impl_zephyr_fputc
 .text.__stdout_hook_install
                0x000000000001e354       0x18 zephyr/lib/libc/picolibc/liblib__libc__picolibc.a(stdio.c.obj)
                0x000000000001e354                __stdout_hook_install
 .text.malloc_prepare
                0x000000000001e36c       0x24 zephyr/lib/libc/common/liblib__libc__common.a(malloc.c.obj)
 .text.rtc_pretick_init
                0x000000000001e390       0x60 zephyr/soc/soc/nrf5340/libsoc__nordic.a(soc.c.obj)
 .text.z_arm_on_enter_cpu_idle
                0x000000000001e3f0       0x68 zephyr/soc/soc/nrf5340/libsoc__nordic.a(soc.c.obj)
                0x000000000001e3f0                z_arm_on_enter_cpu_idle
 .text.arch_busy_wait
                0x000000000001e458       0x24 zephyr/soc/soc/nrf5340/libsoc__nordic.a(soc.c.obj)
                0x000000000001e458                arch_busy_wait
 .text.onoff_stop
                0x000000000001e47c       0x14 zephyr/soc/soc/nrf5340/libsoc__nordic.a(nrf53_cpunet_mgmt.c.obj)
 .text.nrf53_cpunet_mgmt_init
                0x000000000001e490       0x10 zephyr/soc/soc/nrf5340/libsoc__nordic.a(nrf53_cpunet_mgmt.c.obj)
 .text.onoff_start
                0x000000000001e4a0       0x70 zephyr/soc/soc/nrf5340/libsoc__nordic.a(nrf53_cpunet_mgmt.c.obj)
 .text.nrf53_cpunet_enable.part.0
                0x000000000001e510       0x28 zephyr/soc/soc/nrf5340/libsoc__nordic.a(nrf53_cpunet_mgmt.c.obj)
 .text.usbd_evt_put
                0x000000000001e538        0xc zephyr/drivers/usb/device/libdrivers__usb__device.a(usb_dc_nrfx.c.obj)
 .text.usbd_work_schedule
                0x000000000001e544       0x10 zephyr/drivers/usb/device/libdrivers__usb__device.a(usb_dc_nrfx.c.obj)
 .text.endpoint_ctx
                0x000000000001e554       0x60 zephyr/drivers/usb/device/libdrivers__usb__device.a(usb_dc_nrfx.c.obj)
 .text.usbd_evt_get
                0x000000000001e5b4       0x10 zephyr/drivers/usb/device/libdrivers__usb__device.a(usb_dc_nrfx.c.obj)
 .text.usb_init
                0x000000000001e5c4       0x78 zephyr/drivers/usb/device/libdrivers__usb__device.a(usb_dc_nrfx.c.obj)
 .text.hfxo_stop.constprop.0.isra.0
                0x000000000001e63c       0x38 zephyr/drivers/usb/device/libdrivers__usb__device.a(usb_dc_nrfx.c.obj)
 .text.eps_ctx_init
                0x000000000001e674       0x68 zephyr/drivers/usb/device/libdrivers__usb__device.a(usb_dc_nrfx.c.obj)
 .text.usbd_evt_flush
                0x000000000001e6dc       0x1c zephyr/drivers/usb/device/libdrivers__usb__device.a(usb_dc_nrfx.c.obj)
 .text.usbd_evt_alloc
                0x000000000001e6f8       0x44 zephyr/drivers/usb/device/libdrivers__usb__device.a(usb_dc_nrfx.c.obj)
 .text.submit_dc_power_event
                0x000000000001e73c       0x2c zephyr/drivers/usb/device/libdrivers__usb__device.a(usb_dc_nrfx.c.obj)
 .text.usb_dc_power_event_handler
                0x000000000001e768       0x38 zephyr/drivers/usb/device/libdrivers__usb__device.a(usb_dc_nrfx.c.obj)
 .text.usbd_event_transfer_data
                0x000000000001e7a0       0xa8 zephyr/drivers/usb/device/libdrivers__usb__device.a(usb_dc_nrfx.c.obj)
 .text.usbd_event_handler
                0x000000000001e848      0x11c zephyr/drivers/usb/device/libdrivers__usb__device.a(usb_dc_nrfx.c.obj)
 .text.usbd_work_handler
                0x000000000001e964      0x2d8 zephyr/drivers/usb/device/libdrivers__usb__device.a(usb_dc_nrfx.c.obj)
 .text.usb_dc_attach
                0x000000000001ec3c       0x64 zephyr/drivers/usb/device/libdrivers__usb__device.a(usb_dc_nrfx.c.obj)
                0x000000000001ec3c                usb_dc_attach
 .text.usb_dc_set_address
                0x000000000001eca0       0x24 zephyr/drivers/usb/device/libdrivers__usb__device.a(usb_dc_nrfx.c.obj)
                0x000000000001eca0                usb_dc_set_address
 .text.usb_dc_ep_configure
                0x000000000001ecc4       0x48 zephyr/drivers/usb/device/libdrivers__usb__device.a(usb_dc_nrfx.c.obj)
                0x000000000001ecc4                usb_dc_ep_configure
 .text.usb_dc_ep_set_stall
                0x000000000001ed0c       0x50 zephyr/drivers/usb/device/libdrivers__usb__device.a(usb_dc_nrfx.c.obj)
                0x000000000001ed0c                usb_dc_ep_set_stall
 .text.usb_dc_ep_clear_stall
                0x000000000001ed5c       0x40 zephyr/drivers/usb/device/libdrivers__usb__device.a(usb_dc_nrfx.c.obj)
                0x000000000001ed5c                usb_dc_ep_clear_stall
 .text.usb_dc_ep_is_stalled
                0x000000000001ed9c       0x38 zephyr/drivers/usb/device/libdrivers__usb__device.a(usb_dc_nrfx.c.obj)
                0x000000000001ed9c                usb_dc_ep_is_stalled
 .text.usb_dc_ep_enable
                0x000000000001edd4       0x54 zephyr/drivers/usb/device/libdrivers__usb__device.a(usb_dc_nrfx.c.obj)
                0x000000000001edd4                usb_dc_ep_enable
 .text.usb_dc_ep_write
                0x000000000001ee28       0xf8 zephyr/drivers/usb/device/libdrivers__usb__device.a(usb_dc_nrfx.c.obj)
                0x000000000001ee28                usb_dc_ep_write
 .text.usb_dc_ep_read_wait
                0x000000000001ef20       0x90 zephyr/drivers/usb/device/libdrivers__usb__device.a(usb_dc_nrfx.c.obj)
                0x000000000001ef20                usb_dc_ep_read_wait
 .text.usb_dc_ep_read_continue
                0x000000000001efb0       0x84 zephyr/drivers/usb/device/libdrivers__usb__device.a(usb_dc_nrfx.c.obj)
                0x000000000001efb0                usb_dc_ep_read_continue
 .text.usb_dc_ep_set_callback
                0x000000000001f034       0x28 zephyr/drivers/usb/device/libdrivers__usb__device.a(usb_dc_nrfx.c.obj)
                0x000000000001f034                usb_dc_ep_set_callback
 .text.usb_dc_set_status_callback
                0x000000000001f05c        0xc zephyr/drivers/usb/device/libdrivers__usb__device.a(usb_dc_nrfx.c.obj)
                0x000000000001f05c                usb_dc_set_status_callback
 .text.usb_dc_ep_mps
                0x000000000001f068       0x24 zephyr/drivers/usb/device/libdrivers__usb__device.a(usb_dc_nrfx.c.obj)
                0x000000000001f068                usb_dc_ep_mps
 .text.ep_state_access
                0x000000000001f08c       0x20 zephyr/drivers/usb/common/nrf_usbd_common/libdrivers__usb__common__nrf_usbd_common.a(nrf_usbd_common.c.obj)
 .text.nrf_usbd_common_uninit
                0x000000000001f0ac       0x14 zephyr/drivers/usb/common/nrf_usbd_common/libdrivers__usb__common__nrf_usbd_common.a(nrf_usbd_common.c.obj)
                0x000000000001f0ac                nrf_usbd_common_uninit
 .text.nrf_usbd_common_enable
                0x000000000001f0c0       0x64 zephyr/drivers/usb/common/nrf_usbd_common/libdrivers__usb__common__nrf_usbd_common.a(nrf_usbd_common.c.obj)
                0x000000000001f0c0                nrf_usbd_common_enable
 .text.nrf_usbd_common_start
                0x000000000001f124       0x38 zephyr/drivers/usb/common/nrf_usbd_common/libdrivers__usb__common__nrf_usbd_common.a(nrf_usbd_common.c.obj)
                0x000000000001f124                nrf_usbd_common_start
 .text.nrf_usbd_common_is_enabled
                0x000000000001f15c       0x14 zephyr/drivers/usb/common/nrf_usbd_common/libdrivers__usb__common__nrf_usbd_common.a(nrf_usbd_common.c.obj)
                0x000000000001f15c                nrf_usbd_common_is_enabled
 .text.nrf_usbd_common_suspend
                0x000000000001f170       0x6c zephyr/drivers/usb/common/nrf_usbd_common/libdrivers__usb__common__nrf_usbd_common.a(nrf_usbd_common.c.obj)
                0x000000000001f170                nrf_usbd_common_suspend
 .text.nrf_usbd_common_init
                0x000000000001f1dc       0x84 zephyr/drivers/usb/common/nrf_usbd_common/libdrivers__usb__common__nrf_usbd_common.a(nrf_usbd_common.c.obj)
                0x000000000001f1dc                nrf_usbd_common_init
 .text.nrf_usbd_common_ep_enable_check
                0x000000000001f260       0x28 zephyr/drivers/usb/common/nrf_usbd_common/libdrivers__usb__common__nrf_usbd_common.a(nrf_usbd_common.c.obj)
                0x000000000001f260                nrf_usbd_common_ep_enable_check
 .text.nrf_usbd_common_ep_transfer
                0x000000000001f288       0x9c zephyr/drivers/usb/common/nrf_usbd_common/libdrivers__usb__common__nrf_usbd_common.a(nrf_usbd_common.c.obj)
                0x000000000001f288                nrf_usbd_common_ep_transfer
 .text.nrf_usbd_common_epout_size_get
                0x000000000001f324       0x28 zephyr/drivers/usb/common/nrf_usbd_common/libdrivers__usb__common__nrf_usbd_common.a(nrf_usbd_common.c.obj)
                0x000000000001f324                nrf_usbd_common_epout_size_get
 .text.nrf_usbd_common_irq_handler
                0x000000000001f34c      0x48c zephyr/drivers/usb/common/nrf_usbd_common/libdrivers__usb__common__nrf_usbd_common.a(nrf_usbd_common.c.obj)
                0x000000000001f34c                nrf_usbd_common_irq_handler
 .text.nrf_usbd_common_ep_stall
                0x000000000001f7d8       0x10 zephyr/drivers/usb/common/nrf_usbd_common/libdrivers__usb__common__nrf_usbd_common.a(nrf_usbd_common.c.obj)
                0x000000000001f7d8                nrf_usbd_common_ep_stall
 .text.nrf_usbd_common_ep_stall_check
                0x000000000001f7e8       0x34 zephyr/drivers/usb/common/nrf_usbd_common/libdrivers__usb__common__nrf_usbd_common.a(nrf_usbd_common.c.obj)
                0x000000000001f7e8                nrf_usbd_common_ep_stall_check
 .text.nrf_usbd_common_ep_dtoggle_clear
                0x000000000001f81c       0x14 zephyr/drivers/usb/common/nrf_usbd_common/libdrivers__usb__common__nrf_usbd_common.a(nrf_usbd_common.c.obj)
                0x000000000001f81c                nrf_usbd_common_ep_dtoggle_clear
 .text.nrf_usbd_common_setup_get
                0x000000000001f830       0x44 zephyr/drivers/usb/common/nrf_usbd_common/libdrivers__usb__common__nrf_usbd_common.a(nrf_usbd_common.c.obj)
                0x000000000001f830                nrf_usbd_common_setup_get
 .text.nrf_usbd_common_setup_data_clear
                0x000000000001f874        0xc zephyr/drivers/usb/common/nrf_usbd_common/libdrivers__usb__common__nrf_usbd_common.a(nrf_usbd_common.c.obj)
                0x000000000001f874                nrf_usbd_common_setup_data_clear
 .text.nrf_usbd_common_setup_clear
                0x000000000001f880        0xc zephyr/drivers/usb/common/nrf_usbd_common/libdrivers__usb__common__nrf_usbd_common.a(nrf_usbd_common.c.obj)
                0x000000000001f880                nrf_usbd_common_setup_clear
 .text.nrf_usbd_common_setup_stall
                0x000000000001f88c        0xc zephyr/drivers/usb/common/nrf_usbd_common/libdrivers__usb__common__nrf_usbd_common.a(nrf_usbd_common.c.obj)
                0x000000000001f88c                nrf_usbd_common_setup_stall
 .text.nrf_usbd_common_last_setup_dir_get
                0x000000000001f898        0xc zephyr/drivers/usb/common/nrf_usbd_common/libdrivers__usb__common__nrf_usbd_common.a(nrf_usbd_common.c.obj)
                0x000000000001f898                nrf_usbd_common_last_setup_dir_get
 .text.nrf_usbd_common_transfer_out_drop
                0x000000000001f8a4       0x4c zephyr/drivers/usb/common/nrf_usbd_common/libdrivers__usb__common__nrf_usbd_common.a(nrf_usbd_common.c.obj)
                0x000000000001f8a4                nrf_usbd_common_transfer_out_drop
 .text.usbd_ep_abort
                0x000000000001f8f0       0xf0 zephyr/drivers/usb/common/nrf_usbd_common/libdrivers__usb__common__nrf_usbd_common.a(nrf_usbd_common.c.obj)
 .text.nrf_usbd_common_ep_abort
                0x000000000001f9e0       0x34 zephyr/drivers/usb/common/nrf_usbd_common/libdrivers__usb__common__nrf_usbd_common.a(nrf_usbd_common.c.obj)
                0x000000000001f9e0                nrf_usbd_common_ep_abort
 .text.nrf_usbd_common_disable
                0x000000000001fa14       0xd0 zephyr/drivers/usb/common/nrf_usbd_common/libdrivers__usb__common__nrf_usbd_common.a(nrf_usbd_common.c.obj)
                0x000000000001fa14                nrf_usbd_common_disable
 .text.nrf_usbd_common_ep_disable
                0x000000000001fae4       0x60 zephyr/drivers/usb/common/nrf_usbd_common/libdrivers__usb__common__nrf_usbd_common.a(nrf_usbd_common.c.obj)
                0x000000000001fae4                nrf_usbd_common_ep_disable
 .text.nrf_usbd_common_ep_enable
                0x000000000001fb44       0x70 zephyr/drivers/usb/common/nrf_usbd_common/libdrivers__usb__common__nrf_usbd_common.a(nrf_usbd_common.c.obj)
                0x000000000001fb44                nrf_usbd_common_ep_enable
 .text.nrf_usbd_common_ep_stall_clear
                0x000000000001fbb4       0x20 zephyr/drivers/usb/common/nrf_usbd_common/libdrivers__usb__common__nrf_usbd_common.a(nrf_usbd_common.c.obj)
                0x000000000001fbb4                nrf_usbd_common_ep_stall_clear
 .text.onoff_stop
                0x000000000001fbd4       0x30 zephyr/drivers/clock_control/libdrivers__clock_control.a(clock_control_nrf.c.obj)
 .text.onoff_start
                0x000000000001fc04       0x44 zephyr/drivers/clock_control/libdrivers__clock_control.a(clock_control_nrf.c.obj)
 .text.generic_hfclk_stop
                0x000000000001fc48       0x34 zephyr/drivers/clock_control/libdrivers__clock_control.a(clock_control_nrf.c.obj)
 .text.clk_init
                0x000000000001fc7c       0x64 zephyr/drivers/clock_control/libdrivers__clock_control.a(clock_control_nrf.c.obj)
 .text.api_blocking_start
                0x000000000001fce0       0x34 zephyr/drivers/clock_control/libdrivers__clock_control.a(clock_control_nrf.c.obj)
 .text.clkstarted_handle.constprop.0
                0x000000000001fd14       0x4c zephyr/drivers/clock_control/libdrivers__clock_control.a(clock_control_nrf.c.obj)
 .text.generic_hfclk_start
                0x000000000001fd60       0x7c zephyr/drivers/clock_control/libdrivers__clock_control.a(clock_control_nrf.c.obj)
 .text.clock_event_handler
                0x000000000001fddc       0x34 zephyr/drivers/clock_control/libdrivers__clock_control.a(clock_control_nrf.c.obj)
 .text.z_nrf_clock_control_get_onoff
                0x000000000001fe10       0x10 zephyr/drivers/clock_control/libdrivers__clock_control.a(clock_control_nrf.c.obj)
                0x000000000001fe10                z_nrf_clock_control_get_onoff
 .text.z_nrf_clock_control_lf_on
                0x000000000001fe20       0xf4 zephyr/drivers/clock_control/libdrivers__clock_control.a(clock_control_nrf.c.obj)
                0x000000000001fe20                z_nrf_clock_control_lf_on
 .text.uart_console_init
                0x000000000001ff14       0x28 zephyr/drivers/console/libdrivers__console.a(uart_console.c.obj)
 .text.console_out
                0x000000000001ff3c       0x28 zephyr/drivers/console/libdrivers__console.a(uart_console.c.obj)
 .text.gpio_nrfx_pin_interrupt_configure
                0x000000000001ff64      0x100 zephyr/drivers/gpio/libdrivers__gpio.a(gpio_nrfx.c.obj)
 .text.gpio_nrfx_init
                0x0000000000020064       0x48 zephyr/drivers/gpio/libdrivers__gpio.a(gpio_nrfx.c.obj)
 .text.nrfx_gpio_handler
                0x00000000000200ac       0x4c zephyr/drivers/gpio/libdrivers__gpio.a(gpio_nrfx.c.obj)
 .text.gpio_nrfx_pin_configure
                0x00000000000200f8      0x188 zephyr/drivers/gpio/libdrivers__gpio.a(gpio_nrfx.c.obj)
 .text.z_impl_hwinfo_get_device_id
                0x0000000000020280       0x3c zephyr/drivers/hwinfo/libdrivers__hwinfo.a(hwinfo_nrf.c.obj)
                0x0000000000020280                z_impl_hwinfo_get_device_id
 .text.event_handler
                0x00000000000202bc       0x38 zephyr/drivers/i2c/libdrivers__i2c.a(i2c_nrfx_twim.c.obj)
 .text.i2c_nrfx_twim_transfer
                0x00000000000202f4      0x14c zephyr/drivers/i2c/libdrivers__i2c.a(i2c_nrfx_twim.c.obj)
 .text.i2c_nrfx_twim_recover_bus
                0x0000000000020440       0x40 zephyr/drivers/i2c/libdrivers__i2c.a(i2c_nrfx_twim_common.c.obj)
                0x0000000000020440                i2c_nrfx_twim_recover_bus
 .text.i2c_nrfx_twim_msg_transfer
                0x0000000000020480       0x6c zephyr/drivers/i2c/libdrivers__i2c.a(i2c_nrfx_twim_common.c.obj)
                0x0000000000020480                i2c_nrfx_twim_msg_transfer
 .text.i2c_nrfx_twim_common_init
                0x00000000000204ec       0x40 zephyr/drivers/i2c/libdrivers__i2c.a(i2c_nrfx_twim_common.c.obj)
                0x00000000000204ec                i2c_nrfx_twim_common_init
 .text.nrf_gpio_pin_port_decode
                0x000000000002052c       0x24 zephyr/drivers/pinctrl/libdrivers__pinctrl.a(pinctrl_nrf.c.obj)
 .text.pinctrl_configure_pins
                0x0000000000020550      0x18c zephyr/drivers/pinctrl/libdrivers__pinctrl.a(pinctrl_nrf.c.obj)
                0x0000000000020550                pinctrl_configure_pins
 .text.regulator_delay
                0x00000000000206dc       0x2c zephyr/drivers/regulator/libdrivers__regulator.a(regulator_common.c.obj)
 .text.transfer_next_chunk
                0x0000000000020708       0xd0 zephyr/drivers/spi/libdrivers__spi.a(spi_nrfx_spim.c.obj)
 .text.spi_nrfx_transceive
                0x00000000000207d8      0x354 zephyr/drivers/spi/libdrivers__spi.a(spi_nrfx_spim.c.obj)
 .text.nrf_gpio_cfg_input
                0x0000000000020b2c       0x40 zephyr/drivers/spi/libdrivers__spi.a(spi_nrfx_common.c.obj)
 .text.spi_nrfx_wake_init
                0x0000000000020b6c       0x60 zephyr/drivers/spi/libdrivers__spi.a(spi_nrfx_common.c.obj)
                0x0000000000020b6c                spi_nrfx_wake_init
 .text.compare_int_lock
                0x0000000000020bcc       0x40 zephyr/drivers/timer/libdrivers__timer.a(nrf_rtc_timer.c.obj)
 .text.sys_clock_timeout_handler
                0x0000000000020c0c       0x48 zephyr/drivers/timer/libdrivers__timer.a(nrf_rtc_timer.c.obj)
 .text.compare_int_unlock
                0x0000000000020c54       0x4c zephyr/drivers/timer/libdrivers__timer.a(nrf_rtc_timer.c.obj)
 .text.z_nrf_rtc_timer_read
                0x0000000000020ca0       0x44 zephyr/drivers/timer/libdrivers__timer.a(nrf_rtc_timer.c.obj)
                0x0000000000020ca0                z_nrf_rtc_timer_read
 .text.compare_set
                0x0000000000020ce4      0x124 zephyr/drivers/timer/libdrivers__timer.a(nrf_rtc_timer.c.obj)
 .text.sys_clock_driver_init
                0x0000000000020e08       0x90 zephyr/drivers/timer/libdrivers__timer.a(nrf_rtc_timer.c.obj)
 .text.rtc_nrf_isr
                0x0000000000020e98       0xd0 zephyr/drivers/timer/libdrivers__timer.a(nrf_rtc_timer.c.obj)
                0x0000000000020e98                rtc_nrf_isr
 .text.sys_clock_set_timeout
                0x0000000000020f68       0x5c zephyr/drivers/timer/libdrivers__timer.a(nrf_rtc_timer.c.obj)
                0x0000000000020f68                sys_clock_set_timeout
 .text.sys_clock_elapsed
                0x0000000000020fc4       0x14 zephyr/drivers/timer/libdrivers__timer.a(nrf_rtc_timer.c.obj)
                0x0000000000020fc4                sys_clock_elapsed
 .text.ns_fault_init
                0x0000000000020fd8       0x10 modules/nrf/modules/trusted-firmware-m/lib..__nrf__modules__trusted-firmware-m.a(fault.c.obj)
 .text.arm_fault
                0x0000000000020fe8       0xbc modules/nrf/modules/trusted-firmware-m/lib..__nrf__modules__trusted-firmware-m.a(fault.c.obj)
                0x0000000000020fe8                arm_fault
 .text.tfm_ns_fault_handler_callback
                0x00000000000210a4       0x48 modules/nrf/modules/trusted-firmware-m/lib..__nrf__modules__trusted-firmware-m.a(fault.c.obj)
                0x00000000000210a4                tfm_ns_fault_handler_callback
 .text.tfm_ns_interface_dispatch
                0x00000000000210ec       0x64 modules/trusted-firmware-m/libtfm_api.a(interface.c.obj)
                0x00000000000210ec                tfm_ns_interface_dispatch
 .text.tfm_platform_ioctl
                0x0000000000021150       0x4c modules/trusted-firmware-m/libtfm_api.a(tfm_platform_api.c.obj)
                0x0000000000021150                tfm_platform_ioctl
 .text.psa_call
                0x000000000002119c       0x34 modules/trusted-firmware-m/libtfm_api.a(tfm_tz_psa_ns_api.c.obj)
                0x000000000002119c                psa_call
 .text.nrfx_flag32_alloc
                0x00000000000211d0       0x40 modules/hal_nordic/modules/hal_nordic/nrfx/libmodules__hal_nordic__nrfx.a(nrfx_flag32_allocator.c.obj)
                0x00000000000211d0                nrfx_flag32_alloc
 .text.nrfx_flag32_free
                0x0000000000021210       0x38 modules/hal_nordic/modules/hal_nordic/nrfx/libmodules__hal_nordic__nrfx.a(nrfx_flag32_allocator.c.obj)
                0x0000000000021210                nrfx_flag32_free
 .text.nrfx_gppi_channels_enable
                0x0000000000021248        0xc modules/hal_nordic/modules/hal_nordic/nrfx/libmodules__hal_nordic__nrfx.a(nrfx_gppi_dppi.c.obj)
                0x0000000000021248                nrfx_gppi_channels_enable
 .text.nrfx_gppi_channel_alloc
                0x0000000000021254        0xc modules/hal_nordic/modules/hal_nordic/nrfx/libmodules__hal_nordic__nrfx.a(nrfx_gppi_dppi.c.obj)
                0x0000000000021254                nrfx_gppi_channel_alloc
 .text.clock_stop
                0x0000000000021260       0xfc modules/hal_nordic/modules/hal_nordic/nrfx/libmodules__hal_nordic__nrfx.a(nrfx_clock.c.obj)
 .text.nrfx_clock_init
                0x000000000002135c       0x20 modules/hal_nordic/modules/hal_nordic/nrfx/libmodules__hal_nordic__nrfx.a(nrfx_clock.c.obj)
                0x000000000002135c                nrfx_clock_init
 .text.nrfx_clock_enable
                0x000000000002137c       0x38 modules/hal_nordic/modules/hal_nordic/nrfx/libmodules__hal_nordic__nrfx.a(nrfx_clock.c.obj)
                0x000000000002137c                nrfx_clock_enable
 .text.nrfx_clock_start
                0x00000000000213b4       0xd8 modules/hal_nordic/modules/hal_nordic/nrfx/libmodules__hal_nordic__nrfx.a(nrfx_clock.c.obj)
                0x00000000000213b4                nrfx_clock_start
 .text.nrfx_clock_irq_handler
                0x000000000002148c       0x74 modules/hal_nordic/modules/hal_nordic/nrfx/libmodules__hal_nordic__nrfx.a(nrfx_clock.c.obj)
                0x000000000002148c                nrfx_clock_irq_handler
 .text.nrfx_dppi_channel_alloc
                0x0000000000021500       0x10 modules/hal_nordic/modules/hal_nordic/nrfx/libmodules__hal_nordic__nrfx.a(nrfx_dppi.c.obj)
                0x0000000000021500                nrfx_dppi_channel_alloc
 .text.nrf_gpio_pin_port_decode
                0x0000000000021510       0x24 modules/hal_nordic/modules/hal_nordic/nrfx/libmodules__hal_nordic__nrfx.a(nrfx_gpiote.c.obj)
 .text.get_pin_idx
                0x0000000000021534       0x14 modules/hal_nordic/modules/hal_nordic/nrfx/libmodules__hal_nordic__nrfx.a(nrfx_gpiote.c.obj)
 .text.call_handler.constprop.0
                0x0000000000021548       0x40 modules/hal_nordic/modules/hal_nordic/nrfx/libmodules__hal_nordic__nrfx.a(nrfx_gpiote.c.obj)
 .text.pin_te_get.constprop.0
                0x0000000000021588       0x18 modules/hal_nordic/modules/hal_nordic/nrfx/libmodules__hal_nordic__nrfx.a(nrfx_gpiote.c.obj)
 .text.pin_is_output.constprop.0
                0x00000000000215a0       0x18 modules/hal_nordic/modules/hal_nordic/nrfx/libmodules__hal_nordic__nrfx.a(nrfx_gpiote.c.obj)
 .text.pin_in_use_by_te.constprop.0
                0x00000000000215b8       0x18 modules/hal_nordic/modules/hal_nordic/nrfx/libmodules__hal_nordic__nrfx.a(nrfx_gpiote.c.obj)
 .text.latch_pending_read_and_check
                0x00000000000215d0       0x3c modules/hal_nordic/modules/hal_nordic/nrfx/libmodules__hal_nordic__nrfx.a(nrfx_gpiote.c.obj)
 .text.release_handler.isra.0
                0x000000000002160c       0x58 modules/hal_nordic/modules/hal_nordic/nrfx/libmodules__hal_nordic__nrfx.a(nrfx_gpiote.c.obj)
 .text.__nrfy_internal_gpiote_events_process.constprop.0
                0x0000000000021664       0x5c modules/hal_nordic/modules/hal_nordic/nrfx/libmodules__hal_nordic__nrfx.a(nrfx_gpiote.c.obj)
 .text.pin_uninit
                0x00000000000216c0       0x84 modules/hal_nordic/modules/hal_nordic/nrfx/libmodules__hal_nordic__nrfx.a(nrfx_gpiote.c.obj)
 .text.nrfx_gpiote_input_configure
                0x0000000000021744      0x178 modules/hal_nordic/modules/hal_nordic/nrfx/libmodules__hal_nordic__nrfx.a(nrfx_gpiote.c.obj)
                0x0000000000021744                nrfx_gpiote_input_configure
 .text.nrfx_gpiote_output_configure
                0x00000000000218bc      0x104 modules/hal_nordic/modules/hal_nordic/nrfx/libmodules__hal_nordic__nrfx.a(nrfx_gpiote.c.obj)
                0x00000000000218bc                nrfx_gpiote_output_configure
 .text.nrfx_gpiote_global_callback_set
                0x00000000000219c0        0xc modules/hal_nordic/modules/hal_nordic/nrfx/libmodules__hal_nordic__nrfx.a(nrfx_gpiote.c.obj)
                0x00000000000219c0                nrfx_gpiote_global_callback_set
 .text.nrfx_gpiote_channel_get
                0x00000000000219cc       0x34 modules/hal_nordic/modules/hal_nordic/nrfx/libmodules__hal_nordic__nrfx.a(nrfx_gpiote.c.obj)
                0x00000000000219cc                nrfx_gpiote_channel_get
 .text.nrfx_gpiote_init
                0x0000000000021a00       0x64 modules/hal_nordic/modules/hal_nordic/nrfx/libmodules__hal_nordic__nrfx.a(nrfx_gpiote.c.obj)
                0x0000000000021a00                nrfx_gpiote_init
 .text.nrfx_gpiote_init_check
                0x0000000000021a64       0x14 modules/hal_nordic/modules/hal_nordic/nrfx/libmodules__hal_nordic__nrfx.a(nrfx_gpiote.c.obj)
                0x0000000000021a64                nrfx_gpiote_init_check
 .text.nrfx_gpiote_channel_free
                0x0000000000021a78        0xc modules/hal_nordic/modules/hal_nordic/nrfx/libmodules__hal_nordic__nrfx.a(nrfx_gpiote.c.obj)
                0x0000000000021a78                nrfx_gpiote_channel_free
 .text.nrfx_gpiote_channel_alloc
                0x0000000000021a84        0xc modules/hal_nordic/modules/hal_nordic/nrfx/libmodules__hal_nordic__nrfx.a(nrfx_gpiote.c.obj)
                0x0000000000021a84                nrfx_gpiote_channel_alloc
 .text.nrfx_gpiote_trigger_enable
                0x0000000000021a90       0xac modules/hal_nordic/modules/hal_nordic/nrfx/libmodules__hal_nordic__nrfx.a(nrfx_gpiote.c.obj)
                0x0000000000021a90                nrfx_gpiote_trigger_enable
 .text.nrfx_gpiote_1_irq_handler
                0x0000000000021b3c      0x1b8 modules/hal_nordic/modules/hal_nordic/nrfx/libmodules__hal_nordic__nrfx.a(nrfx_gpiote.c.obj)
                0x0000000000021b3c                nrfx_gpiote_1_irq_handler
 .text.nrfx_power_init
                0x0000000000021cf4       0x48 modules/hal_nordic/modules/hal_nordic/nrfx/libmodules__hal_nordic__nrfx.a(nrfx_power.c.obj)
                0x0000000000021cf4                nrfx_power_init
 .text.nrfx_power_irq_handler
                0x0000000000021d3c       0x70 modules/hal_nordic/modules/hal_nordic/nrfx/libmodules__hal_nordic__nrfx.a(nrfx_power.c.obj)
                0x0000000000021d3c                nrfx_power_irq_handler
 .text.nrf_gpio_pin_port_decode
                0x0000000000021dac       0x24 modules/hal_nordic/modules/hal_nordic/nrfx/libmodules__hal_nordic__nrfx.a(nrfx_spim.c.obj)
 .text.spim_configuration_verify
                0x0000000000021dd0       0xf8 modules/hal_nordic/modules/hal_nordic/nrfx/libmodules__hal_nordic__nrfx.a(nrfx_spim.c.obj)
 .text.pin_init
                0x0000000000021ec8       0x50 modules/hal_nordic/modules/hal_nordic/nrfx/libmodules__hal_nordic__nrfx.a(nrfx_spim.c.obj)
 .text.spim_configure
                0x0000000000021f18      0x240 modules/hal_nordic/modules/hal_nordic/nrfx/libmodules__hal_nordic__nrfx.a(nrfx_spim.c.obj)
 .text.spim_pin_uninit
                0x0000000000022158       0x30 modules/hal_nordic/modules/hal_nordic/nrfx/libmodules__hal_nordic__nrfx.a(nrfx_spim.c.obj)
 .text.nrfx_spim_init
                0x0000000000022188       0x68 modules/hal_nordic/modules/hal_nordic/nrfx/libmodules__hal_nordic__nrfx.a(nrfx_spim.c.obj)
                0x0000000000022188                nrfx_spim_init
 .text.nrfx_spim_uninit
                0x00000000000221f0       0x90 modules/hal_nordic/modules/hal_nordic/nrfx/libmodules__hal_nordic__nrfx.a(nrfx_spim.c.obj)
                0x00000000000221f0                nrfx_spim_uninit
 .text.nrfx_spim_xfer
                0x0000000000022280      0x168 modules/hal_nordic/modules/hal_nordic/nrfx/libmodules__hal_nordic__nrfx.a(nrfx_spim.c.obj)
                0x0000000000022280                nrfx_spim_xfer
 .text.nrfx_spim_3_irq_handler
                0x00000000000223e8       0x10 modules/hal_nordic/modules/hal_nordic/nrfx/libmodules__hal_nordic__nrfx.a(nrfx_spim.c.obj)
                0x00000000000223e8                nrfx_spim_3_irq_handler
 .text.nrfx_spim_4_irq_handler
                0x00000000000223f8       0x10 modules/hal_nordic/modules/hal_nordic/nrfx/libmodules__hal_nordic__nrfx.a(nrfx_spim.c.obj)
                0x00000000000223f8                nrfx_spim_4_irq_handler
 .text.nrf_gpio_cfg.constprop.0
                0x0000000000022408       0x48 modules/hal_nordic/modules/hal_nordic/nrfx/libmodules__hal_nordic__nrfx.a(nrfx_twim.c.obj)
 .text.twim_configure
                0x0000000000022450       0x3c modules/hal_nordic/modules/hal_nordic/nrfx/libmodules__hal_nordic__nrfx.a(nrfx_twim.c.obj)
 .text.nrfx_twim_init
                0x000000000002248c       0x74 modules/hal_nordic/modules/hal_nordic/nrfx/libmodules__hal_nordic__nrfx.a(nrfx_twim.c.obj)
                0x000000000002248c                nrfx_twim_init
 .text.nrfx_twim_enable
                0x0000000000022500       0x20 modules/hal_nordic/modules/hal_nordic/nrfx/libmodules__hal_nordic__nrfx.a(nrfx_twim.c.obj)
                0x0000000000022500                nrfx_twim_enable
 .text.nrfx_twim_disable
                0x0000000000022520       0x3c modules/hal_nordic/modules/hal_nordic/nrfx/libmodules__hal_nordic__nrfx.a(nrfx_twim.c.obj)
                0x0000000000022520                nrfx_twim_disable
 .text.nrfx_twim_xfer
                0x000000000002255c      0x350 modules/hal_nordic/modules/hal_nordic/nrfx/libmodules__hal_nordic__nrfx.a(nrfx_twim.c.obj)
                0x000000000002255c                nrfx_twim_xfer
 .text.nrfx_twim_1_irq_handler
                0x00000000000228ac      0x188 modules/hal_nordic/modules/hal_nordic/nrfx/libmodules__hal_nordic__nrfx.a(nrfx_twim.c.obj)
                0x00000000000228ac                nrfx_twim_1_irq_handler
 .text.nrfx_usbreg_enable
                0x0000000000022a34       0x10 modules/hal_nordic/modules/hal_nordic/nrfx/libmodules__hal_nordic__nrfx.a(nrfx_usbreg.c.obj)
                0x0000000000022a34                nrfx_usbreg_enable
 .text.nrfx_usbreg_disable
                0x0000000000022a44       0x10 modules/hal_nordic/modules/hal_nordic/nrfx/libmodules__hal_nordic__nrfx.a(nrfx_usbreg.c.obj)
                0x0000000000022a44                nrfx_usbreg_disable
 .text.nrfx_usbreg_uninit
                0x0000000000022a54       0x20 modules/hal_nordic/modules/hal_nordic/nrfx/libmodules__hal_nordic__nrfx.a(nrfx_usbreg.c.obj)
                0x0000000000022a54                nrfx_usbreg_uninit
 .text.nrfx_usbreg_init
                0x0000000000022a74       0x28 modules/hal_nordic/modules/hal_nordic/nrfx/libmodules__hal_nordic__nrfx.a(nrfx_usbreg.c.obj)
                0x0000000000022a74                nrfx_usbreg_init
 .text.nrfx_usbreg_irq_handler
                0x0000000000022a9c       0x50 modules/hal_nordic/modules/hal_nordic/nrfx/libmodules__hal_nordic__nrfx.a(nrfx_usbreg.c.obj)
                0x0000000000022a9c                nrfx_usbreg_irq_handler
 .text.nrf_gpio_pin_port_decode
                0x0000000000022aec       0x24 modules/hal_nordic/modules/hal_nordic/nrfx/libmodules__hal_nordic__nrfx.a(nrfx_twi_twim.c.obj)
 .text.nrfx_twi_twim_bus_recover
                0x0000000000022b10       0xd4 modules/hal_nordic/modules/hal_nordic/nrfx/libmodules__hal_nordic__nrfx.a(nrfx_twi_twim.c.obj)
                0x0000000000022b10                nrfx_twi_twim_bus_recover
 .text.z_fatal_error
                0x0000000000022be4       0x30 zephyr/kernel/libkernel.a(fatal.c.obj)
                0x0000000000022be4                z_fatal_error
 .text.z_sys_init_run_level
                0x0000000000022c14       0x2c zephyr/kernel/libkernel.a(init.c.obj)
 .text.bg_thread_main
                0x0000000000022c40       0xc4 zephyr/kernel/libkernel.a(init.c.obj)
 .text.z_bss_zero
                0x0000000000022d04       0x18 zephyr/kernel/libkernel.a(init.c.obj)
                0x0000000000022d04                z_bss_zero
 .text.z_init_cpu
                0x0000000000022d1c       0x70 zephyr/kernel/libkernel.a(init.c.obj)
                0x0000000000022d1c                z_init_cpu
 .text.z_cstart
                0x0000000000022d8c       0xdc zephyr/kernel/libkernel.a(init.c.obj)
                0x0000000000022d8c                z_cstart
 .text.init_mem_slab_obj_core_list
                0x0000000000022e68       0x24 zephyr/kernel/libkernel.a(mem_slab.c.obj)
 .text.k_mem_slab_alloc
                0x0000000000022e8c       0x5c zephyr/kernel/libkernel.a(mem_slab.c.obj)
                0x0000000000022e8c                k_mem_slab_alloc
 .text.z_impl_k_mutex_lock
                0x0000000000022ee8       0xf0 zephyr/kernel/libkernel.a(mutex.c.obj)
                0x0000000000022ee8                z_impl_k_mutex_lock
 .text.z_impl_k_mutex_unlock
                0x0000000000022fd8       0xa0 zephyr/kernel/libkernel.a(mutex.c.obj)
                0x0000000000022fd8                z_impl_k_mutex_unlock
 .text.z_impl_k_queue_get
                0x0000000000023078       0x64 zephyr/kernel/libkernel.a(queue.c.obj)
                0x0000000000023078                z_impl_k_queue_get
 .text.z_impl_k_sem_give
                0x00000000000230dc       0x68 zephyr/kernel/libkernel.a(sem.c.obj)
                0x00000000000230dc                z_impl_k_sem_give
 .text.z_impl_k_sem_take
                0x0000000000023144       0x4c zephyr/kernel/libkernel.a(sem.c.obj)
                0x0000000000023144                z_impl_k_sem_take
 .text.z_impl_k_sem_reset
                0x0000000000023190       0x60 zephyr/kernel/libkernel.a(sem.c.obj)
                0x0000000000023190                z_impl_k_sem_reset
 .text.work_queue_main
                0x00000000000231f0      0x14c zephyr/kernel/libkernel.a(work.c.obj)
 .text.submit_to_queue_locked
                0x000000000002333c       0xb4 zephyr/kernel/libkernel.a(work.c.obj)
 .text.k_work_queue_start
                0x00000000000233f0       0x7c zephyr/kernel/libkernel.a(work.c.obj)
                0x00000000000233f0                k_work_queue_start
 .text.k_work_schedule_for_queue
                0x000000000002346c       0x54 zephyr/kernel/libkernel.a(work.c.obj)
                0x000000000002346c                k_work_schedule_for_queue
 .text.z_impl_k_thread_name_set
                0x00000000000234c0       0x20 zephyr/kernel/libkernel.a(thread.c.obj)
                0x00000000000234c0                z_impl_k_thread_name_set
 .text.z_setup_new_thread
                0x00000000000234e0       0xcc zephyr/kernel/libkernel.a(thread.c.obj)
                0x00000000000234e0                z_setup_new_thread
 .text.z_impl_k_thread_create
                0x00000000000235ac       0x58 zephyr/kernel/libkernel.a(thread.c.obj)
                0x00000000000235ac                z_impl_k_thread_create
 .text.z_swap_irqlock
                0x0000000000023604       0x34 zephyr/kernel/libkernel.a(sched.c.obj)
 .text.ready_thread
                0x0000000000023638       0x90 zephyr/kernel/libkernel.a(sched.c.obj)
 .text.unready_thread
                0x00000000000236c8       0x54 zephyr/kernel/libkernel.a(sched.c.obj)
 .text.move_thread_to_end_of_prio_q
                0x000000000002371c       0x90 zephyr/kernel/libkernel.a(sched.c.obj)
                0x000000000002371c                move_thread_to_end_of_prio_q
 .text.z_pend_curr
                0x00000000000237ac       0x58 zephyr/kernel/libkernel.a(sched.c.obj)
                0x00000000000237ac                z_pend_curr
 .text.z_thread_prio_set
                0x0000000000023804       0x9c zephyr/kernel/libkernel.a(sched.c.obj)
                0x0000000000023804                z_thread_prio_set
 .text.z_reschedule
                0x00000000000238a0       0x24 zephyr/kernel/libkernel.a(sched.c.obj)
                0x00000000000238a0                z_reschedule
 .text.z_reschedule_irqlock
                0x00000000000238c4       0x28 zephyr/kernel/libkernel.a(sched.c.obj)
                0x00000000000238c4                z_reschedule_irqlock
 .text.k_sched_lock
                0x00000000000238ec       0x28 zephyr/kernel/libkernel.a(sched.c.obj)
                0x00000000000238ec                k_sched_lock
 .text.k_sched_unlock
                0x0000000000023914       0x68 zephyr/kernel/libkernel.a(sched.c.obj)
                0x0000000000023914                k_sched_unlock
 .text.z_sched_init
                0x000000000002397c       0x10 zephyr/kernel/libkernel.a(sched.c.obj)
                0x000000000002397c                z_sched_init
 .text.z_impl_k_yield
                0x000000000002398c       0x88 zephyr/kernel/libkernel.a(sched.c.obj)
                0x000000000002398c                z_impl_k_yield
 .text.z_tick_sleep
                0x0000000000023a14       0x80 zephyr/kernel/libkernel.a(sched.c.obj)
 .text.z_impl_k_usleep
                0x0000000000023a94       0x3c zephyr/kernel/libkernel.a(sched.c.obj)
                0x0000000000023a94                z_impl_k_usleep
 .text.z_impl_k_wakeup
                0x0000000000023ad0       0x4c zephyr/kernel/libkernel.a(sched.c.obj)
                0x0000000000023ad0                z_impl_k_wakeup
 .text.z_impl_k_sched_current_thread_query
                0x0000000000023b1c        0xc zephyr/kernel/libkernel.a(sched.c.obj)
                0x0000000000023b1c                z_impl_k_sched_current_thread_query
 .text.z_thread_abort
                0x0000000000023b28      0x118 zephyr/kernel/libkernel.a(sched.c.obj)
                0x0000000000023b28                z_thread_abort
 .text.z_sched_wait
                0x0000000000023c40       0x24 zephyr/kernel/libkernel.a(sched.c.obj)
                0x0000000000023c40                z_sched_wait
 .text.slice_timeout
                0x0000000000023c64       0x20 zephyr/kernel/libkernel.a(timeslicing.c.obj)
 .text.thread_is_sliceable
                0x0000000000023c84       0x3c zephyr/kernel/libkernel.a(timeslicing.c.obj)
                0x0000000000023c84                thread_is_sliceable
 .text.z_reset_time_slice
                0x0000000000023cc0       0x50 zephyr/kernel/libkernel.a(timeslicing.c.obj)
                0x0000000000023cc0                z_reset_time_slice
 .text.z_time_slice
                0x0000000000023d10       0x60 zephyr/kernel/libkernel.a(timeslicing.c.obj)
                0x0000000000023d10                z_time_slice
 .text.z_thread_monitor_exit
                0x0000000000023d70       0x3c zephyr/kernel/libkernel.a(thread_monitor.c.obj)
                0x0000000000023d70                z_thread_monitor_exit
 .text.z_data_copy
                0x0000000000023dac       0x38 zephyr/kernel/libkernel.a(xip.c.obj)
                0x0000000000023dac                z_data_copy
 .text.first    0x0000000000023de4       0x10 zephyr/kernel/libkernel.a(timeout.c.obj)
 .text.elapsed  0x0000000000023df4       0x14 zephyr/kernel/libkernel.a(timeout.c.obj)
 .text.remove_timeout
                0x0000000000023e08       0x38 zephyr/kernel/libkernel.a(timeout.c.obj)
 .text.z_add_timeout
                0x0000000000023e40       0xec zephyr/kernel/libkernel.a(timeout.c.obj)
                0x0000000000023e40                z_add_timeout
 .text.sys_clock_announce
                0x0000000000023f2c       0xbc zephyr/kernel/libkernel.a(timeout.c.obj)
                0x0000000000023f2c                sys_clock_announce
 .text.sys_clock_tick_get
                0x0000000000023fe8       0x30 zephyr/kernel/libkernel.a(timeout.c.obj)
                0x0000000000023fe8                sys_clock_tick_get
 .text.z_timer_expiration_handler
                0x0000000000024018       0xe0 zephyr/kernel/libkernel.a(timer.c.obj)
                0x0000000000024018                z_timer_expiration_handler
 .text.z_impl_k_timer_start
                0x00000000000240f8       0x74 zephyr/kernel/libkernel.a(timer.c.obj)
                0x00000000000240f8                z_impl_k_timer_start
 .text.z_thread_aligned_alloc
                0x000000000002416c       0x40 zephyr/kernel/libkernel.a(mempool.c.obj)
                0x000000000002416c                z_thread_aligned_alloc
 .text.statics_init
                0x00000000000241ac       0x24 zephyr/kernel/libkernel.a(kheap.c.obj)
 .text.k_sys_work_q_init
                0x00000000000241d0       0x34 zephyr/kernel/libkernel.a(system_work_q.c.obj)
 .text.__l_vfprintf
                0x0000000000024204      0x4b4 /opt/nordic/ncs/toolchains/ef4fc6722e/opt/zephyr-sdk/arm-zephyr-eabi/bin/../lib/gcc/../../picolibc/arm-zephyr-eabi/lib/thumb/v8-m.main/nofp/libc.a(libc_tinystdio_vflprintf.c.o)
                0x0000000000024204                __l_vfprintf
 .text._OffsetAbsSyms
                0x00000000000246b8        0x2 zephyr/CMakeFiles/offsets.dir/./arch/arm/core/offsets/offsets.c.obj
                0x00000000000246b8                _OffsetAbsSyms
 .text.gpio_pin_configure_dt
                0x00000000000246ba       0x3e app/libapp.a(main.c.obj)
 .text.chunk_field
                0x00000000000246f8       0x16 zephyr/libzephyr.a(heap.c.obj)
 .text.chunk_set
                0x000000000002470e       0x16 zephyr/libzephyr.a(heap.c.obj)
 .text.chunk_size
                0x0000000000024724        0xc zephyr/libzephyr.a(heap.c.obj)
 .text.set_chunk_used
                0x0000000000024730       0x30 zephyr/libzephyr.a(heap.c.obj)
 .text.set_chunk_size
                0x0000000000024760        0x8 zephyr/libzephyr.a(heap.c.obj)
 .text.mem_to_chunkid
                0x0000000000024768       0x14 zephyr/libzephyr.a(heap.c.obj)
 .text.bucket_idx.isra.0
                0x000000000002477c       0x1c zephyr/libzephyr.a(heap.c.obj)
 .text.free_list_remove_bidx
                0x0000000000024798       0x5c zephyr/libzephyr.a(heap.c.obj)
 .text.free_list_remove
                0x00000000000247f4       0x2e zephyr/libzephyr.a(heap.c.obj)
 .text.alloc_chunk
                0x0000000000024822       0x74 zephyr/libzephyr.a(heap.c.obj)
 .text.split_chunks
                0x0000000000024896       0x4e zephyr/libzephyr.a(heap.c.obj)
 .text.merge_chunks
                0x00000000000248e4       0x3c zephyr/libzephyr.a(heap.c.obj)
 .text.free_list_add
                0x0000000000024920       0x84 zephyr/libzephyr.a(heap.c.obj)
 .text.free_chunk
                0x00000000000249a4       0x84 zephyr/libzephyr.a(heap.c.obj)
 .text.sys_heap_free
                0x0000000000024a28       0x24 zephyr/libzephyr.a(heap.c.obj)
                0x0000000000024a28                sys_heap_free
 .text.sys_heap_alloc
                0x0000000000024a4c       0x6e zephyr/libzephyr.a(heap.c.obj)
                0x0000000000024a4c                sys_heap_alloc
 .text.sys_heap_aligned_alloc
                0x0000000000024aba       0xe8 zephyr/libzephyr.a(heap.c.obj)
                0x0000000000024aba                sys_heap_aligned_alloc
 .text.sys_heap_init
                0x0000000000024ba2       0xb0 zephyr/libzephyr.a(heap.c.obj)
                0x0000000000024ba2                sys_heap_init
 .text.arch_printk_char_out
                0x0000000000024c52        0x4 zephyr/libzephyr.a(printk.c.obj)
                0x0000000000024c52                arch_printk_char_out
 .text.printk   0x0000000000024c56       0x1a zephyr/libzephyr.a(printk.c.obj)
                0x0000000000024c56                printk
 .text.sys_slist_find_and_remove
                0x0000000000024c70       0x36 zephyr/libzephyr.a(onoff.c.obj)
 .text.process_recheck
                0x0000000000024ca6       0x38 zephyr/libzephyr.a(onoff.c.obj)
 .text.validate_args
                0x0000000000024cde       0x20 zephyr/libzephyr.a(onoff.c.obj)
 .text.notify_one
                0x0000000000024cfe       0x2c zephyr/libzephyr.a(onoff.c.obj)
 .text.transition_complete
                0x0000000000024d2a       0x1a zephyr/libzephyr.a(onoff.c.obj)
 .text.onoff_manager_init
                0x0000000000024d44       0x26 zephyr/libzephyr.a(onoff.c.obj)
                0x0000000000024d44                onoff_manager_init
 .text.onoff_request
                0x0000000000024d6a       0xae zephyr/libzephyr.a(onoff.c.obj)
                0x0000000000024d6a                onoff_request
 .text.onoff_release
                0x0000000000024e18       0x48 zephyr/libzephyr.a(onoff.c.obj)
                0x0000000000024e18                onoff_release
 .text.onoff_cancel
                0x0000000000024e60       0x36 zephyr/libzephyr.a(onoff.c.obj)
                0x0000000000024e60                onoff_cancel
 .text.sys_notify_validate
                0x0000000000024e96       0x22 zephyr/libzephyr.a(notify.c.obj)
                0x0000000000024e96                sys_notify_validate
 .text.sys_notify_finalize
                0x0000000000024eb8       0x1a zephyr/libzephyr.a(notify.c.obj)
                0x0000000000024eb8                sys_notify_finalize
 .text.ring_buf_put_claim
                0x0000000000024ed2       0x3a zephyr/libzephyr.a(ring_buffer.c.obj)
                0x0000000000024ed2                ring_buf_put_claim
 .text.ring_buf_put_finish
                0x0000000000024f0c       0x2a zephyr/libzephyr.a(ring_buffer.c.obj)
                0x0000000000024f0c                ring_buf_put_finish
 .text.ring_buf_put
                0x0000000000024f36       0x3e zephyr/libzephyr.a(ring_buffer.c.obj)
                0x0000000000024f36                ring_buf_put
 .text.ring_buf_get_claim
                0x0000000000024f74       0x38 zephyr/libzephyr.a(ring_buffer.c.obj)
                0x0000000000024f74                ring_buf_get_claim
 .text.ring_buf_get_finish
                0x0000000000024fac       0x2a zephyr/libzephyr.a(ring_buffer.c.obj)
                0x0000000000024fac                ring_buf_get_finish
 .text.ring_buf_get
                0x0000000000024fd6       0x40 zephyr/libzephyr.a(ring_buffer.c.obj)
                0x0000000000024fd6                ring_buf_get
 .text._ConfigAbsSyms
                0x0000000000025016        0x2 zephyr/libzephyr.a(configs.c.obj)
                0x0000000000025016                _ConfigAbsSyms
 .text.get_ep_bm_from_addr
                0x0000000000025018       0x1e zephyr/libzephyr.a(usb_device.c.obj)
 .text.usb_write
                0x0000000000025036       0x30 zephyr/libzephyr.a(usb_device.c.obj)
                0x0000000000025036                usb_write
 .text.usb_device_init
                0x0000000000025066        0x6 zephyr/libzephyr.a(usb_device.c.obj)
 .text.usb_get_dev_data_by_cfg
                0x000000000002506c       0x16 zephyr/libzephyr.a(usb_descriptor.c.obj)
                0x000000000002506c                usb_get_dev_data_by_cfg
 .text.usb_get_dev_data_by_iface
                0x0000000000025082       0x1a zephyr/libzephyr.a(usb_descriptor.c.obj)
                0x0000000000025082                usb_get_dev_data_by_iface
 .text.usb_get_dev_data_by_ep
                0x000000000002509c       0x2c zephyr/libzephyr.a(usb_descriptor.c.obj)
                0x000000000002509c                usb_get_dev_data_by_ep
 .text.usb_transfer_is_busy
                0x00000000000250c8       0x16 zephyr/libzephyr.a(usb_transfer.c.obj)
                0x00000000000250c8                usb_transfer_is_busy
 .text.cdc_interface_config
                0x00000000000250de       0x14 zephyr/libzephyr.a(cdc_acm.c.obj)
 .text.cdc_acm_irq_callback_work_handler
                0x00000000000250f2        0xa zephyr/libzephyr.a(cdc_acm.c.obj)
 .text.cdc_acm_irq_tx_disable
                0x00000000000250fc        0xa zephyr/libzephyr.a(cdc_acm.c.obj)
 .text.cdc_acm_irq_tx_ready
                0x0000000000025106       0x1e zephyr/libzephyr.a(cdc_acm.c.obj)
 .text.cdc_acm_irq_rx_disable
                0x0000000000025124        0xa zephyr/libzephyr.a(cdc_acm.c.obj)
 .text.cdc_acm_irq_rx_ready
                0x000000000002512e        0xe zephyr/libzephyr.a(cdc_acm.c.obj)
 .text.cdc_acm_irq_is_pending
                0x000000000002513c       0x1c zephyr/libzephyr.a(cdc_acm.c.obj)
 .text.cdc_acm_irq_callback_set
                0x0000000000025158        0x8 zephyr/libzephyr.a(cdc_acm.c.obj)
 .text.cdc_acm_fifo_read
                0x0000000000025160       0x46 zephyr/libzephyr.a(cdc_acm.c.obj)
 .text.cdc_acm_poll_in
                0x00000000000251a6       0x12 zephyr/libzephyr.a(cdc_acm.c.obj)
 .text.cdc_acm_irq_update
                0x00000000000251b8       0x2e zephyr/libzephyr.a(cdc_acm.c.obj)
 .text.z_arm_fatal_error
                0x00000000000251e6        0xc zephyr/arch/arch/arm/core/libarch__arm__core.a(fatal.c.obj)
                0x00000000000251e6                z_arm_fatal_error
 .text.z_do_kernel_oops
                0x00000000000251f2        0x8 zephyr/arch/arch/arm/core/libarch__arm__core.a(fatal.c.obj)
                0x00000000000251f2                z_do_kernel_oops
 .text.z_arm_nmi
                0x00000000000251fa        0xe zephyr/arch/arch/arm/core/libarch__arm__core.a(nmi.c.obj)
                0x00000000000251fa                z_arm_nmi
 .text.z_arm_save_fp_context
                0x0000000000025208        0x2 zephyr/arch/arch/arm/core/cortex_m/libarch__arm__core__cortex_m.a(fpu.c.obj)
                0x0000000000025208                z_arm_save_fp_context
 .text.z_arm_restore_fp_context
                0x000000000002520a        0x2 zephyr/arch/arch/arm/core/cortex_m/libarch__arm__core__cortex_m.a(fpu.c.obj)
                0x000000000002520a                z_arm_restore_fp_context
 .text.z_irq_spurious
                0x000000000002520c        0x8 zephyr/arch/arch/arm/core/cortex_m/libarch__arm__core__cortex_m.a(irq_manage.c.obj)
                0x000000000002520c                z_irq_spurious
 .text.configure_builtin_stack_guard
                0x0000000000025214        0xa zephyr/arch/arch/arm/core/cortex_m/libarch__arm__core__cortex_m.a(thread.c.obj)
                0x0000000000025214                configure_builtin_stack_guard
 .text.arch_irq_unlock_outlined
                0x000000000002521e        0xe zephyr/arch/arch/arm/core/cortex_m/libarch__arm__core__cortex_m.a(thread.c.obj)
                0x000000000002521e                arch_irq_unlock_outlined
 .text.arch_cpu_idle
                0x000000000002522c       0x32 zephyr/arch/arch/arm/core/cortex_m/libarch__arm__core__cortex_m.a(cpu_idle.c.obj)
                0x000000000002522c                arch_cpu_idle
 .text.arch_cpu_atomic_idle
                0x000000000002525e       0x38 zephyr/arch/arch/arm/core/cortex_m/libarch__arm__core__cortex_m.a(cpu_idle.c.obj)
                0x000000000002525e                arch_cpu_atomic_idle
 .text.arm_cmse_mpu_region_get
                0x0000000000025296       0x12 zephyr/arch/arch/arm/core/cortex_m/cmse/libarch__arm__core__cortex_m__cmse.a(arm_core_cmse.c.obj)
                0x0000000000025296                arm_cmse_mpu_region_get
 .text.mpu_configure_region
                0x00000000000252a8       0x32 zephyr/arch/arch/arm/core/mpu/libarch__arm__core__mpu.a(arm_mpu.c.obj)
 .text.picolibc_put
                0x00000000000252da        0xa zephyr/lib/libc/picolibc/liblib__libc__picolibc.a(stdio.c.obj)
 .text.nordicsemi_nrf53_init
                0x00000000000252e4       0x3e zephyr/soc/soc/nrf5340/libsoc__nordic.a(soc.c.obj)
 .text.nrf53_cpunet_init
                0x0000000000025322        0xa zephyr/soc/soc/nrf5340/libsoc__nordic.a(nrf53_cpunet_mgmt.c.obj)
 .text.soc_secure_gpio_pin_mcu_select
                0x000000000002532c        0xe zephyr/soc/soc/nrf5340/libsoc__nordic.a(soc_secure.c.obj)
                0x000000000002532c                soc_secure_gpio_pin_mcu_select
 .text.soc_secure_mem_read
                0x000000000002533a       0x34 zephyr/soc/soc/nrf5340/libsoc__nordic.a(soc_secure.c.obj)
                0x000000000002533a                soc_secure_mem_read
 .text.ep_ctx_reset
                0x000000000002536e       0x26 zephyr/drivers/usb/device/libdrivers__usb__device.a(usb_dc_nrfx.c.obj)
 .text.k_mutex_lock.constprop.0.isra.0
                0x0000000000025394        0x4 zephyr/drivers/usb/device/libdrivers__usb__device.a(usb_dc_nrfx.c.obj)
 .text.k_mutex_unlock.isra.0
                0x0000000000025398        0x4 zephyr/drivers/usb/device/libdrivers__usb__device.a(usb_dc_nrfx.c.obj)
 .text.attached_evt_delay_handler
                0x000000000002539c        0x6 zephyr/drivers/usb/device/libdrivers__usb__device.a(usb_dc_nrfx.c.obj)
 .text.usb_dc_ep_check_cap
                0x00000000000253a2       0x2a zephyr/drivers/usb/device/libdrivers__usb__device.a(usb_dc_nrfx.c.obj)
                0x00000000000253a2                usb_dc_ep_check_cap
 .text.usb_dc_ep_disable
                0x00000000000253cc       0x32 zephyr/drivers/usb/device/libdrivers__usb__device.a(usb_dc_nrfx.c.obj)
                0x00000000000253cc                usb_dc_ep_disable
 .text.usb_dc_ep_read
                0x00000000000253fe       0x1e zephyr/drivers/usb/device/libdrivers__usb__device.a(usb_dc_nrfx.c.obj)
                0x00000000000253fe                usb_dc_ep_read
 .text.ep2bit   0x000000000002541c       0x10 zephyr/drivers/usb/common/nrf_usbd_common/libdrivers__usb__common__nrf_usbd_common.a(nrf_usbd_common.c.obj)
 .text.nrf_usbd_common_ep_max_packet_size_set
                0x000000000002542c        0xa zephyr/drivers/usb/common/nrf_usbd_common/libdrivers__usb__common__nrf_usbd_common.a(nrf_usbd_common.c.obj)
                0x000000000002542c                nrf_usbd_common_ep_max_packet_size_set
 .text.nrf_usbd_common_ep_status_get
                0x0000000000025436       0x2c zephyr/drivers/usb/common/nrf_usbd_common/libdrivers__usb__common__nrf_usbd_common.a(nrf_usbd_common.c.obj)
                0x0000000000025436                nrf_usbd_common_ep_status_get
 .text.get_status
                0x0000000000025462       0x12 zephyr/drivers/clock_control/libdrivers__clock_control.a(clock_control_nrf.c.obj)
 .text.stop     0x0000000000025474       0x52 zephyr/drivers/clock_control/libdrivers__clock_control.a(clock_control_nrf.c.obj)
 .text.api_stop
                0x00000000000254c6        0x6 zephyr/drivers/clock_control/libdrivers__clock_control.a(clock_control_nrf.c.obj)
 .text.async_start
                0x00000000000254cc       0x5c zephyr/drivers/clock_control/libdrivers__clock_control.a(clock_control_nrf.c.obj)
 .text.api_start
                0x0000000000025528        0xe zephyr/drivers/clock_control/libdrivers__clock_control.a(clock_control_nrf.c.obj)
 .text.onoff_started_callback
                0x0000000000025536       0x12 zephyr/drivers/clock_control/libdrivers__clock_control.a(clock_control_nrf.c.obj)
 .text.hfclkaudio_start
                0x0000000000025548        0x6 zephyr/drivers/clock_control/libdrivers__clock_control.a(clock_control_nrf.c.obj)
 .text.hfclk192m_start
                0x000000000002554e        0x6 zephyr/drivers/clock_control/libdrivers__clock_control.a(clock_control_nrf.c.obj)
 .text.lfclk_start
                0x0000000000025554        0x6 zephyr/drivers/clock_control/libdrivers__clock_control.a(clock_control_nrf.c.obj)
 .text.hfclkaudio_stop
                0x000000000002555a        0x6 zephyr/drivers/clock_control/libdrivers__clock_control.a(clock_control_nrf.c.obj)
 .text.hfclk192m_stop
                0x0000000000025560        0x6 zephyr/drivers/clock_control/libdrivers__clock_control.a(clock_control_nrf.c.obj)
 .text.lfclk_stop
                0x0000000000025566        0x6 zephyr/drivers/clock_control/libdrivers__clock_control.a(clock_control_nrf.c.obj)
 .text.blocking_start_callback
                0x000000000002556c        0x6 zephyr/drivers/clock_control/libdrivers__clock_control.a(clock_control_nrf.c.obj)
 .text.gpio_nrfx_port_get_raw
                0x0000000000025572        0xc zephyr/drivers/gpio/libdrivers__gpio.a(gpio_nrfx.c.obj)
 .text.gpio_nrfx_port_set_masked_raw
                0x000000000002557e       0x14 zephyr/drivers/gpio/libdrivers__gpio.a(gpio_nrfx.c.obj)
 .text.gpio_nrfx_port_set_bits_raw
                0x0000000000025592        0xa zephyr/drivers/gpio/libdrivers__gpio.a(gpio_nrfx.c.obj)
 .text.gpio_nrfx_port_clear_bits_raw
                0x000000000002559c        0xa zephyr/drivers/gpio/libdrivers__gpio.a(gpio_nrfx.c.obj)
 .text.gpio_nrfx_port_toggle_bits
                0x00000000000255a6       0x14 zephyr/drivers/gpio/libdrivers__gpio.a(gpio_nrfx.c.obj)
 .text.gpio_nrfx_manage_callback
                0x00000000000255ba       0x52 zephyr/drivers/gpio/libdrivers__gpio.a(gpio_nrfx.c.obj)
 .text.irq_connect1
                0x000000000002560c        0xa zephyr/drivers/i2c/libdrivers__i2c.a(i2c_nrfx_twim.c.obj)
 .text.i2c_nrfx_twim_init
                0x0000000000025616       0x26 zephyr/drivers/i2c/libdrivers__i2c.a(i2c_nrfx_twim.c.obj)
 .text.i2c_nrfx_twim_exclusive_access_acquire
                0x000000000002563c        0x6 zephyr/drivers/i2c/libdrivers__i2c.a(i2c_nrfx_twim.c.obj)
                0x000000000002563c                i2c_nrfx_twim_exclusive_access_acquire
 .text.i2c_nrfx_twim_exclusive_access_release
                0x0000000000025642        0x6 zephyr/drivers/i2c/libdrivers__i2c.a(i2c_nrfx_twim.c.obj)
                0x0000000000025642                i2c_nrfx_twim_exclusive_access_release
 .text.pinctrl_apply_state.isra.0
                0x0000000000025648       0x1e zephyr/drivers/i2c/libdrivers__i2c.a(i2c_nrfx_twim_common.c.obj)
 .text.i2c_nrfx_twim_configure
                0x0000000000025666       0x3a zephyr/drivers/i2c/libdrivers__i2c.a(i2c_nrfx_twim_common.c.obj)
                0x0000000000025666                i2c_nrfx_twim_configure
 .text.twim_nrfx_pm_action
                0x00000000000256a0       0x32 zephyr/drivers/i2c/libdrivers__i2c.a(i2c_nrfx_twim_common.c.obj)
                0x00000000000256a0                twim_nrfx_pm_action
 .text.pinctrl_lookup_state
                0x00000000000256d2       0x26 zephyr/drivers/pinctrl/libdrivers__pinctrl.a(common.c.obj)
                0x00000000000256d2                pinctrl_lookup_state
 .text.regulator_common_data_init
                0x00000000000256f8       0x10 zephyr/drivers/regulator/libdrivers__regulator.a(regulator_common.c.obj)
                0x00000000000256f8                regulator_common_data_init
 .text.regulator_disable
                0x0000000000025708       0x54 zephyr/drivers/regulator/libdrivers__regulator.a(regulator_common.c.obj)
                0x0000000000025708                regulator_disable
 .text.regulator_set_voltage
                0x000000000002575c       0x28 zephyr/drivers/regulator/libdrivers__regulator.a(regulator_common.c.obj)
                0x000000000002575c                regulator_set_voltage
 .text.regulator_set_current_limit
                0x0000000000025784       0x28 zephyr/drivers/regulator/libdrivers__regulator.a(regulator_common.c.obj)
                0x0000000000025784                regulator_set_current_limit
 .text.regulator_set_mode
                0x00000000000257ac       0x3e zephyr/drivers/regulator/libdrivers__regulator.a(regulator_common.c.obj)
                0x00000000000257ac                regulator_set_mode
 .text.regulator_common_init
                0x00000000000257ea       0xf4 zephyr/drivers/regulator/libdrivers__regulator.a(regulator_common.c.obj)
                0x00000000000257ea                regulator_common_init
 .text.gpio_pin_set
                0x00000000000258de       0x20 zephyr/drivers/regulator/libdrivers__regulator.a(regulator_fixed.c.obj)
 .text.regulator_fixed_enable
                0x00000000000258fe       0x1e zephyr/drivers/regulator/libdrivers__regulator.a(regulator_fixed.c.obj)
 .text.regulator_fixed_count_voltages
                0x000000000002591c        0xe zephyr/drivers/regulator/libdrivers__regulator.a(regulator_fixed.c.obj)
 .text.regulator_fixed_list_voltage
                0x000000000002592a       0x1a zephyr/drivers/regulator/libdrivers__regulator.a(regulator_fixed.c.obj)
 .text.regulator_fixed_init
                0x0000000000025944       0x54 zephyr/drivers/regulator/libdrivers__regulator.a(regulator_fixed.c.obj)
 .text.regulator_fixed_disable
                0x0000000000025998       0x16 zephyr/drivers/regulator/libdrivers__regulator.a(regulator_fixed.c.obj)
 .text.irq_connect3
                0x00000000000259ae        0xa zephyr/drivers/spi/libdrivers__spi.a(spi_nrfx_spim.c.obj)
 .text.irq_connect4
                0x00000000000259b8        0xa zephyr/drivers/spi/libdrivers__spi.a(spi_nrfx_spim.c.obj)
 .text.spi_context_get_next_buf.constprop.0
                0x00000000000259c2       0x26 zephyr/drivers/spi/libdrivers__spi.a(spi_nrfx_spim.c.obj)
 .text.pinctrl_apply_state.constprop.0
                0x00000000000259e8       0x20 zephyr/drivers/spi/libdrivers__spi.a(spi_nrfx_spim.c.obj)
 .text.gpio_pin_set_dt.isra.0
                0x0000000000025a08       0x28 zephyr/drivers/spi/libdrivers__spi.a(spi_nrfx_spim.c.obj)
 .text._spi_context_cs_control
                0x0000000000025a30       0x40 zephyr/drivers/spi/libdrivers__spi.a(spi_nrfx_spim.c.obj)
 .text.spi_context_unlock_unconditionally
                0x0000000000025a70       0x20 zephyr/drivers/spi/libdrivers__spi.a(spi_nrfx_spim.c.obj)
 .text.spi_nrfx_release
                0x0000000000025a90       0x24 zephyr/drivers/spi/libdrivers__spi.a(spi_nrfx_spim.c.obj)
 .text.spi_nrfx_init
                0x0000000000025ab4       0xb8 zephyr/drivers/spi/libdrivers__spi.a(spi_nrfx_spim.c.obj)
 .text.finish_transaction
                0x0000000000025b6c       0x22 zephyr/drivers/spi/libdrivers__spi.a(spi_nrfx_spim.c.obj)
 .text.event_handler
                0x0000000000025b8e       0xb2 zephyr/drivers/spi/libdrivers__spi.a(spi_nrfx_spim.c.obj)
 .text.spi_nrfx_wake_request
                0x0000000000025c40       0x50 zephyr/drivers/spi/libdrivers__spi.a(spi_nrfx_common.c.obj)
                0x0000000000025c40                spi_nrfx_wake_request
 .text.event_clear
                0x0000000000025c90       0x18 zephyr/drivers/timer/libdrivers__timer.a(nrf_rtc_timer.c.obj)
 .text.sys_clock_cycle_get_32
                0x0000000000025ca8        0x8 zephyr/drivers/timer/libdrivers__timer.a(nrf_rtc_timer.c.obj)
                0x0000000000025ca8                sys_clock_cycle_get_32
 .text._psa_crypto_init
                0x0000000000025cb0       0x1e modules/nrf/subsys/nrf_security/src/zephyr/libmbedtls_zephyr.a(psa_crypto_init.c.obj)
 .text.tfm_platform_ns_fault_set_handler
                0x0000000000025cce       0x4e modules/nrf/modules/trusted-firmware-m/libtfm_api_nrf.a(tfm_ioctl_ns_api.c.obj)
                0x0000000000025cce                tfm_platform_ns_fault_set_handler
 .text.ns_interface_init
                0x0000000000025d1c        0x4 modules/trusted-firmware-m/libtfm_api.a(interface.c.obj)
 .text.psa_crypto_init
                0x0000000000025d20        0x4 modules/trusted-firmware-m/libtfm_api.a(tfm_crypto_api.c.obj)
                0x0000000000025d20                psa_crypto_init
 .text.tfm_platform_mem_read
                0x0000000000025d24       0x30 modules/trusted-firmware-m/libtfm_api.a(tfm_ioctl_core_ns_api.c.obj)
                0x0000000000025d24                tfm_platform_mem_read
 .text.tfm_platform_gpio_pin_mcu_select
                0x0000000000025d54       0x32 modules/trusted-firmware-m/libtfm_api.a(tfm_ioctl_core_ns_api.c.obj)
                0x0000000000025d54                tfm_platform_gpio_pin_mcu_select
 .text.SystemInit
                0x0000000000025d86        0x2 modules/hal_nordic/modules/hal_nordic/nrfx/libmodules__hal_nordic__nrfx.a(system_nrf5340_application.c.obj)
                0x0000000000025d86                SystemInit
 .text.nrfx_isr
                0x0000000000025d88        0x2 modules/hal_nordic/modules/hal_nordic/nrfx/libmodules__hal_nordic__nrfx.a(nrfx_glue.c.obj)
                0x0000000000025d88                nrfx_isr
 .text.nrfx_busy_wait
                0x0000000000025d8a        0x4 modules/hal_nordic/modules/hal_nordic/nrfx/libmodules__hal_nordic__nrfx.a(nrfx_glue.c.obj)
                0x0000000000025d8a                nrfx_busy_wait
 .text.nrfx_gppi_event_endpoint_setup
                0x0000000000025d8e        0xa modules/hal_nordic/modules/hal_nordic/nrfx/libmodules__hal_nordic__nrfx.a(nrfx_gppi_dppi.c.obj)
                0x0000000000025d8e                nrfx_gppi_event_endpoint_setup
 .text.nrfx_gppi_task_endpoint_setup
                0x0000000000025d98        0xa modules/hal_nordic/modules/hal_nordic/nrfx/libmodules__hal_nordic__nrfx.a(nrfx_gppi_dppi.c.obj)
                0x0000000000025d98                nrfx_gppi_task_endpoint_setup
 .text.nrfx_clock_stop
                0x0000000000025da2        0x4 modules/hal_nordic/modules/hal_nordic/nrfx/libmodules__hal_nordic__nrfx.a(nrfx_clock.c.obj)
                0x0000000000025da2                nrfx_clock_stop
 .text.nrf_gpio_reconfigure
                0x0000000000025da6       0x92 modules/hal_nordic/modules/hal_nordic/nrfx/libmodules__hal_nordic__nrfx.a(nrfx_gpiote.c.obj)
 .text.nrf_gpio_cfg_sense_set
                0x0000000000025e38       0x1e modules/hal_nordic/modules/hal_nordic/nrfx/libmodules__hal_nordic__nrfx.a(nrfx_gpiote.c.obj)
 .text.pin_in_event_get.isra.0
                0x0000000000025e56       0x22 modules/hal_nordic/modules/hal_nordic/nrfx/libmodules__hal_nordic__nrfx.a(nrfx_gpiote.c.obj)
 .text.pin_trigger_disable
                0x0000000000025e78       0x48 modules/hal_nordic/modules/hal_nordic/nrfx/libmodules__hal_nordic__nrfx.a(nrfx_gpiote.c.obj)
 .text.nrfx_gpiote_pin_uninit
                0x0000000000025ec0        0x4 modules/hal_nordic/modules/hal_nordic/nrfx/libmodules__hal_nordic__nrfx.a(nrfx_gpiote.c.obj)
                0x0000000000025ec0                nrfx_gpiote_pin_uninit
 .text.nrfx_gpiote_trigger_disable
                0x0000000000025ec4        0x4 modules/hal_nordic/modules/hal_nordic/nrfx/libmodules__hal_nordic__nrfx.a(nrfx_gpiote.c.obj)
                0x0000000000025ec4                nrfx_gpiote_trigger_disable
 .text.nrfx_gpiote_in_event_get
                0x0000000000025ec8        0x6 modules/hal_nordic/modules/hal_nordic/nrfx/libmodules__hal_nordic__nrfx.a(nrfx_gpiote.c.obj)
                0x0000000000025ec8                nrfx_gpiote_in_event_get
 .text.nrfx_power_clock_irq_handler
                0x0000000000025ece        0xe modules/hal_nordic/modules/hal_nordic/nrfx/libmodules__hal_nordic__nrfx.a(nrfx_power.c.obj)
                0x0000000000025ece                nrfx_power_clock_irq_handler
 .text.__nrfy_internal_spim_event_handle
                0x0000000000025edc       0x2a modules/hal_nordic/modules/hal_nordic/nrfx/libmodules__hal_nordic__nrfx.a(nrfx_spim.c.obj)
 .text.__nrfy_internal_spim_events_process
                0x0000000000025f06       0x7c modules/hal_nordic/modules/hal_nordic/nrfx/libmodules__hal_nordic__nrfx.a(nrfx_spim.c.obj)
 .text.nrf_gpio_pin_set
                0x0000000000025f82       0x18 modules/hal_nordic/modules/hal_nordic/nrfx/libmodules__hal_nordic__nrfx.a(nrfx_spim.c.obj)
 .text.nrf_gpio_pin_clear
                0x0000000000025f9a       0x18 modules/hal_nordic/modules/hal_nordic/nrfx/libmodules__hal_nordic__nrfx.a(nrfx_spim.c.obj)
 .text.spim_abort
                0x0000000000025fb2       0x2c modules/hal_nordic/modules/hal_nordic/nrfx/libmodules__hal_nordic__nrfx.a(nrfx_spim.c.obj)
 .text.irq_handler
                0x0000000000025fde       0x48 modules/hal_nordic/modules/hal_nordic/nrfx/libmodules__hal_nordic__nrfx.a(nrfx_spim.c.obj)
 .text.xfer_completeness_check
                0x0000000000026026       0x62 modules/hal_nordic/modules/hal_nordic/nrfx/libmodules__hal_nordic__nrfx.a(nrfx_twim.c.obj)
 .text.pins_configure
                0x0000000000026088       0x54 modules/hal_nordic/modules/hal_nordic/nrfx/libmodules__hal_nordic__nrfx.a(nrfx_twim.c.obj)
 .text.__nrfy_internal_twim_event_handle.isra.0
                0x00000000000260dc       0x22 modules/hal_nordic/modules/hal_nordic/nrfx/libmodules__hal_nordic__nrfx.a(nrfx_twim.c.obj)
 .text.__nrfy_internal_twim_events_process.constprop.0
                0x00000000000260fe       0x54 modules/hal_nordic/modules/hal_nordic/nrfx/libmodules__hal_nordic__nrfx.a(nrfx_twim.c.obj)
 .text.nrf_gpio_pin_set
                0x0000000000026152       0x18 modules/hal_nordic/modules/hal_nordic/nrfx/libmodules__hal_nordic__nrfx.a(nrfx_twi_twim.c.obj)
 .text.z_impl_k_busy_wait
                0x000000000002616a        0x8 zephyr/kernel/libkernel.a(busy_wait.c.obj)
                0x000000000002616a                z_impl_k_busy_wait
 .text.z_device_state_init
                0x0000000000026172        0x2 zephyr/kernel/libkernel.a(device.c.obj)
                0x0000000000026172                z_device_state_init
 .text.z_impl_device_is_ready
                0x0000000000026174       0x16 zephyr/kernel/libkernel.a(device.c.obj)
                0x0000000000026174                z_impl_device_is_ready
 .text.arch_system_halt
                0x000000000002618a       0x10 zephyr/kernel/libkernel.a(fatal.c.obj)
                0x000000000002618a                arch_system_halt
 .text.k_sys_fatal_error_handler
                0x000000000002619a        0x6 zephyr/kernel/libkernel.a(fatal.c.obj)
                0x000000000002619a                k_sys_fatal_error_handler
 .text.do_device_init
                0x00000000000261a0       0x30 zephyr/kernel/libkernel.a(init.c.obj)
 .text.z_early_memset
                0x00000000000261d0        0x4 zephyr/kernel/libkernel.a(init.c.obj)
                0x00000000000261d0                z_early_memset
 .text.z_early_memcpy
                0x00000000000261d4        0x4 zephyr/kernel/libkernel.a(init.c.obj)
                0x00000000000261d4                z_early_memcpy
 .text.z_init_static
                0x00000000000261d8        0x2 zephyr/kernel/libkernel.a(init_static.c.obj)
                0x00000000000261d8                z_init_static
 .text.create_free_list
                0x00000000000261da       0x34 zephyr/kernel/libkernel.a(mem_slab.c.obj)
 .text.k_mem_slab_free
                0x000000000002620e       0x70 zephyr/kernel/libkernel.a(mem_slab.c.obj)
                0x000000000002620e                k_mem_slab_free
 .text.idle     0x000000000002627e       0x16 zephyr/kernel/libkernel.a(idle.c.obj)
                0x000000000002627e                idle
 .text.adjust_owner_prio.isra.0
                0x0000000000026294       0x10 zephyr/kernel/libkernel.a(mutex.c.obj)
 .text.z_impl_k_mutex_init
                0x00000000000262a4        0xe zephyr/kernel/libkernel.a(mutex.c.obj)
                0x00000000000262a4                z_impl_k_mutex_init
 .text.unpend_thread_no_timeout
                0x00000000000262b2       0x1a zephyr/kernel/libkernel.a(queue.c.obj)
 .text.queue_insert
                0x00000000000262cc       0xd0 zephyr/kernel/libkernel.a(queue.c.obj)
 .text.z_queue_node_peek
                0x000000000002639c       0x18 zephyr/kernel/libkernel.a(queue.c.obj)
                0x000000000002639c                z_queue_node_peek
 .text.k_queue_append
                0x00000000000263b4       0x16 zephyr/kernel/libkernel.a(queue.c.obj)
                0x00000000000263b4                k_queue_append
 .text.z_impl_k_sem_init
                0x00000000000263ca       0x18 zephyr/kernel/libkernel.a(sem.c.obj)
                0x00000000000263ca                z_impl_k_sem_init
 .text.flag_test_and_clear
                0x00000000000263e2       0x16 zephyr/kernel/libkernel.a(work.c.obj)
 .text.notify_queue_locked.isra.0
                0x00000000000263f8        0xe zephyr/kernel/libkernel.a(work.c.obj)
 .text.work_timeout
                0x0000000000026406       0x3c zephyr/kernel/libkernel.a(work.c.obj)
 .text.k_work_init
                0x0000000000026442       0x12 zephyr/kernel/libkernel.a(work.c.obj)
                0x0000000000026442                k_work_init
 .text.z_work_submit_to_queue
                0x0000000000026454       0x26 zephyr/kernel/libkernel.a(work.c.obj)
                0x0000000000026454                z_work_submit_to_queue
 .text.k_work_submit_to_queue
                0x000000000002647a       0x20 zephyr/kernel/libkernel.a(work.c.obj)
                0x000000000002647a                k_work_submit_to_queue
 .text.k_work_init_delayable
                0x000000000002649a       0x18 zephyr/kernel/libkernel.a(work.c.obj)
                0x000000000002649a                k_work_init_delayable
 .text.k_is_in_isr
                0x00000000000264b2        0xc zephyr/kernel/libkernel.a(thread.c.obj)
                0x00000000000264b2                k_is_in_isr
 .text.sys_dlist_remove
                0x00000000000264be       0x10 zephyr/kernel/libkernel.a(sched.c.obj)
 .text.unpend_thread_no_timeout
                0x00000000000264ce       0x14 zephyr/kernel/libkernel.a(sched.c.obj)
 .text.add_to_waitq_locked
                0x00000000000264e2       0x50 zephyr/kernel/libkernel.a(sched.c.obj)
 .text.z_ready_thread
                0x0000000000026532       0x1e zephyr/kernel/libkernel.a(sched.c.obj)
                0x0000000000026532                z_ready_thread
 .text.z_unpend_thread_no_timeout
                0x0000000000026550       0x22 zephyr/kernel/libkernel.a(sched.c.obj)
                0x0000000000026550                z_unpend_thread_no_timeout
 .text.z_sched_wake_thread
                0x0000000000026572       0x3a zephyr/kernel/libkernel.a(sched.c.obj)
                0x0000000000026572                z_sched_wake_thread
 .text.z_thread_timeout
                0x00000000000265ac        0x8 zephyr/kernel/libkernel.a(sched.c.obj)
                0x00000000000265ac                z_thread_timeout
 .text.z_unpend_thread
                0x00000000000265b4       0x10 zephyr/kernel/libkernel.a(sched.c.obj)