Archive member included to satisfy reference by file (symbol)

app/libapp.a(main.c.obj)      (--whole-archive)
zephyr/libzephyr.a(heap.c.obj)
                              (--whole-archive)
zephyr/libzephyr.a(cbprintf_packaged.c.obj)
                              (--whole-archive)
zephyr/libzephyr.a(printk.c.obj)
                              (--whole-archive)
zephyr/libzephyr.a(sem.c.obj)
                              (--whole-archive)
zephyr/libzephyr.a(thread_entry.c.obj)
                              (--whole-archive)
zephyr/libzephyr.a(cbprintf_complete.c.obj)
                              (--whole-archive)
zephyr/libzephyr.a(assert.c.obj)
                              (--whole-archive)
zephyr/libzephyr.a(dec.c.obj)
                              (--whole-archive)
zephyr/libzephyr.a(hex.c.obj)
                              (--whole-archive)
zephyr/libzephyr.a(rb.c.obj)  (--whole-archive)
zephyr/libzephyr.a(timeutil.c.obj)
                              (--whole-archive)
zephyr/libzephyr.a(bitarray.c.obj)
                              (--whole-archive)
zephyr/libzephyr.a(onoff.c.obj)
                              (--whole-archive)
zephyr/libzephyr.a(notify.c.obj)
                              (--whole-archive)
zephyr/libzephyr.a(ring_buffer.c.obj)
                              (--whole-archive)
zephyr/libzephyr.a(last_section_id.c.obj)
                              (--whole-archive)
zephyr/libzephyr.a(configs.c.obj)
                              (--whole-archive)
zephyr/libzephyr.a(thread_info.c.obj)
                              (--whole-archive)
zephyr/libzephyr.a(mem_attr.c.obj)
                              (--whole-archive)
zephyr/libzephyr.a(tracing_none.c.obj)
                              (--whole-archive)
zephyr/libzephyr.a(usb_device.c.obj)
                              (--whole-archive)
zephyr/libzephyr.a(usb_descriptor.c.obj)
                              (--whole-archive)
zephyr/libzephyr.a(usb_transfer.c.obj)
                              (--whole-archive)
zephyr/libzephyr.a(cdc_acm.c.obj)
                              (--whole-archive)
zephyr/libzephyr.a(usb_work_q.c.obj)
                              (--whole-archive)
zephyr/libzephyr.a(banner.c.obj)
                              (--whole-archive)
zephyr/libzephyr.a(flash_map_partition_manager.c.obj)
                              (--whole-archive)
zephyr/arch/common/libarch__common.a(sw_isr_common.c.obj)
                              (--whole-archive)
zephyr/arch/arch/arm/core/libarch__arm__core.a(fatal.c.obj)
                              (--whole-archive)
zephyr/arch/arch/arm/core/libarch__arm__core.a(nmi.c.obj)
                              (--whole-archive)
zephyr/arch/arch/arm/core/libarch__arm__core.a(nmi_on_reset.S.obj)
                              (--whole-archive)
zephyr/arch/arch/arm/core/libarch__arm__core.a(tls.c.obj)
                              (--whole-archive)
zephyr/arch/arch/arm/core/cortex_m/libarch__arm__core__cortex_m.a(exc_exit.c.obj)
                              (--whole-archive)
zephyr/arch/arch/arm/core/cortex_m/libarch__arm__core__cortex_m.a(fault.c.obj)
                              (--whole-archive)
zephyr/arch/arch/arm/core/cortex_m/libarch__arm__core__cortex_m.a(fault_s.S.obj)
                              (--whole-archive)
zephyr/arch/arch/arm/core/cortex_m/libarch__arm__core__cortex_m.a(fpu.c.obj)
                              (--whole-archive)
zephyr/arch/arch/arm/core/cortex_m/libarch__arm__core__cortex_m.a(reset.S.obj)
                              (--whole-archive)
zephyr/arch/arch/arm/core/cortex_m/libarch__arm__core__cortex_m.a(scb.c.obj)
                              (--whole-archive)
zephyr/arch/arch/arm/core/cortex_m/libarch__arm__core__cortex_m.a(thread_abort.c.obj)
                              (--whole-archive)
zephyr/arch/arch/arm/core/cortex_m/libarch__arm__core__cortex_m.a(vector_table.S.obj)
                              (--whole-archive)
zephyr/arch/arch/arm/core/cortex_m/libarch__arm__core__cortex_m.a(swap_helper.S.obj)
                              (--whole-archive)
zephyr/arch/arch/arm/core/cortex_m/libarch__arm__core__cortex_m.a(irq_manage.c.obj)
                              (--whole-archive)
zephyr/arch/arch/arm/core/cortex_m/libarch__arm__core__cortex_m.a(prep_c.c.obj)
                              (--whole-archive)
zephyr/arch/arch/arm/core/cortex_m/libarch__arm__core__cortex_m.a(thread.c.obj)
                              (--whole-archive)
zephyr/arch/arch/arm/core/cortex_m/libarch__arm__core__cortex_m.a(cpu_idle.c.obj)
                              (--whole-archive)
zephyr/arch/arch/arm/core/cortex_m/libarch__arm__core__cortex_m.a(irq_init.c.obj)
                              (--whole-archive)
zephyr/arch/arch/arm/core/cortex_m/libarch__arm__core__cortex_m.a(isr_wrapper.c.obj)
                              (--whole-archive)
zephyr/arch/arch/arm/core/cortex_m/libarch__arm__core__cortex_m.a(__aeabi_read_tp.S.obj)
                              (--whole-archive)
[...]
Memory Configuration

Name             Origin             Length             Attributes
FLASH            0x000000000001c000 0x00000000000d4000 xr
RAM              0x000000002000a000 0x0000000000066000 xw
IDT_LIST         0x00000000ffff7fff 0x0000000000008000 xw
*default*        0x0000000000000000 0xffffffffffffffff

Linker script and memory map

                0x0000000000024208                vfprintf = __l_vfprintf
                0x0000000000000000                vfscanf = __l_vfscanf
LOAD zephyr/CMakeFiles/zephyr_final.dir/misc/empty_file.c.obj
LOAD zephyr/CMakeFiles/zephyr_final.dir/isr_tables.c.obj
LOAD zephyr/CMakeFiles/offsets.dir/./arch/arm/core/offsets/offsets.c.obj
LOAD tfm/api_ns/interface/lib/s_veneers.o
LOAD app/libapp.a
LOAD zephyr/libzephyr.a
LOAD zephyr/arch/common/libarch__common.a
LOAD zephyr/arch/arch/arm/core/libarch__arm__core.a
LOAD zephyr/arch/arch/arm/core/cortex_m/libarch__arm__core__cortex_m.a
LOAD zephyr/arch/arch/arm/core/cortex_m/cmse/libarch__arm__core__cortex_m__cmse.a
LOAD zephyr/arch/arch/arm/core/mpu/libarch__arm__core__mpu.a
LOAD zephyr/lib/libc/picolibc/liblib__libc__picolibc.a
LOAD zephyr/lib/libc/common/liblib__libc__common.a
LOAD zephyr/soc/soc/nrf5340/libsoc__nordic.a
LOAD zephyr/boards/nordic/thingy53/libboards__nordic__thingy53.a
LOAD zephyr/drivers/usb/device/libdrivers__usb__device.a
LOAD zephyr/drivers/usb/common/nrf_usbd_common/libdrivers__usb__common__nrf_usbd_common.a
LOAD zephyr/drivers/clock_control/libdrivers__clock_control.a
LOAD zephyr/drivers/console/libdrivers__console.a
LOAD zephyr/drivers/gpio/libdrivers__gpio.a
LOAD zephyr/drivers/hwinfo/libdrivers__hwinfo.a
LOAD zephyr/drivers/i2c/libdrivers__i2c.a
LOAD zephyr/drivers/pinctrl/libdrivers__pinctrl.a
LOAD zephyr/drivers/regulator/libdrivers__regulator.a
LOAD zephyr/drivers/serial/libdrivers__serial.a
LOAD zephyr/drivers/spi/libdrivers__spi.a
LOAD zephyr/drivers/timer/libdrivers__timer.a
LOAD modules/nrf/subsys/nrf_security/src/zephyr/libmbedtls_zephyr.a
LOAD modules/nrf/modules/trusted-firmware-m/lib..__nrf__modules__trusted-firmware-m.a
LOAD modules/nrf/modules/trusted-firmware-m/libtfm_api_nrf.a
LOAD modules/trusted-firmware-m/libtfm_api.a
LOAD modules/hal_nordic/modules/hal_nordic/nrfx/libmodules__hal_nordic__nrfx.a
LOAD zephyr/kernel/libkernel.a
LOAD zephyr/arch/common/libisr_tables.a
LOAD modules/nrf/subsys/nrf_security/src/libmbedcrypto.a
LOAD modules/nrf/subsys/nrf_security/src/libmbedcrypto_base.a
LOAD modules/nrf/subsys/nrf_security/src/libnrf_security_utils.a
LOAD zephyr/kernel/libkernel.a
LOAD /opt/nordic/ncs/v3.0.0/nrfxlib/crypto/nrf_oberon/lib/cortex-m33/soft-float/liboberon_mbedtls_3.0.16.a
LOAD /opt/nordic/ncs/v3.0.0/nrfxlib/crypto/nrf_oberon/lib/cortex-m33/soft-float/liboberon_3.0.16.a
LOAD /opt/nordic/ncs/toolchains/ef4fc6722e/opt/zephyr-sdk/arm-zephyr-eabi/bin/../lib/gcc/../../picolibc/arm-zephyr-eabi/lib/thumb/v8-m.main/nofp/libc.a
LOAD /opt/nordic/ncs/toolchains/ef4fc6722e/opt/zephyr-sdk/arm-zephyr-eabi/bin/../lib/gcc/arm-zephyr-eabi/12.2.0/thumb/v8-m.main/nofp/libgcc.a
                0x0000000000000020                _region_min_align = 0x20

.rel.plt        0x000000000001c000        0x0
 *(SORT_BY_ALIGNMENT(.rel.plt))
                [!provide]                        PROVIDE (__rel_iplt_start = .)
 *(SORT_BY_ALIGNMENT(.rel.iplt))
 .rel.iplt      0x000000000001c000        0x0 zephyr/CMakeFiles/zephyr_final.dir/isr_tables.c.obj
                [!provide]                        PROVIDE (__rel_iplt_end = .)

.rela.plt       0x0000000000000000        0x0
 *(SORT_BY_ALIGNMENT(.rela.plt))
                [!provide]                        PROVIDE (__rela_iplt_start = .)
 *(SORT_BY_ALIGNMENT(.rela.iplt))
                [!provide]                        PROVIDE (__rela_iplt_end = .)

.rel.dyn
 *(SORT_BY_ALIGNMENT(.rel.*))

.rela.dyn
 *(SORT_BY_ALIGNMENT(.rela.*))

/DISCARD/
 *(SORT_BY_ALIGNMENT(.plt))

/DISCARD/
 *(SORT_BY_ALIGNMENT(.iplt))
                0x000000000001c000                __rom_region_start = 0x1c000

rom_start       0x000000000001c000      0x154
                0x000000000001c000                __rom_start_address = .
 FILL mask 0x00
                0x000000000001c000                . = (. + (0x0 - (. - __rom_start_address)))
                0x000000000001c000                . = ALIGN (0x4)
                0x000000000001c000                . = ALIGN (0x80)
                0x000000000001c000                . = ALIGN (0x200)
                0x000000000001c000                _vector_start = .
 *(SORT_BY_ALIGNMENT(.exc_vector_table))
 *(SORT_BY_ALIGNMENT(.exc_vector_table.*))
 .exc_vector_table._vector_table_section
                0x000000000001c000       0x40 zephyr/arch/arch/arm/core/cortex_m/libarch__arm__core__cortex_m.a(vector_table.S.obj)
                0x000000000001c000                _vector_table
 *(SORT_BY_ALIGNMENT(.vectors))
                0x000000000001c154                _vector_end = .
                0x000000000001c040                . = ALIGN (0x4)
 *(SORT_BY_ALIGNMENT(.gnu.linkonce.irq_vector_table*))
 .gnu.linkonce.irq_vector_table
                0x000000000001c040      0x114 zephyr/CMakeFiles/zephyr_final.dir/isr_tables.c.obj
                0x000000000001c040                _irq_vector_table
                0x000000000001c154                _vector_end = .

text            0x000000000001c154     0xa7d0
                0x000000000001c154                __text_region_start = .
 *(SORT_BY_ALIGNMENT(.text))
 .text          0x000000000001c154       0x30 /opt/nordic/ncs/toolchains/ef4fc6722e/opt/zephyr-sdk/arm-zephyr-eabi/bin/../lib/gcc/arm-zephyr-eabi/12.2.0/thumb/v8-m.main/nofp/libgcc.a(_aeabi_uldivmod.o)
                0x000000000001c154                __aeabi_uldivmod
 .text          0x000000000001c184        0x4 /opt/nordic/ncs/toolchains/ef4fc6722e/opt/zephyr-sdk/arm-zephyr-eabi/bin/../lib/gcc/arm-zephyr-eabi/12.2.0/thumb/v8-m.main/nofp/libgcc.a(_dvmd_tls.o)
                0x000000000001c184                __aeabi_ldiv0
                0x000000000001c184                __aeabi_idiv0
 .text          0x000000000001c188       0x10 /opt/nordic/ncs/toolchains/ef4fc6722e/opt/zephyr-sdk/arm-zephyr-eabi/bin/../lib/gcc/../../picolibc/arm-zephyr-eabi/lib/thumb/v8-m.main/nofp/libc.a(strlen.S.o)
                0x000000000001c188                strlen
 .text          0x000000000001c198      0x29c /opt/nordic/ncs/toolchains/ef4fc6722e/opt/zephyr-sdk/arm-zephyr-eabi/bin/../lib/gcc/arm-zephyr-eabi/12.2.0/thumb/v8-m.main/nofp/libgcc.a(_udivmoddi4.o)
                0x000000000001c198                __udivmoddi4
 *(SORT_BY_ALIGNMENT(.text.*))
 .text.main     0x000000000001c434       0x74 app/libapp.a(main.c.obj)
                0x000000000001c434                main
 .text.char_out
                0x000000000001c4a8        0xc zephyr/libzephyr.a(printk.c.obj)
 .text.__printk_hook_install
                0x000000000001c4b4        0xc zephyr/libzephyr.a(printk.c.obj)
                0x000000000001c4b4                __printk_hook_install
 .text.vprintk  0x000000000001c4c0       0x30 zephyr/libzephyr.a(printk.c.obj)
                0x000000000001c4c0                vprintk
 .text.z_thread_entry
                0x000000000001c4f0       0x34 zephyr/libzephyr.a(thread_entry.c.obj)
                0x000000000001c4f0                z_thread_entry
 .text.process_event
                0x000000000001c524      0x21c zephyr/libzephyr.a(onoff.c.obj)
 .text.mem_attr_get_regions
                0x000000000001c740        0xc zephyr/libzephyr.a(mem_attr.c.obj)
                0x000000000001c740                mem_attr_get_regions
 .text.class_handler
                0x000000000001c74c       0x40 zephyr/libzephyr.a(usb_device.c.obj)
 .text.custom_handler
                0x000000000001c78c       0x60 zephyr/libzephyr.a(usb_device.c.obj)
 .text.vendor_handler
                0x000000000001c7ec       0x3c zephyr/libzephyr.a(usb_device.c.obj)
 .text.disable_endpoint
                0x000000000001c828       0x2c zephyr/libzephyr.a(usb_device.c.obj)
 .text.usb_reset_alt_setting
                0x000000000001c854       0x10 zephyr/libzephyr.a(usb_device.c.obj)
 .text.is_ep_valid.part.0
                0x000000000001c864       0x38 zephyr/libzephyr.a(usb_device.c.obj)
 .text.usb_handle_request.constprop.0
                0x000000000001c89c       0x2c zephyr/libzephyr.a(usb_device.c.obj)
 .text.forward_status_cb
                0x000000000001c8c8       0xac zephyr/libzephyr.a(usb_device.c.obj)
 .text.usb_halt_endpoint_req.isra.0
                0x000000000001c974       0x50 zephyr/libzephyr.a(usb_device.c.obj)
 .text.set_endpoint
                0x000000000001c9c4       0x84 zephyr/libzephyr.a(usb_device.c.obj)
 .text.usb_handle_standard_request
                0x000000000001ca48      0x29c zephyr/libzephyr.a(usb_device.c.obj)
 .text.usb_data_to_host
                0x000000000001cce4       0x60 zephyr/libzephyr.a(usb_device.c.obj)
 .text.usb_handle_control_transfer
                0x000000000001cd44       0xdc zephyr/libzephyr.a(usb_device.c.obj)
 .text.usb_set_config
                0x000000000001ce20       0x2c zephyr/libzephyr.a(usb_device.c.obj)
                0x000000000001ce20                usb_set_config
 .text.usb_enable
                0x000000000001ce4c      0x13c zephyr/libzephyr.a(usb_device.c.obj)
                0x000000000001ce4c                usb_enable
 .text.usb_update_sn_string_descriptor
                0x000000000001cf88       0x88 zephyr/libzephyr.a(usb_descriptor.c.obj)
                0x000000000001cf88                usb_update_sn_string_descriptor
 .text.usb_get_device_descriptor
                0x000000000001d010      0x1e0 zephyr/libzephyr.a(usb_descriptor.c.obj)
                0x000000000001d010                usb_get_device_descriptor
 .text.usb_ep_get_transfer
                0x000000000001d1f0       0x2c zephyr/libzephyr.a(usb_transfer.c.obj)
 .text.usb_transfer_work
                0x000000000001d21c      0x100 zephyr/libzephyr.a(usb_transfer.c.obj)
 .text.usb_transfer_ep_callback
                0x000000000001d31c       0x5c zephyr/libzephyr.a(usb_transfer.c.obj)
                0x000000000001d31c                usb_transfer_ep_callback
 .text.usb_transfer
                0x000000000001d378       0xe0 zephyr/libzephyr.a(usb_transfer.c.obj)
                0x000000000001d378                usb_transfer
 .text.usb_cancel_transfer
                0x000000000001d458       0x3c zephyr/libzephyr.a(usb_transfer.c.obj)
                0x000000000001d458                usb_cancel_transfer
 .text.usb_cancel_transfers
                0x000000000001d494       0x44 zephyr/libzephyr.a(usb_transfer.c.obj)
                0x000000000001d494                usb_cancel_transfers
 .text.usb_transfer_init
                0x000000000001d4d8       0x34 zephyr/libzephyr.a(usb_transfer.c.obj)
                0x000000000001d4d8                usb_transfer_init
 .text.cdc_acm_irq_rx_enable
                0x000000000001d50c       0x20 zephyr/libzephyr.a(cdc_acm.c.obj)
 .text.cdc_acm_irq_tx_enable
                0x000000000001d52c       0x20 zephyr/libzephyr.a(cdc_acm.c.obj)
 .text.cdc_acm_fifo_fill
                0x000000000001d54c       0x3c zephyr/libzephyr.a(cdc_acm.c.obj)
 .text.cdc_acm_write_cb
                0x000000000001d588       0x54 zephyr/libzephyr.a(cdc_acm.c.obj)
 .text.cdc_acm_class_handle_req
                0x000000000001d5dc       0x64 zephyr/libzephyr.a(cdc_acm.c.obj)
                0x000000000001d5dc                cdc_acm_class_handle_req
 .text.cdc_acm_int_in
                0x000000000001d640       0x18 zephyr/libzephyr.a(cdc_acm.c.obj)
 .text.cdc_acm_reset_port
                0x000000000001d658       0x3c zephyr/libzephyr.a(cdc_acm.c.obj)
 .text.tx_work_handler
                0x000000000001d694       0x64 zephyr/libzephyr.a(cdc_acm.c.obj)
 .text.cdc_acm_init
                0x000000000001d6f8       0x48 zephyr/libzephyr.a(cdc_acm.c.obj)
 .text.cdc_acm_poll_out
                0x000000000001d740       0x70 zephyr/libzephyr.a(cdc_acm.c.obj)
 .text.cdc_acm_read_cb
                0x000000000001d7b0       0x74 zephyr/libzephyr.a(cdc_acm.c.obj)
 .text.cdc_acm_dev_status_cb
                0x000000000001d824       0x84 zephyr/libzephyr.a(cdc_acm.c.obj)
 .text.z_usb_work_q_init
                0x000000000001d8a8       0x34 zephyr/libzephyr.a(usb_work_q.c.obj)
 .text.boot_banner
                0x000000000001d8dc       0x1c zephyr/libzephyr.a(banner.c.obj)
                0x000000000001d8dc                boot_banner
 .text.z_SysNmiOnReset
                0x000000000001d8f8        0x8 zephyr/arch/arch/arm/core/libarch__arm__core.a(nmi_on_reset.S.obj)
                0x000000000001d8f8                z_SysNmiOnReset
 .text.arch_tls_stack_setup
                0x000000000001d900       0x40 zephyr/arch/arch/arm/core/libarch__arm__core.a(tls.c.obj)
                0x000000000001d900                arch_tls_stack_setup
 .text._HandlerModeExit
                0x000000000001d940       0x28 zephyr/arch/arch/arm/core/cortex_m/libarch__arm__core__cortex_m.a(exc_exit.c.obj)
                0x000000000001d940                z_arm_exc_exit
                0x000000000001d940                z_arm_int_exit
 .text.usage_fault.constprop.0
                0x000000000001d968       0x5c zephyr/arch/arch/arm/core/cortex_m/libarch__arm__core__cortex_m.a(fault.c.obj)
 .text.bus_fault.constprop.0
                0x000000000001d9c4       0x6c zephyr/arch/arch/arm/core/cortex_m/libarch__arm__core__cortex_m.a(fault.c.obj)
 .text.mem_manage_fault.constprop.0
                0x000000000001da30       0x78 zephyr/arch/arch/arm/core/cortex_m/libarch__arm__core__cortex_m.a(fault.c.obj)
 .text.z_arm_fault
                0x000000000001daa8      0x130 zephyr/arch/arch/arm/core/cortex_m/libarch__arm__core__cortex_m.a(fault.c.obj)
                0x000000000001daa8                z_arm_fault
 .text.z_arm_fault_init
                0x000000000001dbd8       0x20 zephyr/arch/arch/arm/core/cortex_m/libarch__arm__core__cortex_m.a(fault.c.obj)
                0x000000000001dbd8                z_arm_fault_init
 .text.__fault  0x000000000001dbf8       0x14 zephyr/arch/arch/arm/core/cortex_m/libarch__arm__core__cortex_m.a(fault_s.S.obj)
                0x000000000001dbf8                z_arm_bus_fault
                0x000000000001dbf8                z_arm_usage_fault
                0x000000000001dbf8                z_arm_mpu_fault
                0x000000000001dbf8                z_arm_exc_spurious
                0x000000000001dbf8                z_arm_debug_monitor
                0x000000000001dbf8                z_arm_hard_fault
 .text._reset_section
                0x000000000001dc0c       0x68 zephyr/arch/arch/arm/core/cortex_m/libarch__arm__core__cortex_m.a(reset.S.obj)
                0x000000000001dc0c                z_arm_reset
                0x000000000001dc0c                __start
 .text.z_arm_clear_arm_mpu_config
                0x000000000001dc74       0x24 zephyr/arch/arch/arm/core/cortex_m/libarch__arm__core__cortex_m.a(scb.c.obj)
                0x000000000001dc74                z_arm_clear_arm_mpu_config
 .text.z_arm_init_arch_hw_at_boot
                0x000000000001dc98       0x4c zephyr/arch/arch/arm/core/cortex_m/libarch__arm__core__cortex_m.a(scb.c.obj)
                0x000000000001dc98                z_arm_init_arch_hw_at_boot
 .text.z_impl_k_thread_abort
                0x000000000001dce4       0x2c zephyr/arch/arch/arm/core/cortex_m/libarch__arm__core__cortex_m.a(thread_abort.c.obj)
                0x000000000001dce4                z_impl_k_thread_abort
 .text.z_arm_pendsv
                0x000000000001dd10       0x74 zephyr/arch/arch/arm/core/cortex_m/libarch__arm__core__cortex_m.a(swap_helper.S.obj)
                0x000000000001dd10                z_arm_pendsv
 .text.z_arm_svc
                0x000000000001dd84       0x24 zephyr/arch/arch/arm/core/cortex_m/libarch__arm__core__cortex_m.a(swap_helper.S.obj)
                0x000000000001dd84                z_arm_svc
 .text.arch_irq_enable
                0x000000000001dda8       0x1c zephyr/arch/arch/arm/core/cortex_m/libarch__arm__core__cortex_m.a(irq_manage.c.obj)
                0x000000000001dda8                arch_irq_enable
 .text.arch_irq_disable
                0x000000000001ddc4       0x28 zephyr/arch/arch/arm/core/cortex_m/libarch__arm__core__cortex_m.a(irq_manage.c.obj)
                0x000000000001ddc4                arch_irq_disable
 .text.arch_irq_is_enabled
                0x000000000001ddec       0x1c zephyr/arch/arch/arm/core/cortex_m/libarch__arm__core__cortex_m.a(irq_manage.c.obj)
                0x000000000001ddec                arch_irq_is_enabled
 .text.z_arm_irq_priority_set
                0x000000000001de08       0x2c zephyr/arch/arch/arm/core/cortex_m/libarch__arm__core__cortex_m.a(irq_manage.c.obj)
                0x000000000001de08                z_arm_irq_priority_set
 .text.z_prep_c
                0x000000000001de34       0x38 zephyr/arch/arch/arm/core/cortex_m/libarch__arm__core__cortex_m.a(prep_c.c.obj)
                0x000000000001de34                z_prep_c
 .text.arch_new_thread
                0x000000000001de6c       0x40 zephyr/arch/arch/arm/core/cortex_m/libarch__arm__core__cortex_m.a(thread.c.obj)
                0x000000000001de6c                arch_new_thread
 .text.arch_switch_to_main_thread
                0x000000000001deac       0x44 zephyr/arch/arch/arm/core/cortex_m/libarch__arm__core__cortex_m.a(thread.c.obj)
                0x000000000001deac                arch_switch_to_main_thread
 .text.z_arm_cpu_idle_init
                0x000000000001def0        0xc zephyr/arch/arch/arm/core/cortex_m/libarch__arm__core__cortex_m.a(cpu_idle.c.obj)
                0x000000000001def0                z_arm_cpu_idle_init
 .text.z_arm_interrupt_init
                0x000000000001defc       0x18 zephyr/arch/arch/arm/core/cortex_m/libarch__arm__core__cortex_m.a(irq_init.c.obj)
                0x000000000001defc                z_arm_interrupt_init
 .text._isr_wrapper
                0x000000000001df14       0x24 zephyr/arch/arch/arm/core/cortex_m/libarch__arm__core__cortex_m.a(isr_wrapper.c.obj)
                0x000000000001df14                _isr_wrapper
 .text.z_arm_configure_static_mpu_regions
                0x000000000001df38       0x38 zephyr/arch/arch/arm/core/mpu/libarch__arm__core__mpu.a(arm_core_mpu.c.obj)
                0x000000000001df38                z_arm_configure_static_mpu_regions
 .text.region_init
                0x000000000001df70       0x34 zephyr/arch/arch/arm/core/mpu/libarch__arm__core__mpu.a(arm_mpu.c.obj)
 .text.region_allocate_and_init
                0x000000000001dfa4       0x24 zephyr/arch/arch/arm/core/mpu/libarch__arm__core__mpu.a(arm_mpu.c.obj)
 .text.mpu_configure_regions_and_partition.constprop.0
                0x000000000001dfc8      0x148 zephyr/arch/arch/arm/core/mpu/libarch__arm__core__mpu.a(arm_mpu.c.obj)
 .text.arm_core_mpu_enable
                0x000000000001e110       0x18 zephyr/arch/arch/arm/core/mpu/libarch__arm__core__mpu.a(arm_mpu.c.obj)
                0x000000000001e110                arm_core_mpu_enable
 .text.arm_core_mpu_disable
                0x000000000001e128       0x14 zephyr/arch/arch/arm/core/mpu/libarch__arm__core__mpu.a(arm_mpu.c.obj)
                0x000000000001e128                arm_core_mpu_disable
 .text.arm_core_mpu_configure_static_mpu_regions
                0x000000000001e13c       0x14 zephyr/arch/arch/arm/core/mpu/libarch__arm__core__mpu.a(arm_mpu.c.obj)
                0x000000000001e13c                arm_core_mpu_configure_static_mpu_regions
 .text.arm_core_mpu_mark_areas_for_dynamic_regions
                0x000000000001e150       0xb8 zephyr/arch/arch/arm/core/mpu/libarch__arm__core__mpu.a(arm_mpu.c.obj)
                0x000000000001e150                arm_core_mpu_mark_areas_for_dynamic_regions
 .text.z_arm_mpu_init
                0x000000000001e208      0x11c zephyr/arch/arch/arm/core/mpu/libarch__arm__core__mpu.a(arm_mpu.c.obj)
                0x000000000001e208                z_arm_mpu_init
 .text.z_impl_zephyr_fputc
                0x000000000001e324       0x10 zephyr/lib/libc/picolibc/liblib__libc__picolibc.a(stdio.c.obj)
                0x000000000001e324                z_impl_zephyr_fputc
 .text.__stdout_hook_install
                0x000000000001e334       0x18 zephyr/lib/libc/picolibc/liblib__libc__picolibc.a(stdio.c.obj)
                0x000000000001e334                __stdout_hook_install
 .text.malloc_prepare
                0x000000000001e34c       0x24 zephyr/lib/libc/common/liblib__libc__common.a(malloc.c.obj)
 .text.rtc_pretick_init
                0x000000000001e370       0x60 zephyr/soc/soc/nrf5340/libsoc__nordic.a(soc.c.obj)
 .text.z_arm_on_enter_cpu_idle
                0x000000000001e3d0       0x68 zephyr/soc/soc/nrf5340/libsoc__nordic.a(soc.c.obj)
                0x000000000001e3d0                z_arm_on_enter_cpu_idle
 .text.arch_busy_wait
                0x000000000001e438       0x24 zephyr/soc/soc/nrf5340/libsoc__nordic.a(soc.c.obj)
                0x000000000001e438                arch_busy_wait
 .text.onoff_stop
                0x000000000001e45c       0x14 zephyr/soc/soc/nrf5340/libsoc__nordic.a(nrf53_cpunet_mgmt.c.obj)
 .text.nrf53_cpunet_mgmt_init
                0x000000000001e470       0x10 zephyr/soc/soc/nrf5340/libsoc__nordic.a(nrf53_cpunet_mgmt.c.obj)
 .text.onoff_start
                0x000000000001e480       0x70 zephyr/soc/soc/nrf5340/libsoc__nordic.a(nrf53_cpunet_mgmt.c.obj)
 .text.nrf53_cpunet_enable.part.0
                0x000000000001e4f0       0x28 zephyr/soc/soc/nrf5340/libsoc__nordic.a(nrf53_cpunet_mgmt.c.obj)
 .text.usbd_evt_put
                0x000000000001e518        0xc zephyr/drivers/usb/device/libdrivers__usb__device.a(usb_dc_nrfx.c.obj)
 .text.usbd_work_schedule
                0x000000000001e524       0x10 zephyr/drivers/usb/device/libdrivers__usb__device.a(usb_dc_nrfx.c.obj)
 .text.endpoint_ctx
                0x000000000001e534       0x60 zephyr/drivers/usb/device/libdrivers__usb__device.a(usb_dc_nrfx.c.obj)
 .text.usbd_evt_get
                0x000000000001e594       0x10 zephyr/drivers/usb/device/libdrivers__usb__device.a(usb_dc_nrfx.c.obj)
 .text.usb_init
                0x000000000001e5a4       0x78 zephyr/drivers/usb/device/libdrivers__usb__device.a(usb_dc_nrfx.c.obj)
 .text.hfxo_stop.constprop.0.isra.0
                0x000000000001e61c       0x38 zephyr/drivers/usb/device/libdrivers__usb__device.a(usb_dc_nrfx.c.obj)
 .text.eps_ctx_init
                0x000000000001e654       0x68 zephyr/drivers/usb/device/libdrivers__usb__device.a(usb_dc_nrfx.c.obj)
 .text.usbd_evt_flush
                0x000000000001e6bc       0x1c zephyr/drivers/usb/device/libdrivers__usb__device.a(usb_dc_nrfx.c.obj)
 .text.usbd_evt_alloc
                0x000000000001e6d8       0x44 zephyr/drivers/usb/device/libdrivers__usb__device.a(usb_dc_nrfx.c.obj)
 .text.submit_dc_power_event
                0x000000000001e71c       0x2c zephyr/drivers/usb/device/libdrivers__usb__device.a(usb_dc_nrfx.c.obj)
 .text.usb_dc_power_event_handler
                0x000000000001e748       0x38 zephyr/drivers/usb/device/libdrivers__usb__device.a(usb_dc_nrfx.c.obj)
 .text.usbd_event_transfer_data
                0x000000000001e780       0xa8 zephyr/drivers/usb/device/libdrivers__usb__device.a(usb_dc_nrfx.c.obj)
 .text.usbd_event_handler
                0x000000000001e828      0x11c zephyr/drivers/usb/device/libdrivers__usb__device.a(usb_dc_nrfx.c.obj)
 .text.usbd_work_handler
                0x000000000001e944      0x2d8 zephyr/drivers/usb/device/libdrivers__usb__device.a(usb_dc_nrfx.c.obj)
 .text.usb_dc_attach
                0x000000000001ec1c       0x64 zephyr/drivers/usb/device/libdrivers__usb__device.a(usb_dc_nrfx.c.obj)
                0x000000000001ec1c                usb_dc_attach
 .text.usb_dc_set_address
                0x000000000001ec80       0x24 zephyr/drivers/usb/device/libdrivers__usb__device.a(usb_dc_nrfx.c.obj)
                0x000000000001ec80                usb_dc_set_address
 .text.usb_dc_ep_configure
                0x000000000001eca4       0x48 zephyr/drivers/usb/device/libdrivers__usb__device.a(usb_dc_nrfx.c.obj)
                0x000000000001eca4                usb_dc_ep_configure
 .text.usb_dc_ep_set_stall
                0x000000000001ecec       0x50 zephyr/drivers/usb/device/libdrivers__usb__device.a(usb_dc_nrfx.c.obj)
                0x000000000001ecec                usb_dc_ep_set_stall
 .text.usb_dc_ep_clear_stall
                0x000000000001ed3c       0x40 zephyr/drivers/usb/device/libdrivers__usb__device.a(usb_dc_nrfx.c.obj)
                0x000000000001ed3c                usb_dc_ep_clear_stall
 .text.usb_dc_ep_is_stalled
                0x000000000001ed7c       0x38 zephyr/drivers/usb/device/libdrivers__usb__device.a(usb_dc_nrfx.c.obj)
                0x000000000001ed7c                usb_dc_ep_is_stalled
 .text.usb_dc_ep_enable
                0x000000000001edb4       0x54 zephyr/drivers/usb/device/libdrivers__usb__device.a(usb_dc_nrfx.c.obj)
                0x000000000001edb4                usb_dc_ep_enable
 .text.usb_dc_ep_write
                0x000000000001ee08       0xf8 zephyr/drivers/usb/device/libdrivers__usb__device.a(usb_dc_nrfx.c.obj)
                0x000000000001ee08                usb_dc_ep_write
 .text.usb_dc_ep_read_wait
                0x000000000001ef00       0x90 zephyr/drivers/usb/device/libdrivers__usb__device.a(usb_dc_nrfx.c.obj)
                0x000000000001ef00                usb_dc_ep_read_wait
 .text.usb_dc_ep_read_continue
                0x000000000001ef90       0x84 zephyr/drivers/usb/device/libdrivers__usb__device.a(usb_dc_nrfx.c.obj)
                0x000000000001ef90                usb_dc_ep_read_continue
 .text.usb_dc_ep_set_callback
                0x000000000001f014       0x28 zephyr/drivers/usb/device/libdrivers__usb__device.a(usb_dc_nrfx.c.obj)
                0x000000000001f014                usb_dc_ep_set_callback
 .text.usb_dc_set_status_callback
                0x000000000001f03c        0xc zephyr/drivers/usb/device/libdrivers__usb__device.a(usb_dc_nrfx.c.obj)
                0x000000000001f03c                usb_dc_set_status_callback
 .text.usb_dc_ep_mps
                0x000000000001f048       0x24 zephyr/drivers/usb/device/libdrivers__usb__device.a(usb_dc_nrfx.c.obj)
                0x000000000001f048                usb_dc_ep_mps
 .text.ep_state_access
                0x000000000001f06c       0x20 zephyr/drivers/usb/common/nrf_usbd_common/libdrivers__usb__common__nrf_usbd_common.a(nrf_usbd_common.c.obj)
 .text.nrf_usbd_common_uninit
                0x000000000001f08c       0x14 zephyr/drivers/usb/common/nrf_usbd_common/libdrivers__usb__common__nrf_usbd_common.a(nrf_usbd_common.c.obj)
                0x000000000001f08c                nrf_usbd_common_uninit
 .text.nrf_usbd_common_enable
                0x000000000001f0a0       0x64 zephyr/drivers/usb/common/nrf_usbd_common/libdrivers__usb__common__nrf_usbd_common.a(nrf_usbd_common.c.obj)
                0x000000000001f0a0                nrf_usbd_common_enable
 .text.nrf_usbd_common_start
                0x000000000001f104       0x38 zephyr/drivers/usb/common/nrf_usbd_common/libdrivers__usb__common__nrf_usbd_common.a(nrf_usbd_common.c.obj)
                0x000000000001f104                nrf_usbd_common_start
 .text.nrf_usbd_common_is_enabled
                0x000000000001f13c       0x14 zephyr/drivers/usb/common/nrf_usbd_common/libdrivers__usb__common__nrf_usbd_common.a(nrf_usbd_common.c.obj)
                0x000000000001f13c                nrf_usbd_common_is_enabled
 .text.nrf_usbd_common_suspend
                0x000000000001f150       0x6c zephyr/drivers/usb/common/nrf_usbd_common/libdrivers__usb__common__nrf_usbd_common.a(nrf_usbd_common.c.obj)
                0x000000000001f150                nrf_usbd_common_suspend
 .text.nrf_usbd_common_init
                0x000000000001f1bc       0x84 zephyr/drivers/usb/common/nrf_usbd_common/libdrivers__usb__common__nrf_usbd_common.a(nrf_usbd_common.c.obj)
                0x000000000001f1bc                nrf_usbd_common_init
 .text.nrf_usbd_common_ep_enable_check
                0x000000000001f240       0x28 zephyr/drivers/usb/common/nrf_usbd_common/libdrivers__usb__common__nrf_usbd_common.a(nrf_usbd_common.c.obj)
                0x000000000001f240                nrf_usbd_common_ep_enable_check
 .text.nrf_usbd_common_ep_transfer
                0x000000000001f268       0x9c zephyr/drivers/usb/common/nrf_usbd_common/libdrivers__usb__common__nrf_usbd_common.a(nrf_usbd_common.c.obj)
                0x000000000001f268                nrf_usbd_common_ep_transfer
 .text.nrf_usbd_common_epout_size_get
                0x000000000001f304       0x28 zephyr/drivers/usb/common/nrf_usbd_common/libdrivers__usb__common__nrf_usbd_common.a(nrf_usbd_common.c.obj)
                0x000000000001f304                nrf_usbd_common_epout_size_get
 .text.nrf_usbd_common_irq_handler
                0x000000000001f32c      0x48c zephyr/drivers/usb/common/nrf_usbd_common/libdrivers__usb__common__nrf_usbd_common.a(nrf_usbd_common.c.obj)
                0x000000000001f32c                nrf_usbd_common_irq_handler
 .text.nrf_usbd_common_ep_stall
                0x000000000001f7b8       0x10 zephyr/drivers/usb/common/nrf_usbd_common/libdrivers__usb__common__nrf_usbd_common.a(nrf_usbd_common.c.obj)
                0x000000000001f7b8                nrf_usbd_common_ep_stall
 .text.nrf_usbd_common_ep_stall_check
                0x000000000001f7c8       0x34 zephyr/drivers/usb/common/nrf_usbd_common/libdrivers__usb__common__nrf_usbd_common.a(nrf_usbd_common.c.obj)
                0x000000000001f7c8                nrf_usbd_common_ep_stall_check
 .text.nrf_usbd_common_ep_dtoggle_clear
                0x000000000001f7fc       0x14 zephyr/drivers/usb/common/nrf_usbd_common/libdrivers__usb__common__nrf_usbd_common.a(nrf_usbd_common.c.obj)
                0x000000000001f7fc                nrf_usbd_common_ep_dtoggle_clear
 .text.nrf_usbd_common_setup_get
                0x000000000001f810       0x44 zephyr/drivers/usb/common/nrf_usbd_common/libdrivers__usb__common__nrf_usbd_common.a(nrf_usbd_common.c.obj)
                0x000000000001f810                nrf_usbd_common_setup_get
 .text.nrf_usbd_common_setup_data_clear
                0x000000000001f854        0xc zephyr/drivers/usb/common/nrf_usbd_common/libdrivers__usb__common__nrf_usbd_common.a(nrf_usbd_common.c.obj)
                0x000000000001f854                nrf_usbd_common_setup_data_clear
 .text.nrf_usbd_common_setup_clear
                0x000000000001f860        0xc zephyr/drivers/usb/common/nrf_usbd_common/libdrivers__usb__common__nrf_usbd_common.a(nrf_usbd_common.c.obj)
                0x000000000001f860                nrf_usbd_common_setup_clear
 .text.nrf_usbd_common_setup_stall
                0x000000000001f86c        0xc zephyr/drivers/usb/common/nrf_usbd_common/libdrivers__usb__common__nrf_usbd_common.a(nrf_usbd_common.c.obj)
                0x000000000001f86c                nrf_usbd_common_setup_stall
 .text.nrf_usbd_common_last_setup_dir_get
                0x000000000001f878        0xc zephyr/drivers/usb/common/nrf_usbd_common/libdrivers__usb__common__nrf_usbd_common.a(nrf_usbd_common.c.obj)
                0x000000000001f878                nrf_usbd_common_last_setup_dir_get
 .text.nrf_usbd_common_transfer_out_drop
                0x000000000001f884       0x4c zephyr/drivers/usb/common/nrf_usbd_common/libdrivers__usb__common__nrf_usbd_common.a(nrf_usbd_common.c.obj)
                0x000000000001f884                nrf_usbd_common_transfer_out_drop
 .text.usbd_ep_abort
                0x000000000001f8d0       0xf0 zephyr/drivers/usb/common/nrf_usbd_common/libdrivers__usb__common__nrf_usbd_common.a(nrf_usbd_common.c.obj)
 .text.nrf_usbd_common_ep_abort
                0x000000000001f9c0       0x34 zephyr/drivers/usb/common/nrf_usbd_common/libdrivers__usb__common__nrf_usbd_common.a(nrf_usbd_common.c.obj)
                0x000000000001f9c0                nrf_usbd_common_ep_abort
 .text.nrf_usbd_common_disable
                0x000000000001f9f4       0xd0 zephyr/drivers/usb/common/nrf_usbd_common/libdrivers__usb__common__nrf_usbd_common.a(nrf_usbd_common.c.obj)
                0x000000000001f9f4                nrf_usbd_common_disable
 .text.nrf_usbd_common_ep_disable
                0x000000000001fac4       0x60 zephyr/drivers/usb/common/nrf_usbd_common/libdrivers__usb__common__nrf_usbd_common.a(nrf_usbd_common.c.obj)
                0x000000000001fac4                nrf_usbd_common_ep_disable
 .text.nrf_usbd_common_ep_enable
                0x000000000001fb24       0x70 zephyr/drivers/usb/common/nrf_usbd_common/libdrivers__usb__common__nrf_usbd_common.a(nrf_usbd_common.c.obj)
                0x000000000001fb24                nrf_usbd_common_ep_enable
 .text.nrf_usbd_common_ep_stall_clear
                0x000000000001fb94       0x20 zephyr/drivers/usb/common/nrf_usbd_common/libdrivers__usb__common__nrf_usbd_common.a(nrf_usbd_common.c.obj)
                0x000000000001fb94                nrf_usbd_common_ep_stall_clear
 .text.onoff_stop
                0x000000000001fbb4       0x30 zephyr/drivers/clock_control/libdrivers__clock_control.a(clock_control_nrf.c.obj)
 .text.onoff_start
                0x000000000001fbe4       0x44 zephyr/drivers/clock_control/libdrivers__clock_control.a(clock_control_nrf.c.obj)
 .text.generic_hfclk_stop
                0x000000000001fc28       0x34 zephyr/drivers/clock_control/libdrivers__clock_control.a(clock_control_nrf.c.obj)
 .text.clk_init
                0x000000000001fc5c       0x64 zephyr/drivers/clock_control/libdrivers__clock_control.a(clock_control_nrf.c.obj)
 .text.api_blocking_start
                0x000000000001fcc0       0x34 zephyr/drivers/clock_control/libdrivers__clock_control.a(clock_control_nrf.c.obj)
 .text.clkstarted_handle.constprop.0
                0x000000000001fcf4       0x4c zephyr/drivers/clock_control/libdrivers__clock_control.a(clock_control_nrf.c.obj)
 .text.generic_hfclk_start
                0x000000000001fd40       0x7c zephyr/drivers/clock_control/libdrivers__clock_control.a(clock_control_nrf.c.obj)
 .text.clock_event_handler
                0x000000000001fdbc       0x34 zephyr/drivers/clock_control/libdrivers__clock_control.a(clock_control_nrf.c.obj)
 .text.z_nrf_clock_control_get_onoff
                0x000000000001fdf0       0x10 zephyr/drivers/clock_control/libdrivers__clock_control.a(clock_control_nrf.c.obj)
                0x000000000001fdf0                z_nrf_clock_control_get_onoff
 .text.z_nrf_clock_control_lf_on
                0x000000000001fe00       0xf4 zephyr/drivers/clock_control/libdrivers__clock_control.a(clock_control_nrf.c.obj)
                0x000000000001fe00                z_nrf_clock_control_lf_on
 .text.uart_console_init
                0x000000000001fef4       0x28 zephyr/drivers/console/libdrivers__console.a(uart_console.c.obj)
 .text.console_out
                0x000000000001ff1c       0x28 zephyr/drivers/console/libdrivers__console.a(uart_console.c.obj)
 .text.gpio_nrfx_pin_interrupt_configure
                0x000000000001ff44      0x100 zephyr/drivers/gpio/libdrivers__gpio.a(gpio_nrfx.c.obj)
 .text.gpio_nrfx_init
                0x0000000000020044       0x48 zephyr/drivers/gpio/libdrivers__gpio.a(gpio_nrfx.c.obj)
 .text.nrfx_gpio_handler
                0x000000000002008c       0x4c zephyr/drivers/gpio/libdrivers__gpio.a(gpio_nrfx.c.obj)
 .text.gpio_nrfx_pin_configure
                0x00000000000200d8      0x188 zephyr/drivers/gpio/libdrivers__gpio.a(gpio_nrfx.c.obj)
 .text.z_impl_hwinfo_get_device_id
                0x0000000000020260       0x3c zephyr/drivers/hwinfo/libdrivers__hwinfo.a(hwinfo_nrf.c.obj)
                0x0000000000020260                z_impl_hwinfo_get_device_id
 .text.event_handler
                0x000000000002029c       0x38 zephyr/drivers/i2c/libdrivers__i2c.a(i2c_nrfx_twim.c.obj)
 .text.i2c_nrfx_twim_transfer
                0x00000000000202d4      0x14c zephyr/drivers/i2c/libdrivers__i2c.a(i2c_nrfx_twim.c.obj)
 .text.i2c_nrfx_twim_recover_bus
                0x0000000000020420       0x40 zephyr/drivers/i2c/libdrivers__i2c.a(i2c_nrfx_twim_common.c.obj)
                0x0000000000020420                i2c_nrfx_twim_recover_bus
 .text.i2c_nrfx_twim_msg_transfer
                0x0000000000020460       0x6c zephyr/drivers/i2c/libdrivers__i2c.a(i2c_nrfx_twim_common.c.obj)
                0x0000000000020460                i2c_nrfx_twim_msg_transfer
 .text.i2c_nrfx_twim_common_init
                0x00000000000204cc       0x40 zephyr/drivers/i2c/libdrivers__i2c.a(i2c_nrfx_twim_common.c.obj)
                0x00000000000204cc                i2c_nrfx_twim_common_init
 .text.nrf_gpio_pin_port_decode
                0x000000000002050c       0x24 zephyr/drivers/pinctrl/libdrivers__pinctrl.a(pinctrl_nrf.c.obj)
 .text.pinctrl_configure_pins
                0x0000000000020530      0x18c zephyr/drivers/pinctrl/libdrivers__pinctrl.a(pinctrl_nrf.c.obj)
                0x0000000000020530                pinctrl_configure_pins
 .text.regulator_delay
                0x00000000000206bc       0x2c zephyr/drivers/regulator/libdrivers__regulator.a(regulator_common.c.obj)
 .text.transfer_next_chunk
                0x00000000000206e8       0xd0 zephyr/drivers/spi/libdrivers__spi.a(spi_nrfx_spim.c.obj)
 .text.spi_nrfx_transceive
                0x00000000000207b8      0x354 zephyr/drivers/spi/libdrivers__spi.a(spi_nrfx_spim.c.obj)
 .text.nrf_gpio_cfg_input
                0x0000000000020b0c       0x40 zephyr/drivers/spi/libdrivers__spi.a(spi_nrfx_common.c.obj)
 .text.spi_nrfx_wake_init
                0x0000000000020b4c       0x60 zephyr/drivers/spi/libdrivers__spi.a(spi_nrfx_common.c.obj)
                0x0000000000020b4c                spi_nrfx_wake_init
 .text.compare_int_lock
                0x0000000000020bac       0x40 zephyr/drivers/timer/libdrivers__timer.a(nrf_rtc_timer.c.obj)
 .text.sys_clock_timeout_handler
                0x0000000000020bec       0x48 zephyr/drivers/timer/libdrivers__timer.a(nrf_rtc_timer.c.obj)
 .text.compare_int_unlock
                0x0000000000020c34       0x4c zephyr/drivers/timer/libdrivers__timer.a(nrf_rtc_timer.c.obj)
 .text.z_nrf_rtc_timer_read
                0x0000000000020c80       0x44 zephyr/drivers/timer/libdrivers__timer.a(nrf_rtc_timer.c.obj)
                0x0000000000020c80                z_nrf_rtc_timer_read
 .text.compare_set
                0x0000000000020cc4      0x124 zephyr/drivers/timer/libdrivers__timer.a(nrf_rtc_timer.c.obj)
 .text.sys_clock_driver_init
                0x0000000000020de8       0x90 zephyr/drivers/timer/libdrivers__timer.a(nrf_rtc_timer.c.obj)
 .text.rtc_nrf_isr
                0x0000000000020e78       0xd0 zephyr/drivers/timer/libdrivers__timer.a(nrf_rtc_timer.c.obj)
                0x0000000000020e78                rtc_nrf_isr
 .text.sys_clock_set_timeout
                0x0000000000020f48       0x5c zephyr/drivers/timer/libdrivers__timer.a(nrf_rtc_timer.c.obj)
                0x0000000000020f48                sys_clock_set_timeout
 .text.sys_clock_elapsed
                0x0000000000020fa4       0x14 zephyr/drivers/timer/libdrivers__timer.a(nrf_rtc_timer.c.obj)
                0x0000000000020fa4                sys_clock_elapsed
 .text.ns_fault_init
                0x0000000000020fb8       0x10 modules/nrf/modules/trusted-firmware-m/lib..__nrf__modules__trusted-firmware-m.a(fault.c.obj)
 .text.arm_fault
                0x0000000000020fc8       0xbc modules/nrf/modules/trusted-firmware-m/lib..__nrf__modules__trusted-firmware-m.a(fault.c.obj)
                0x0000000000020fc8                arm_fault
 .text.tfm_ns_fault_handler_callback
                0x0000000000021084       0x48 modules/nrf/modules/trusted-firmware-m/lib..__nrf__modules__trusted-firmware-m.a(fault.c.obj)
                0x0000000000021084                tfm_ns_fault_handler_callback
 .text.tfm_ns_interface_dispatch
                0x00000000000210cc       0x64 modules/trusted-firmware-m/libtfm_api.a(interface.c.obj)
                0x00000000000210cc                tfm_ns_interface_dispatch
 .text.tfm_platform_ioctl
                0x0000000000021130       0x4c modules/trusted-firmware-m/libtfm_api.a(tfm_platform_api.c.obj)
                0x0000000000021130                tfm_platform_ioctl
 .text.psa_call
                0x000000000002117c       0x34 modules/trusted-firmware-m/libtfm_api.a(tfm_tz_psa_ns_api.c.obj)
                0x000000000002117c                psa_call
 .text.nrfx_flag32_alloc
                0x00000000000211b0       0x40 modules/hal_nordic/modules/hal_nordic/nrfx/libmodules__hal_nordic__nrfx.a(nrfx_flag32_allocator.c.obj)
                0x00000000000211b0                nrfx_flag32_alloc
 .text.nrfx_flag32_free
                0x00000000000211f0       0x38 modules/hal_nordic/modules/hal_nordic/nrfx/libmodules__hal_nordic__nrfx.a(nrfx_flag32_allocator.c.obj)
                0x00000000000211f0                nrfx_flag32_free
 .text.nrfx_gppi_channels_enable
                0x0000000000021228        0xc modules/hal_nordic/modules/hal_nordic/nrfx/libmodules__hal_nordic__nrfx.a(nrfx_gppi_dppi.c.obj)
                0x0000000000021228                nrfx_gppi_channels_enable
 .text.nrfx_gppi_channel_alloc
                0x0000000000021234        0xc modules/hal_nordic/modules/hal_nordic/nrfx/libmodules__hal_nordic__nrfx.a(nrfx_gppi_dppi.c.obj)
                0x0000000000021234                nrfx_gppi_channel_alloc
 .text.clock_stop
                0x0000000000021240       0xfc modules/hal_nordic/modules/hal_nordic/nrfx/libmodules__hal_nordic__nrfx.a(nrfx_clock.c.obj)
 .text.nrfx_clock_init
                0x000000000002133c       0x20 modules/hal_nordic/modules/hal_nordic/nrfx/libmodules__hal_nordic__nrfx.a(nrfx_clock.c.obj)
                0x000000000002133c                nrfx_clock_init
 .text.nrfx_clock_enable
                0x000000000002135c       0x38 modules/hal_nordic/modules/hal_nordic/nrfx/libmodules__hal_nordic__nrfx.a(nrfx_clock.c.obj)
                0x000000000002135c                nrfx_clock_enable
 .text.nrfx_clock_start
                0x0000000000021394       0xd8 modules/hal_nordic/modules/hal_nordic/nrfx/libmodules__hal_nordic__nrfx.a(nrfx_clock.c.obj)
                0x0000000000021394                nrfx_clock_start
 .text.nrfx_clock_irq_handler
                0x000000000002146c       0x74 modules/hal_nordic/modules/hal_nordic/nrfx/libmodules__hal_nordic__nrfx.a(nrfx_clock.c.obj)
                0x000000000002146c                nrfx_clock_irq_handler
 .text.nrfx_dppi_channel_alloc
                0x00000000000214e0       0x10 modules/hal_nordic/modules/hal_nordic/nrfx/libmodules__hal_nordic__nrfx.a(nrfx_dppi.c.obj)
                0x00000000000214e0                nrfx_dppi_channel_alloc
 .text.nrf_gpio_pin_port_decode
                0x00000000000214f0       0x24 modules/hal_nordic/modules/hal_nordic/nrfx/libmodules__hal_nordic__nrfx.a(nrfx_gpiote.c.obj)
 .text.get_pin_idx
                0x0000000000021514       0x14 modules/hal_nordic/modules/hal_nordic/nrfx/libmodules__hal_nordic__nrfx.a(nrfx_gpiote.c.obj)
 .text.call_handler.constprop.0
                0x0000000000021528       0x40 modules/hal_nordic/modules/hal_nordic/nrfx/libmodules__hal_nordic__nrfx.a(nrfx_gpiote.c.obj)
 .text.pin_te_get.constprop.0
                0x0000000000021568       0x18 modules/hal_nordic/modules/hal_nordic/nrfx/libmodules__hal_nordic__nrfx.a(nrfx_gpiote.c.obj)
 .text.pin_is_output.constprop.0
                0x0000000000021580       0x18 modules/hal_nordic/modules/hal_nordic/nrfx/libmodules__hal_nordic__nrfx.a(nrfx_gpiote.c.obj)
 .text.pin_in_use_by_te.constprop.0
                0x0000000000021598       0x18 modules/hal_nordic/modules/hal_nordic/nrfx/libmodules__hal_nordic__nrfx.a(nrfx_gpiote.c.obj)
 .text.latch_pending_read_and_check
                0x00000000000215b0       0x3c modules/hal_nordic/modules/hal_nordic/nrfx/libmodules__hal_nordic__nrfx.a(nrfx_gpiote.c.obj)
 .text.release_handler.isra.0
                0x00000000000215ec       0x58 modules/hal_nordic/modules/hal_nordic/nrfx/libmodules__hal_nordic__nrfx.a(nrfx_gpiote.c.obj)
 .text.__nrfy_internal_gpiote_events_process.constprop.0
                0x0000000000021644       0x5c modules/hal_nordic/modules/hal_nordic/nrfx/libmodules__hal_nordic__nrfx.a(nrfx_gpiote.c.obj)
 .text.pin_uninit
                0x00000000000216a0       0x84 modules/hal_nordic/modules/hal_nordic/nrfx/libmodules__hal_nordic__nrfx.a(nrfx_gpiote.c.obj)
 .text.nrfx_gpiote_input_configure
                0x0000000000021724      0x178 modules/hal_nordic/modules/hal_nordic/nrfx/libmodules__hal_nordic__nrfx.a(nrfx_gpiote.c.obj)
                0x0000000000021724                nrfx_gpiote_input_configure
 .text.nrfx_gpiote_output_configure
                0x000000000002189c      0x104 modules/hal_nordic/modules/hal_nordic/nrfx/libmodules__hal_nordic__nrfx.a(nrfx_gpiote.c.obj)
                0x000000000002189c                nrfx_gpiote_output_configure
 .text.nrfx_gpiote_global_callback_set
                0x00000000000219a0        0xc modules/hal_nordic/modules/hal_nordic/nrfx/libmodules__hal_nordic__nrfx.a(nrfx_gpiote.c.obj)
                0x00000000000219a0                nrfx_gpiote_global_callback_set
 .text.nrfx_gpiote_channel_get
                0x00000000000219ac       0x34 modules/hal_nordic/modules/hal_nordic/nrfx/libmodules__hal_nordic__nrfx.a(nrfx_gpiote.c.obj)
                0x00000000000219ac                nrfx_gpiote_channel_get
 .text.nrfx_gpiote_init
                0x00000000000219e0       0x64 modules/hal_nordic/modules/hal_nordic/nrfx/libmodules__hal_nordic__nrfx.a(nrfx_gpiote.c.obj)
                0x00000000000219e0                nrfx_gpiote_init
 .text.nrfx_gpiote_init_check
                0x0000000000021a44       0x14 modules/hal_nordic/modules/hal_nordic/nrfx/libmodules__hal_nordic__nrfx.a(nrfx_gpiote.c.obj)
                0x0000000000021a44                nrfx_gpiote_init_check
 .text.nrfx_gpiote_channel_free
                0x0000000000021a58        0xc modules/hal_nordic/modules/hal_nordic/nrfx/libmodules__hal_nordic__nrfx.a(nrfx_gpiote.c.obj)
                0x0000000000021a58                nrfx_gpiote_channel_free
 .text.nrfx_gpiote_channel_alloc
                0x0000000000021a64        0xc modules/hal_nordic/modules/hal_nordic/nrfx/libmodules__hal_nordic__nrfx.a(nrfx_gpiote.c.obj)
                0x0000000000021a64                nrfx_gpiote_channel_alloc
 .text.nrfx_gpiote_trigger_enable
                0x0000000000021a70       0xac modules/hal_nordic/modules/hal_nordic/nrfx/libmodules__hal_nordic__nrfx.a(nrfx_gpiote.c.obj)
                0x0000000000021a70                nrfx_gpiote_trigger_enable
 .text.nrfx_gpiote_1_irq_handler
                0x0000000000021b1c      0x1b8 modules/hal_nordic/modules/hal_nordic/nrfx/libmodules__hal_nordic__nrfx.a(nrfx_gpiote.c.obj)
                0x0000000000021b1c                nrfx_gpiote_1_irq_handler
 .text.nrfx_power_init
                0x0000000000021cd4       0x48 modules/hal_nordic/modules/hal_nordic/nrfx/libmodules__hal_nordic__nrfx.a(nrfx_power.c.obj)
                0x0000000000021cd4                nrfx_power_init
 .text.nrfx_power_irq_handler
                0x0000000000021d1c       0x70 modules/hal_nordic/modules/hal_nordic/nrfx/libmodules__hal_nordic__nrfx.a(nrfx_power.c.obj)
                0x0000000000021d1c                nrfx_power_irq_handler
 .text.nrf_gpio_pin_port_decode
                0x0000000000021d8c       0x24 modules/hal_nordic/modules/hal_nordic/nrfx/libmodules__hal_nordic__nrfx.a(nrfx_spim.c.obj)
 .text.spim_configuration_verify
                0x0000000000021db0       0xf8 modules/hal_nordic/modules/hal_nordic/nrfx/libmodules__hal_nordic__nrfx.a(nrfx_spim.c.obj)
 .text.pin_init
                0x0000000000021ea8       0x50 modules/hal_nordic/modules/hal_nordic/nrfx/libmodules__hal_nordic__nrfx.a(nrfx_spim.c.obj)
 .text.spim_configure
                0x0000000000021ef8      0x240 modules/hal_nordic/modules/hal_nordic/nrfx/libmodules__hal_nordic__nrfx.a(nrfx_spim.c.obj)
 .text.spim_pin_uninit
                0x0000000000022138       0x30 modules/hal_nordic/modules/hal_nordic/nrfx/libmodules__hal_nordic__nrfx.a(nrfx_spim.c.obj)
 .text.nrfx_spim_init
                0x0000000000022168       0x68 modules/hal_nordic/modules/hal_nordic/nrfx/libmodules__hal_nordic__nrfx.a(nrfx_spim.c.obj)
                0x0000000000022168                nrfx_spim_init
 .text.nrfx_spim_uninit
                0x00000000000221d0       0x90 modules/hal_nordic/modules/hal_nordic/nrfx/libmodules__hal_nordic__nrfx.a(nrfx_spim.c.obj)
                0x00000000000221d0                nrfx_spim_uninit
 .text.nrfx_spim_xfer
                0x0000000000022260      0x168 modules/hal_nordic/modules/hal_nordic/nrfx/libmodules__hal_nordic__nrfx.a(nrfx_spim.c.obj)
                0x0000000000022260                nrfx_spim_xfer
 .text.nrfx_spim_3_irq_handler
                0x00000000000223c8       0x10 modules/hal_nordic/modules/hal_nordic/nrfx/libmodules__hal_nordic__nrfx.a(nrfx_spim.c.obj)
                0x00000000000223c8                nrfx_spim_3_irq_handler
 .text.nrfx_spim_4_irq_handler
                0x00000000000223d8       0x10 modules/hal_nordic/modules/hal_nordic/nrfx/libmodules__hal_nordic__nrfx.a(nrfx_spim.c.obj)
                0x00000000000223d8                nrfx_spim_4_irq_handler
 .text.nrf_gpio_cfg.constprop.0
                0x00000000000223e8       0x48 modules/hal_nordic/modules/hal_nordic/nrfx/libmodules__hal_nordic__nrfx.a(nrfx_twim.c.obj)
 .text.twim_configure
                0x0000000000022430       0x3c modules/hal_nordic/modules/hal_nordic/nrfx/libmodules__hal_nordic__nrfx.a(nrfx_twim.c.obj)
 .text.nrfx_twim_init
                0x000000000002246c       0x74 modules/hal_nordic/modules/hal_nordic/nrfx/libmodules__hal_nordic__nrfx.a(nrfx_twim.c.obj)
                0x000000000002246c                nrfx_twim_init
 .text.nrfx_twim_enable
                0x00000000000224e0       0x20 modules/hal_nordic/modules/hal_nordic/nrfx/libmodules__hal_nordic__nrfx.a(nrfx_twim.c.obj)
                0x00000000000224e0                nrfx_twim_enable
 .text.nrfx_twim_disable
                0x0000000000022500       0x3c modules/hal_nordic/modules/hal_nordic/nrfx/libmodules__hal_nordic__nrfx.a(nrfx_twim.c.obj)
                0x0000000000022500                nrfx_twim_disable
 .text.nrfx_twim_xfer
                0x000000000002253c      0x350 modules/hal_nordic/modules/hal_nordic/nrfx/libmodules__hal_nordic__nrfx.a(nrfx_twim.c.obj)
                0x000000000002253c                nrfx_twim_xfer
 .text.nrfx_twim_1_irq_handler
                0x000000000002288c      0x188 modules/hal_nordic/modules/hal_nordic/nrfx/libmodules__hal_nordic__nrfx.a(nrfx_twim.c.obj)
                0x000000000002288c                nrfx_twim_1_irq_handler
 .text.nrfx_usbreg_enable
                0x0000000000022a14       0x10 modules/hal_nordic/modules/hal_nordic/nrfx/libmodules__hal_nordic__nrfx.a(nrfx_usbreg.c.obj)
                0x0000000000022a14                nrfx_usbreg_enable
 .text.nrfx_usbreg_disable
                0x0000000000022a24       0x10 modules/hal_nordic/modules/hal_nordic/nrfx/libmodules__hal_nordic__nrfx.a(nrfx_usbreg.c.obj)
                0x0000000000022a24                nrfx_usbreg_disable
 .text.nrfx_usbreg_uninit
                0x0000000000022a34       0x20 modules/hal_nordic/modules/hal_nordic/nrfx/libmodules__hal_nordic__nrfx.a(nrfx_usbreg.c.obj)
                0x0000000000022a34                nrfx_usbreg_uninit
 .text.nrfx_usbreg_init
                0x0000000000022a54       0x28 modules/hal_nordic/modules/hal_nordic/nrfx/libmodules__hal_nordic__nrfx.a(nrfx_usbreg.c.obj)
                0x0000000000022a54                nrfx_usbreg_init
 .text.nrfx_usbreg_irq_handler
                0x0000000000022a7c       0x50 modules/hal_nordic/modules/hal_nordic/nrfx/libmodules__hal_nordic__nrfx.a(nrfx_usbreg.c.obj)
                0x0000000000022a7c                nrfx_usbreg_irq_handler
 .text.nrf_gpio_pin_port_decode
                0x0000000000022acc       0x24 modules/hal_nordic/modules/hal_nordic/nrfx/libmodules__hal_nordic__nrfx.a(nrfx_twi_twim.c.obj)
 .text.nrfx_twi_twim_bus_recover
                0x0000000000022af0       0xd4 modules/hal_nordic/modules/hal_nordic/nrfx/libmodules__hal_nordic__nrfx.a(nrfx_twi_twim.c.obj)
                0x0000000000022af0                nrfx_twi_twim_bus_recover
 .text.z_fatal_error
                0x0000000000022bc4       0x30 zephyr/kernel/libkernel.a(fatal.c.obj)
                0x0000000000022bc4                z_fatal_error
 .text.z_sys_init_run_level
                0x0000000000022bf4       0x2c zephyr/kernel/libkernel.a(init.c.obj)
 .text.bg_thread_main
                0x0000000000022c20       0xc4 zephyr/kernel/libkernel.a(init.c.obj)
 .text.z_bss_zero
                0x0000000000022ce4       0x18 zephyr/kernel/libkernel.a(init.c.obj)
                0x0000000000022ce4                z_bss_zero
 .text.z_init_cpu
                0x0000000000022cfc       0x70 zephyr/kernel/libkernel.a(init.c.obj)
                0x0000000000022cfc                z_init_cpu
 .text.z_cstart
                0x0000000000022d6c       0xdc zephyr/kernel/libkernel.a(init.c.obj)
                0x0000000000022d6c                z_cstart
 .text.init_mem_slab_obj_core_list
                0x0000000000022e48       0x24 zephyr/kernel/libkernel.a(mem_slab.c.obj)
 .text.k_mem_slab_alloc
                0x0000000000022e6c       0x5c zephyr/kernel/libkernel.a(mem_slab.c.obj)
                0x0000000000022e6c                k_mem_slab_alloc
 .text.z_impl_k_mutex_lock
                0x0000000000022ec8       0xf0 zephyr/kernel/libkernel.a(mutex.c.obj)
                0x0000000000022ec8                z_impl_k_mutex_lock
 .text.z_impl_k_mutex_unlock
                0x0000000000022fb8       0xa0 zephyr/kernel/libkernel.a(mutex.c.obj)
                0x0000000000022fb8                z_impl_k_mutex_unlock
 .text.z_impl_k_queue_get
                0x0000000000023058       0x64 zephyr/kernel/libkernel.a(queue.c.obj)
                0x0000000000023058                z_impl_k_queue_get
 .text.z_impl_k_sem_give
                0x00000000000230bc       0x68 zephyr/kernel/libkernel.a(sem.c.obj)
                0x00000000000230bc                z_impl_k_sem_give
 .text.z_impl_k_sem_take
                0x0000000000023124       0x4c zephyr/kernel/libkernel.a(sem.c.obj)
                0x0000000000023124                z_impl_k_sem_take
 .text.z_impl_k_sem_reset
                0x0000000000023170       0x60 zephyr/kernel/libkernel.a(sem.c.obj)
                0x0000000000023170                z_impl_k_sem_reset
 .text.work_queue_main
                0x00000000000231d0      0x14c zephyr/kernel/libkernel.a(work.c.obj)
 .text.submit_to_queue_locked
                0x000000000002331c       0xb4 zephyr/kernel/libkernel.a(work.c.obj)
 .text.k_work_queue_start
                0x00000000000233d0       0x7c zephyr/kernel/libkernel.a(work.c.obj)
                0x00000000000233d0                k_work_queue_start
 .text.k_work_schedule_for_queue
                0x000000000002344c       0x54 zephyr/kernel/libkernel.a(work.c.obj)
                0x000000000002344c                k_work_schedule_for_queue
 .text.z_impl_k_thread_name_set
                0x00000000000234a0       0x20 zephyr/kernel/libkernel.a(thread.c.obj)
                0x00000000000234a0                z_impl_k_thread_name_set
 .text.z_setup_new_thread
                0x00000000000234c0       0xcc zephyr/kernel/libkernel.a(thread.c.obj)
                0x00000000000234c0                z_setup_new_thread
 .text.z_impl_k_thread_create
                0x000000000002358c       0x58 zephyr/kernel/libkernel.a(thread.c.obj)
                0x000000000002358c                z_impl_k_thread_create
 .text.z_swap_irqlock
                0x00000000000235e4       0x34 zephyr/kernel/libkernel.a(sched.c.obj)
 .text.ready_thread
                0x0000000000023618       0x90 zephyr/kernel/libkernel.a(sched.c.obj)
 .text.unready_thread
                0x00000000000236a8       0x54 zephyr/kernel/libkernel.a(sched.c.obj)
 .text.move_thread_to_end_of_prio_q
                0x00000000000236fc       0x90 zephyr/kernel/libkernel.a(sched.c.obj)
                0x00000000000236fc                move_thread_to_end_of_prio_q
 .text.z_pend_curr
                0x000000000002378c       0x58 zephyr/kernel/libkernel.a(sched.c.obj)
                0x000000000002378c                z_pend_curr
 .text.z_thread_prio_set
                0x00000000000237e4       0x9c zephyr/kernel/libkernel.a(sched.c.obj)
                0x00000000000237e4                z_thread_prio_set
 .text.z_reschedule
                0x0000000000023880       0x24 zephyr/kernel/libkernel.a(sched.c.obj)
                0x0000000000023880                z_reschedule
 .text.z_reschedule_irqlock
                0x00000000000238a4       0x28 zephyr/kernel/libkernel.a(sched.c.obj)
                0x00000000000238a4                z_reschedule_irqlock
 .text.k_sched_lock
                0x00000000000238cc       0x28 zephyr/kernel/libkernel.a(sched.c.obj)
                0x00000000000238cc                k_sched_lock
 .text.k_sched_unlock
                0x00000000000238f4       0x68 zephyr/kernel/libkernel.a(sched.c.obj)
                0x00000000000238f4                k_sched_unlock
 .text.z_sched_init
                0x000000000002395c       0x10 zephyr/kernel/libkernel.a(sched.c.obj)
                0x000000000002395c                z_sched_init
 .text.z_impl_k_yield
                0x000000000002396c       0x88 zephyr/kernel/libkernel.a(sched.c.obj)
                0x000000000002396c                z_impl_k_yield
 .text.z_tick_sleep
                0x00000000000239f4       0x80 zephyr/kernel/libkernel.a(sched.c.obj)
 .text.z_impl_k_usleep
                0x0000000000023a74       0x3c zephyr/kernel/libkernel.a(sched.c.obj)
                0x0000000000023a74                z_impl_k_usleep
 .text.z_impl_k_wakeup
                0x0000000000023ab0       0x4c zephyr/kernel/libkernel.a(sched.c.obj)
                0x0000000000023ab0                z_impl_k_wakeup
 .text.z_impl_k_sched_current_thread_query
                0x0000000000023afc        0xc zephyr/kernel/libkernel.a(sched.c.obj)
                0x0000000000023afc                z_impl_k_sched_current_thread_query
 .text.z_thread_abort
                0x0000000000023b08      0x118 zephyr/kernel/libkernel.a(sched.c.obj)
                0x0000000000023b08                z_thread_abort
 .text.z_sched_wait
                0x0000000000023c20       0x24 zephyr/kernel/libkernel.a(sched.c.obj)
                0x0000000000023c20                z_sched_wait
 .text.slice_timeout
                0x0000000000023c44       0x20 zephyr/kernel/libkernel.a(timeslicing.c.obj)
 .text.thread_is_sliceable
                0x0000000000023c64       0x3c zephyr/kernel/libkernel.a(timeslicing.c.obj)
                0x0000000000023c64                thread_is_sliceable
 .text.z_reset_time_slice
                0x0000000000023ca0       0x50 zephyr/kernel/libkernel.a(timeslicing.c.obj)
                0x0000000000023ca0                z_reset_time_slice
 .text.z_time_slice
                0x0000000000023cf0       0x60 zephyr/kernel/libkernel.a(timeslicing.c.obj)
                0x0000000000023cf0                z_time_slice
 .text.z_thread_monitor_exit
                0x0000000000023d50       0x3c zephyr/kernel/libkernel.a(thread_monitor.c.obj)
                0x0000000000023d50                z_thread_monitor_exit
 .text.z_data_copy
                0x0000000000023d8c       0x38 zephyr/kernel/libkernel.a(xip.c.obj)
                0x0000000000023d8c                z_data_copy
 .text.first    0x0000000000023dc4       0x10 zephyr/kernel/libkernel.a(timeout.c.obj)
 .text.elapsed  0x0000000000023dd4       0x14 zephyr/kernel/libkernel.a(timeout.c.obj)
 .text.remove_timeout
                0x0000000000023de8       0x38 zephyr/kernel/libkernel.a(timeout.c.obj)
 .text.z_add_timeout
                0x0000000000023e20       0xec zephyr/kernel/libkernel.a(timeout.c.obj)
                0x0000000000023e20                z_add_timeout
 .text.sys_clock_announce
                0x0000000000023f0c       0xbc zephyr/kernel/libkernel.a(timeout.c.obj)
                0x0000000000023f0c                sys_clock_announce
 .text.sys_clock_tick_get
                0x0000000000023fc8       0x30 zephyr/kernel/libkernel.a(timeout.c.obj)
                0x0000000000023fc8                sys_clock_tick_get
 .text.z_timer_expiration_handler
                0x0000000000023ff8       0xe0 zephyr/kernel/libkernel.a(timer.c.obj)
                0x0000000000023ff8                z_timer_expiration_handler
 .text.z_impl_k_timer_start
                0x00000000000240d8       0x74 zephyr/kernel/libkernel.a(timer.c.obj)
                0x00000000000240d8                z_impl_k_timer_start
 .text.z_thread_aligned_alloc
                0x000000000002414c       0x40 zephyr/kernel/libkernel.a(mempool.c.obj)
                0x000000000002414c                z_thread_aligned_alloc
 .text.statics_init
                0x000000000002418c       0x24 zephyr/kernel/libkernel.a(kheap.c.obj)
 .text.k_sys_work_q_init
                0x00000000000241b0       0x34 zephyr/kernel/libkernel.a(system_work_q.c.obj)
 .text.printf   0x00000000000241e4       0x24 /opt/nordic/ncs/toolchains/ef4fc6722e/opt/zephyr-sdk/arm-zephyr-eabi/bin/../lib/gcc/../../picolibc/arm-zephyr-eabi/lib/thumb/v8-m.main/nofp/libc.a(libc_tinystdio_printf.c.o)
                0x00000000000241e4                printf
 .text.__l_vfprintf
                0x0000000000024208      0x4b4 /opt/nordic/ncs/toolchains/ef4fc6722e/opt/zephyr-sdk/arm-zephyr-eabi/bin/../lib/gcc/../../picolibc/arm-zephyr-eabi/lib/thumb/v8-m.main/nofp/libc.a(libc_tinystdio_vflprintf.c.o)
                0x0000000000024208                __l_vfprintf
 .text._OffsetAbsSyms
                0x00000000000246bc        0x2 zephyr/CMakeFiles/offsets.dir/./arch/arm/core/offsets/offsets.c.obj
                0x00000000000246bc                _OffsetAbsSyms
 .text.chunk_field
                0x00000000000246be       0x16 zephyr/libzephyr.a(heap.c.obj)
 .text.chunk_set
                0x00000000000246d4       0x16 zephyr/libzephyr.a(heap.c.obj)
 .text.chunk_size
                0x00000000000246ea        0xc zephyr/libzephyr.a(heap.c.obj)
 .text.set_chunk_used
                0x00000000000246f6       0x30 zephyr/libzephyr.a(heap.c.obj)
 .text.set_chunk_size
                0x0000000000024726        0x8 zephyr/libzephyr.a(heap.c.obj)
 .text.mem_to_chunkid
                0x000000000002472e       0x14 zephyr/libzephyr.a(heap.c.obj)
 .text.bucket_idx.isra.0
                0x0000000000024742       0x1c zephyr/libzephyr.a(heap.c.obj)
 .text.free_list_remove_bidx
                0x000000000002475e       0x5c zephyr/libzephyr.a(heap.c.obj)
 .text.free_list_remove
                0x00000000000247ba       0x2e zephyr/libzephyr.a(heap.c.obj)
 .text.alloc_chunk
                0x00000000000247e8       0x74 zephyr/libzephyr.a(heap.c.obj)
 .text.split_chunks
                0x000000000002485c       0x4e zephyr/libzephyr.a(heap.c.obj)
 .text.merge_chunks
                0x00000000000248aa       0x3c zephyr/libzephyr.a(heap.c.obj)
 .text.free_list_add
                0x00000000000248e6       0x84 zephyr/libzephyr.a(heap.c.obj)
 .text.free_chunk
                0x000000000002496a       0x84 zephyr/libzephyr.a(heap.c.obj)
 .text.sys_heap_free
                0x00000000000249ee       0x24 zephyr/libzephyr.a(heap.c.obj)
                0x00000000000249ee                sys_heap_free
 .text.sys_heap_alloc
                0x0000000000024a12       0x6e zephyr/libzephyr.a(heap.c.obj)
                0x0000000000024a12                sys_heap_alloc
 .text.sys_heap_aligned_alloc
                0x0000000000024a80       0xe8 zephyr/libzephyr.a(heap.c.obj)
                0x0000000000024a80                sys_heap_aligned_alloc
 .text.sys_heap_init
                0x0000000000024b68       0xb0 zephyr/libzephyr.a(heap.c.obj)
                0x0000000000024b68                sys_heap_init
 .text.arch_printk_char_out
                0x0000000000024c18        0x4 zephyr/libzephyr.a(printk.c.obj)
                0x0000000000024c18                arch_printk_char_out
 .text.printk   0x0000000000024c1c       0x1a zephyr/libzephyr.a(printk.c.obj)
                0x0000000000024c1c                printk
 .text.sys_slist_find_and_remove
                0x0000000000024c36       0x36 zephyr/libzephyr.a(onoff.c.obj)
 .text.process_recheck
                0x0000000000024c6c       0x38 zephyr/libzephyr.a(onoff.c.obj)
 .text.validate_args
                0x0000000000024ca4       0x20 zephyr/libzephyr.a(onoff.c.obj)
 .text.notify_one
                0x0000000000024cc4       0x2c zephyr/libzephyr.a(onoff.c.obj)
 .text.transition_complete
                0x0000000000024cf0       0x1a zephyr/libzephyr.a(onoff.c.obj)
 .text.onoff_manager_init
                0x0000000000024d0a       0x26 zephyr/libzephyr.a(onoff.c.obj)
                0x0000000000024d0a                onoff_manager_init
 .text.onoff_request
                0x0000000000024d30       0xae zephyr/libzephyr.a(onoff.c.obj)
                0x0000000000024d30                onoff_request
 .text.onoff_release
                0x0000000000024dde       0x48 zephyr/libzephyr.a(onoff.c.obj)
                0x0000000000024dde                onoff_release
 .text.onoff_cancel
                0x0000000000024e26       0x36 zephyr/libzephyr.a(onoff.c.obj)
                0x0000000000024e26                onoff_cancel
 .text.sys_notify_validate
                0x0000000000024e5c       0x22 zephyr/libzephyr.a(notify.c.obj)
                0x0000000000024e5c                sys_notify_validate
 .text.sys_notify_finalize
                0x0000000000024e7e       0x1a zephyr/libzephyr.a(notify.c.obj)
                0x0000000000024e7e                sys_notify_finalize
 .text.ring_buf_put_claim
                0x0000000000024e98       0x3a zephyr/libzephyr.a(ring_buffer.c.obj)
                0x0000000000024e98                ring_buf_put_claim
 .text.ring_buf_put_finish
                0x0000000000024ed2       0x2a zephyr/libzephyr.a(ring_buffer.c.obj)
                0x0000000000024ed2                ring_buf_put_finish
 .text.ring_buf_put
                0x0000000000024efc       0x3e zephyr/libzephyr.a(ring_buffer.c.obj)
                0x0000000000024efc                ring_buf_put
 .text.ring_buf_get_claim
                0x0000000000024f3a       0x38 zephyr/libzephyr.a(ring_buffer.c.obj)
                0x0000000000024f3a                ring_buf_get_claim
 .text.ring_buf_get_finish
                0x0000000000024f72       0x2a zephyr/libzephyr.a(ring_buffer.c.obj)
                0x0000000000024f72                ring_buf_get_finish
 .text.ring_buf_get
                0x0000000000024f9c       0x40 zephyr/libzephyr.a(ring_buffer.c.obj)
                0x0000000000024f9c                ring_buf_get
 .text._ConfigAbsSyms
                0x0000000000024fdc        0x2 zephyr/libzephyr.a(configs.c.obj)
                0x0000000000024fdc                _ConfigAbsSyms
 .text.get_ep_bm_from_addr
                0x0000000000024fde       0x1e zephyr/libzephyr.a(usb_device.c.obj)
 .text.usb_write
                0x0000000000024ffc       0x30 zephyr/libzephyr.a(usb_device.c.obj)
                0x0000000000024ffc                usb_write
 .text.usb_device_init
                0x000000000002502c        0x6 zephyr/libzephyr.a(usb_device.c.obj)
 .text.usb_get_dev_data_by_cfg
                0x0000000000025032       0x16 zephyr/libzephyr.a(usb_descriptor.c.obj)
                0x0000000000025032                usb_get_dev_data_by_cfg
 .text.usb_get_dev_data_by_iface
                0x0000000000025048       0x1a zephyr/libzephyr.a(usb_descriptor.c.obj)
                0x0000000000025048                usb_get_dev_data_by_iface
 .text.usb_get_dev_data_by_ep
                0x0000000000025062       0x2c zephyr/libzephyr.a(usb_descriptor.c.obj)
                0x0000000000025062                usb_get_dev_data_by_ep
 .text.usb_transfer_is_busy
                0x000000000002508e       0x16 zephyr/libzephyr.a(usb_transfer.c.obj)
                0x000000000002508e                usb_transfer_is_busy
 .text.cdc_interface_config
                0x00000000000250a4       0x14 zephyr/libzephyr.a(cdc_acm.c.obj)
 .text.cdc_acm_irq_callback_work_handler
                0x00000000000250b8        0xa zephyr/libzephyr.a(cdc_acm.c.obj)
 .text.cdc_acm_irq_tx_disable
                0x00000000000250c2        0xa zephyr/libzephyr.a(cdc_acm.c.obj)
 .text.cdc_acm_irq_tx_ready
                0x00000000000250cc       0x1e zephyr/libzephyr.a(cdc_acm.c.obj)
 .text.cdc_acm_irq_rx_disable
                0x00000000000250ea        0xa zephyr/libzephyr.a(cdc_acm.c.obj)
 .text.cdc_acm_irq_rx_ready
                0x00000000000250f4        0xe zephyr/libzephyr.a(cdc_acm.c.obj)
 .text.cdc_acm_irq_is_pending
                0x0000000000025102       0x1c zephyr/libzephyr.a(cdc_acm.c.obj)
 .text.cdc_acm_irq_callback_set
                0x000000000002511e        0x8 zephyr/libzephyr.a(cdc_acm.c.obj)
 .text.cdc_acm_fifo_read
                0x0000000000025126       0x46 zephyr/libzephyr.a(cdc_acm.c.obj)
 .text.cdc_acm_poll_in
                0x000000000002516c       0x12 zephyr/libzephyr.a(cdc_acm.c.obj)
 .text.cdc_acm_irq_update
                0x000000000002517e       0x2e zephyr/libzephyr.a(cdc_acm.c.obj)
 .text.z_arm_fatal_error
                0x00000000000251ac        0xc zephyr/arch/arch/arm/core/libarch__arm__core.a(fatal.c.obj)
                0x00000000000251ac                z_arm_fatal_error
 .text.z_do_kernel_oops
                0x00000000000251b8        0x8 zephyr/arch/arch/arm/core/libarch__arm__core.a(fatal.c.obj)
                0x00000000000251b8                z_do_kernel_oops
 .text.z_arm_nmi
                0x00000000000251c0        0xe zephyr/arch/arch/arm/core/libarch__arm__core.a(nmi.c.obj)
                0x00000000000251c0                z_arm_nmi
 .text.z_arm_save_fp_context
                0x00000000000251ce        0x2 zephyr/arch/arch/arm/core/cortex_m/libarch__arm__core__cortex_m.a(fpu.c.obj)
                0x00000000000251ce                z_arm_save_fp_context
 .text.z_arm_restore_fp_context
                0x00000000000251d0        0x2 zephyr/arch/arch/arm/core/cortex_m/libarch__arm__core__cortex_m.a(fpu.c.obj)
                0x00000000000251d0                z_arm_restore_fp_context
 .text.z_irq_spurious
                0x00000000000251d2        0x8 zephyr/arch/arch/arm/core/cortex_m/libarch__arm__core__cortex_m.a(irq_manage.c.obj)
                0x00000000000251d2                z_irq_spurious
 .text.configure_builtin_stack_guard
                0x00000000000251da        0xa zephyr/arch/arch/arm/core/cortex_m/libarch__arm__core__cortex_m.a(thread.c.obj)
                0x00000000000251da                configure_builtin_stack_guard
 .text.arch_irq_unlock_outlined
                0x00000000000251e4        0xe zephyr/arch/arch/arm/core/cortex_m/libarch__arm__core__cortex_m.a(thread.c.obj)
                0x00000000000251e4                arch_irq_unlock_outlined
 .text.arch_cpu_idle
                0x00000000000251f2       0x32 zephyr/arch/arch/arm/core/cortex_m/libarch__arm__core__cortex_m.a(cpu_idle.c.obj)
                0x00000000000251f2                arch_cpu_idle
 .text.arch_cpu_atomic_idle
                0x0000000000025224       0x38 zephyr/arch/arch/arm/core/cortex_m/libarch__arm__core__cortex_m.a(cpu_idle.c.obj)
                0x0000000000025224                arch_cpu_atomic_idle
 .text.arm_cmse_mpu_region_get
                0x000000000002525c       0x12 zephyr/arch/arch/arm/core/cortex_m/cmse/libarch__arm__core__cortex_m__cmse.a(arm_core_cmse.c.obj)
                0x000000000002525c                arm_cmse_mpu_region_get
 .text.mpu_configure_region
                0x000000000002526e       0x32 zephyr/arch/arch/arm/core/mpu/libarch__arm__core__mpu.a(arm_mpu.c.obj)
 .text.picolibc_put
                0x00000000000252a0        0xa zephyr/lib/libc/picolibc/liblib__libc__picolibc.a(stdio.c.obj)
 .text.nordicsemi_nrf53_init
                0x00000000000252aa       0x3e zephyr/soc/soc/nrf5340/libsoc__nordic.a(soc.c.obj)
 .text.nrf53_cpunet_init
                0x00000000000252e8        0xa zephyr/soc/soc/nrf5340/libsoc__nordic.a(nrf53_cpunet_mgmt.c.obj)
 .text.soc_secure_gpio_pin_mcu_select
                0x00000000000252f2        0xe zephyr/soc/soc/nrf5340/libsoc__nordic.a(soc_secure.c.obj)
                0x00000000000252f2                soc_secure_gpio_pin_mcu_select
 .text.soc_secure_mem_read
                0x0000000000025300       0x34 zephyr/soc/soc/nrf5340/libsoc__nordic.a(soc_secure.c.obj)
                0x0000000000025300                soc_secure_mem_read
 .text.ep_ctx_reset
                0x0000000000025334       0x26 zephyr/drivers/usb/device/libdrivers__usb__device.a(usb_dc_nrfx.c.obj)
 .text.k_mutex_lock.constprop.0.isra.0
                0x000000000002535a        0x4 zephyr/drivers/usb/device/libdrivers__usb__device.a(usb_dc_nrfx.c.obj)
 .text.k_mutex_unlock.isra.0
                0x000000000002535e        0x4 zephyr/drivers/usb/device/libdrivers__usb__device.a(usb_dc_nrfx.c.obj)
 .text.attached_evt_delay_handler
                0x0000000000025362        0x6 zephyr/drivers/usb/device/libdrivers__usb__device.a(usb_dc_nrfx.c.obj)
 .text.usb_dc_ep_check_cap
                0x0000000000025368       0x2a zephyr/drivers/usb/device/libdrivers__usb__device.a(usb_dc_nrfx.c.obj)
                0x0000000000025368                usb_dc_ep_check_cap
 .text.usb_dc_ep_disable
                0x0000000000025392       0x32 zephyr/drivers/usb/device/libdrivers__usb__device.a(usb_dc_nrfx.c.obj)
                0x0000000000025392                usb_dc_ep_disable
 .text.usb_dc_ep_read
                0x00000000000253c4       0x1e zephyr/drivers/usb/device/libdrivers__usb__device.a(usb_dc_nrfx.c.obj)
                0x00000000000253c4                usb_dc_ep_read
 .text.ep2bit   0x00000000000253e2       0x10 zephyr/drivers/usb/common/nrf_usbd_common/libdrivers__usb__common__nrf_usbd_common.a(nrf_usbd_common.c.obj)
 .text.nrf_usbd_common_ep_max_packet_size_set
                0x00000000000253f2        0xa zephyr/drivers/usb/common/nrf_usbd_common/libdrivers__usb__common__nrf_usbd_common.a(nrf_usbd_common.c.obj)
                0x00000000000253f2                nrf_usbd_common_ep_max_packet_size_set
 .text.nrf_usbd_common_ep_status_get
                0x00000000000253fc       0x2c zephyr/drivers/usb/common/nrf_usbd_common/libdrivers__usb__common__nrf_usbd_common.a(nrf_usbd_common.c.obj)
                0x00000000000253fc                nrf_usbd_common_ep_status_get
 .text.get_status
                0x0000000000025428       0x12 zephyr/drivers/clock_control/libdrivers__clock_control.a(clock_control_nrf.c.obj)
 .text.stop     0x000000000002543a       0x52 zephyr/drivers/clock_control/libdrivers__clock_control.a(clock_control_nrf.c.obj)
 .text.api_stop
                0x000000000002548c        0x6 zephyr/drivers/clock_control/libdrivers__clock_control.a(clock_control_nrf.c.obj)
 .text.async_start
                0x0000000000025492       0x5c zephyr/drivers/clock_control/libdrivers__clock_control.a(clock_control_nrf.c.obj)
 .text.api_start
                0x00000000000254ee        0xe zephyr/drivers/clock_control/libdrivers__clock_control.a(clock_control_nrf.c.obj)
 .text.onoff_started_callback
                0x00000000000254fc       0x12 zephyr/drivers/clock_control/libdrivers__clock_control.a(clock_control_nrf.c.obj)
 .text.hfclkaudio_start
                0x000000000002550e        0x6 zephyr/drivers/clock_control/libdrivers__clock_control.a(clock_control_nrf.c.obj)
 .text.hfclk192m_start
                0x0000000000025514        0x6 zephyr/drivers/clock_control/libdrivers__clock_control.a(clock_control_nrf.c.obj)
 .text.lfclk_start
                0x000000000002551a        0x6 zephyr/drivers/clock_control/libdrivers__clock_control.a(clock_control_nrf.c.obj)
 .text.hfclkaudio_stop
                0x0000000000025520        0x6 zephyr/drivers/clock_control/libdrivers__clock_control.a(clock_control_nrf.c.obj)
 .text.hfclk192m_stop
                0x0000000000025526        0x6 zephyr/drivers/clock_control/libdrivers__clock_control.a(clock_control_nrf.c.obj)
 .text.lfclk_stop
                0x000000000002552c        0x6 zephyr/drivers/clock_control/libdrivers__clock_control.a(clock_control_nrf.c.obj)
 .text.blocking_start_callback
                0x0000000000025532        0x6 zephyr/drivers/clock_control/libdrivers__clock_control.a(clock_control_nrf.c.obj)
 .text.gpio_nrfx_port_get_raw
                0x0000000000025538        0xc zephyr/drivers/gpio/libdrivers__gpio.a(gpio_nrfx.c.obj)
 .text.gpio_nrfx_port_set_masked_raw
                0x0000000000025544       0x14 zephyr/drivers/gpio/libdrivers__gpio.a(gpio_nrfx.c.obj)
 .text.gpio_nrfx_port_set_bits_raw
                0x0000000000025558        0xa zephyr/drivers/gpio/libdrivers__gpio.a(gpio_nrfx.c.obj)
 .text.gpio_nrfx_port_clear_bits_raw
                0x0000000000025562        0xa zephyr/drivers/gpio/libdrivers__gpio.a(gpio_nrfx.c.obj)
 .text.gpio_nrfx_port_toggle_bits
                0x000000000002556c       0x14 zephyr/drivers/gpio/libdrivers__gpio.a(gpio_nrfx.c.obj)
 .text.gpio_nrfx_manage_callback
                0x0000000000025580       0x52 zephyr/drivers/gpio/libdrivers__gpio.a(gpio_nrfx.c.obj)
 .text.irq_connect1
                0x00000000000255d2        0xa zephyr/drivers/i2c/libdrivers__i2c.a(i2c_nrfx_twim.c.obj)
 .text.i2c_nrfx_twim_init
                0x00000000000255dc       0x26 zephyr/drivers/i2c/libdrivers__i2c.a(i2c_nrfx_twim.c.obj)
 .text.i2c_nrfx_twim_exclusive_access_acquire
                0x0000000000025602        0x6 zephyr/drivers/i2c/libdrivers__i2c.a(i2c_nrfx_twim.c.obj)
                0x0000000000025602                i2c_nrfx_twim_exclusive_access_acquire
 .text.i2c_nrfx_twim_exclusive_access_release
                0x0000000000025608        0x6 zephyr/drivers/i2c/libdrivers__i2c.a(i2c_nrfx_twim.c.obj)
                0x0000000000025608                i2c_nrfx_twim_exclusive_access_release
 .text.pinctrl_apply_state.isra.0
                0x000000000002560e       0x1e zephyr/drivers/i2c/libdrivers__i2c.a(i2c_nrfx_twim_common.c.obj)
 .text.i2c_nrfx_twim_configure
                0x000000000002562c       0x3a zephyr/drivers/i2c/libdrivers__i2c.a(i2c_nrfx_twim_common.c.obj)
                0x000000000002562c                i2c_nrfx_twim_configure
 .text.twim_nrfx_pm_action
                0x0000000000025666       0x32 zephyr/drivers/i2c/libdrivers__i2c.a(i2c_nrfx_twim_common.c.obj)
                0x0000000000025666                twim_nrfx_pm_action
 .text.pinctrl_lookup_state
                0x0000000000025698       0x26 zephyr/drivers/pinctrl/libdrivers__pinctrl.a(common.c.obj)
                0x0000000000025698                pinctrl_lookup_state
 .text.regulator_common_data_init
                0x00000000000256be       0x10 zephyr/drivers/regulator/libdrivers__regulator.a(regulator_common.c.obj)
                0x00000000000256be                regulator_common_data_init
 .text.regulator_disable
                0x00000000000256ce       0x54 zephyr/drivers/regulator/libdrivers__regulator.a(regulator_common.c.obj)
                0x00000000000256ce                regulator_disable
 .text.regulator_set_voltage
                0x0000000000025722       0x28 zephyr/drivers/regulator/libdrivers__regulator.a(regulator_common.c.obj)
                0x0000000000025722                regulator_set_voltage
 .text.regulator_set_current_limit
                0x000000000002574a       0x28 zephyr/drivers/regulator/libdrivers__regulator.a(regulator_common.c.obj)
                0x000000000002574a                regulator_set_current_limit
 .text.regulator_set_mode
                0x0000000000025772       0x3e zephyr/drivers/regulator/libdrivers__regulator.a(regulator_common.c.obj)
                0x0000000000025772                regulator_set_mode
 .text.regulator_common_init
                0x00000000000257b0       0xf4 zephyr/drivers/regulator/libdrivers__regulator.a(regulator_common.c.obj)
                0x00000000000257b0                regulator_common_init
 .text.gpio_pin_set
                0x00000000000258a4       0x20 zephyr/drivers/regulator/libdrivers__regulator.a(regulator_fixed.c.obj)
 .text.regulator_fixed_enable
                0x00000000000258c4       0x1e zephyr/drivers/regulator/libdrivers__regulator.a(regulator_fixed.c.obj)
 .text.regulator_fixed_count_voltages
                0x00000000000258e2        0xe zephyr/drivers/regulator/libdrivers__regulator.a(regulator_fixed.c.obj)
 .text.regulator_fixed_list_voltage
                0x00000000000258f0       0x1a zephyr/drivers/regulator/libdrivers__regulator.a(regulator_fixed.c.obj)
 .text.regulator_fixed_init
                0x000000000002590a       0x54 zephyr/drivers/regulator/libdrivers__regulator.a(regulator_fixed.c.obj)
 .text.regulator_fixed_disable
                0x000000000002595e       0x16 zephyr/drivers/regulator/libdrivers__regulator.a(regulator_fixed.c.obj)
 .text.irq_connect3
                0x0000000000025974        0xa zephyr/drivers/spi/libdrivers__spi.a(spi_nrfx_spim.c.obj)
 .text.irq_connect4
                0x000000000002597e        0xa zephyr/drivers/spi/libdrivers__spi.a(spi_nrfx_spim.c.obj)
 .text.spi_context_get_next_buf.constprop.0
                0x0000000000025988       0x26 zephyr/drivers/spi/libdrivers__spi.a(spi_nrfx_spim.c.obj)
 .text.pinctrl_apply_state.constprop.0
                0x00000000000259ae       0x20 zephyr/drivers/spi/libdrivers__spi.a(spi_nrfx_spim.c.obj)
 .text.gpio_pin_set_dt.isra.0
                0x00000000000259ce       0x28 zephyr/drivers/spi/libdrivers__spi.a(spi_nrfx_spim.c.obj)
 .text._spi_context_cs_control
                0x00000000000259f6       0x40 zephyr/drivers/spi/libdrivers__spi.a(spi_nrfx_spim.c.obj)
 .text.spi_context_unlock_unconditionally
                0x0000000000025a36       0x20 zephyr/drivers/spi/libdrivers__spi.a(spi_nrfx_spim.c.obj)
 .text.spi_nrfx_release
                0x0000000000025a56       0x24 zephyr/drivers/spi/libdrivers__spi.a(spi_nrfx_spim.c.obj)
 .text.spi_nrfx_init
                0x0000000000025a7a       0xb8 zephyr/drivers/spi/libdrivers__spi.a(spi_nrfx_spim.c.obj)
 .text.finish_transaction
                0x0000000000025b32       0x22 zephyr/drivers/spi/libdrivers__spi.a(spi_nrfx_spim.c.obj)
 .text.event_handler
                0x0000000000025b54       0xb2 zephyr/drivers/spi/libdrivers__spi.a(spi_nrfx_spim.c.obj)
 .text.spi_nrfx_wake_request
                0x0000000000025c06       0x50 zephyr/drivers/spi/libdrivers__spi.a(spi_nrfx_common.c.obj)
                0x0000000000025c06                spi_nrfx_wake_request
 .text.event_clear
                0x0000000000025c56       0x18 zephyr/drivers/timer/libdrivers__timer.a(nrf_rtc_timer.c.obj)
 .text.sys_clock_cycle_get_32
                0x0000000000025c6e        0x8 zephyr/drivers/timer/libdrivers__timer.a(nrf_rtc_timer.c.obj)
                0x0000000000025c6e                sys_clock_cycle_get_32
 .text._psa_crypto_init
                0x0000000000025c76       0x1e modules/nrf/subsys/nrf_security/src/zephyr/libmbedtls_zephyr.a(psa_crypto_init.c.obj)
 .text.tfm_platform_ns_fault_set_handler
                0x0000000000025c94       0x4e modules/nrf/modules/trusted-firmware-m/libtfm_api_nrf.a(tfm_ioctl_ns_api.c.obj)
                0x0000000000025c94                tfm_platform_ns_fault_set_handler
 .text.ns_interface_init
                0x0000000000025ce2        0x4 modules/trusted-firmware-m/libtfm_api.a(interface.c.obj)
 .text.psa_crypto_init
                0x0000000000025ce6        0x4 modules/trusted-firmware-m/libtfm_api.a(tfm_crypto_api.c.obj)
                0x0000000000025ce6                psa_crypto_init
 .text.tfm_platform_mem_read
                0x0000000000025cea       0x30 modules/trusted-firmware-m/libtfm_api.a(tfm_ioctl_core_ns_api.c.obj)
                0x0000000000025cea                tfm_platform_mem_read
 .text.tfm_platform_gpio_pin_mcu_select
                0x0000000000025d1a       0x32 modules/trusted-firmware-m/libtfm_api.a(tfm_ioctl_core_ns_api.c.obj)
                0x0000000000025d1a                tfm_platform_gpio_pin_mcu_select
 .text.SystemInit
                0x0000000000025d4c        0x2 modules/hal_nordic/modules/hal_nordic/nrfx/libmodules__hal_nordic__nrfx.a(system_nrf5340_application.c.obj)
                0x0000000000025d4c                SystemInit
 .text.nrfx_isr
                0x0000000000025d4e        0x2 modules/hal_nordic/modules/hal_nordic/nrfx/libmodules__hal_nordic__nrfx.a(nrfx_glue.c.obj)
                0x0000000000025d4e                nrfx_isr
 .text.nrfx_busy_wait
                0x0000000000025d50        0x4 modules/hal_nordic/modules/hal_nordic/nrfx/libmodules__hal_nordic__nrfx.a(nrfx_glue.c.obj)
                0x0000000000025d50                nrfx_busy_wait
 .text.nrfx_gppi_event_endpoint_setup
                0x0000000000025d54        0xa modules/hal_nordic/modules/hal_nordic/nrfx/libmodules__hal_nordic__nrfx.a(nrfx_gppi_dppi.c.obj)
                0x0000000000025d54                nrfx_gppi_event_endpoint_setup
 .text.nrfx_gppi_task_endpoint_setup
                0x0000000000025d5e        0xa modules/hal_nordic/modules/hal_nordic/nrfx/libmodules__hal_nordic__nrfx.a(nrfx_gppi_dppi.c.obj)
                0x0000000000025d5e                nrfx_gppi_task_endpoint_setup
 .text.nrfx_clock_stop
                0x0000000000025d68        0x4 modules/hal_nordic/modules/hal_nordic/nrfx/libmodules__hal_nordic__nrfx.a(nrfx_clock.c.obj)
                0x0000000000025d68                nrfx_clock_stop
 .text.nrf_gpio_reconfigure
                0x0000000000025d6c       0x92 modules/hal_nordic/modules/hal_nordic/nrfx/libmodules__hal_nordic__nrfx.a(nrfx_gpiote.c.obj)
 .text.nrf_gpio_cfg_sense_set
                0x0000000000025dfe       0x1e modules/hal_nordic/modules/hal_nordic/nrfx/libmodules__hal_nordic__nrfx.a(nrfx_gpiote.c.obj)
 .text.pin_in_event_get.isra.0
                0x0000000000025e1c       0x22 modules/hal_nordic/modules/hal_nordic/nrfx/libmodules__hal_nordic__nrfx.a(nrfx_gpiote.c.obj)
 .text.pin_trigger_disable
                0x0000000000025e3e       0x48 modules/hal_nordic/modules/hal_nordic/nrfx/libmodules__hal_nordic__nrfx.a(nrfx_gpiote.c.obj)
 .text.nrfx_gpiote_pin_uninit
                0x0000000000025e86        0x4 modules/hal_nordic/modules/hal_nordic/nrfx/libmodules__hal_nordic__nrfx.a(nrfx_gpiote.c.obj)
                0x0000000000025e86                nrfx_gpiote_pin_uninit
 .text.nrfx_gpiote_trigger_disable
                0x0000000000025e8a        0x4 modules/hal_nordic/modules/hal_nordic/nrfx/libmodules__hal_nordic__nrfx.a(nrfx_gpiote.c.obj)
                0x0000000000025e8a                nrfx_gpiote_trigger_disable
 .text.nrfx_gpiote_in_event_get
                0x0000000000025e8e        0x6 modules/hal_nordic/modules/hal_nordic/nrfx/libmodules__hal_nordic__nrfx.a(nrfx_gpiote.c.obj)
                0x0000000000025e8e                nrfx_gpiote_in_event_get
 .text.nrfx_power_clock_irq_handler
                0x0000000000025e94        0xe modules/hal_nordic/modules/hal_nordic/nrfx/libmodules__hal_nordic__nrfx.a(nrfx_power.c.obj)
                0x0000000000025e94                nrfx_power_clock_irq_handler
 .text.__nrfy_internal_spim_event_handle
                0x0000000000025ea2       0x2a modules/hal_nordic/modules/hal_nordic/nrfx/libmodules__hal_nordic__nrfx.a(nrfx_spim.c.obj)
 .text.__nrfy_internal_spim_events_process
                0x0000000000025ecc       0x7c modules/hal_nordic/modules/hal_nordic/nrfx/libmodules__hal_nordic__nrfx.a(nrfx_spim.c.obj)
 .text.nrf_gpio_pin_set
                0x0000000000025f48       0x18 modules/hal_nordic/modules/hal_nordic/nrfx/libmodules__hal_nordic__nrfx.a(nrfx_spim.c.obj)
 .text.nrf_gpio_pin_clear
                0x0000000000025f60       0x18 modules/hal_nordic/modules/hal_nordic/nrfx/libmodules__hal_nordic__nrfx.a(nrfx_spim.c.obj)
 .text.spim_abort
                0x0000000000025f78       0x2c modules/hal_nordic/modules/hal_nordic/nrfx/libmodules__hal_nordic__nrfx.a(nrfx_spim.c.obj)
 .text.irq_handler
                0x0000000000025fa4       0x48 modules/hal_nordic/modules/hal_nordic/nrfx/libmodules__hal_nordic__nrfx.a(nrfx_spim.c.obj)
 .text.xfer_completeness_check
                0x0000000000025fec       0x62 modules/hal_nordic/modules/hal_nordic/nrfx/libmodules__hal_nordic__nrfx.a(nrfx_twim.c.obj)
 .text.pins_configure
                0x000000000002604e       0x54 modules/hal_nordic/modules/hal_nordic/nrfx/libmodules__hal_nordic__nrfx.a(nrfx_twim.c.obj)
 .text.__nrfy_internal_twim_event_handle.isra.0
                0x00000000000260a2       0x22 modules/hal_nordic/modules/hal_nordic/nrfx/libmodules__hal_nordic__nrfx.a(nrfx_twim.c.obj)
 .text.__nrfy_internal_twim_events_process.constprop.0
                0x00000000000260c4       0x54 modules/hal_nordic/modules/hal_nordic/nrfx/libmodules__hal_nordic__nrfx.a(nrfx_twim.c.obj)
 .text.nrf_gpio_pin_set
                0x0000000000026118       0x18 modules/hal_nordic/modules/hal_nordic/nrfx/libmodules__hal_nordic__nrfx.a(nrfx_twi_twim.c.obj)
 .text.z_impl_k_busy_wait
                0x0000000000026130        0x8 zephyr/kernel/libkernel.a(busy_wait.c.obj)
                0x0000000000026130                z_impl_k_busy_wait
 .text.z_device_state_init
                0x0000000000026138        0x2 zephyr/kernel/libkernel.a(device.c.obj)
                0x0000000000026138                z_device_state_init
 .text.z_impl_device_is_ready
                0x000000000002613a       0x16 zephyr/kernel/libkernel.a(device.c.obj)
                0x000000000002613a                z_impl_device_is_ready
 .text.arch_system_halt
                0x0000000000026150       0x10 zephyr/kernel/libkernel.a(fatal.c.obj)
                0x0000000000026150                arch_system_halt
 .text.k_sys_fatal_error_handler
                0x0000000000026160        0x6 zephyr/kernel/libkernel.a(fatal.c.obj)
                0x0000000000026160                k_sys_fatal_error_handler
 .text.do_device_init
                0x0000000000026166       0x30 zephyr/kernel/libkernel.a(init.c.obj)
 .text.z_early_memset
                0x0000000000026196        0x4 zephyr/kernel/libkernel.a(init.c.obj)
                0x0000000000026196                z_early_memset
 .text.z_early_memcpy
                0x000000000002619a        0x4 zephyr/kernel/libkernel.a(init.c.obj)
                0x000000000002619a                z_early_memcpy
 .text.z_init_static
                0x000000000002619e        0x2 zephyr/kernel/libkernel.a(init_static.c.obj)
                0x000000000002619e                z_init_static
 .text.create_free_list
                0x00000000000261a0       0x34 zephyr/kernel/libkernel.a(mem_slab.c.obj)
 .text.k_mem_slab_free
                0x00000000000261d4       0x70 zephyr/kernel/libkernel.a(mem_slab.c.obj)
                0x00000000000261d4                k_mem_slab_free
 .text.idle     0x0000000000026244       0x16 zephyr/kernel/libkernel.a(idle.c.obj)
                0x0000000000026244                idle
 .text.adjust_owner_prio.isra.0
                0x000000000002625a       0x10 zephyr/kernel/libkernel.a(mutex.c.obj)
 .text.z_impl_k_mutex_init
                0x000000000002626a        0xe zephyr/kernel/libkernel.a(mutex.c.obj)
                0x000000000002626a                z_impl_k_mutex_init
 .text.unpend_thread_no_timeout
                0x0000000000026278       0x1a zephyr/kernel/libkernel.a(queue.c.obj)
 .text.queue_insert
                0x0000000000026292       0xd0 zephyr/kernel/libkernel.a(queue.c.obj)
 .text.z_queue_node_peek
                0x0000000000026362       0x18 zephyr/kernel/libkernel.a(queue.c.obj)
                0x0000000000026362                z_queue_node_peek
 .text.k_queue_append
                0x000000000002637a       0x16 zephyr/kernel/libkernel.a(queue.c.obj)
                0x000000000002637a                k_queue_append
 .text.z_impl_k_sem_init
                0x0000000000026390       0x18 zephyr/kernel/libkernel.a(sem.c.obj)
                0x0000000000026390                z_impl_k_sem_init
 .text.flag_test_and_clear
                0x00000000000263a8       0x16 zephyr/kernel/libkernel.a(work.c.obj)
 .text.notify_queue_locked.isra.0
                0x00000000000263be        0xe zephyr/kernel/libkernel.a(work.c.obj)
 .text.work_timeout
                0x00000000000263cc       0x3c zephyr/kernel/libkernel.a(work.c.obj)
 .text.k_work_init
                0x0000000000026408       0x12 zephyr/kernel/libkernel.a(work.c.obj)
                0x0000000000026408                k_work_init
 .text.z_work_submit_to_queue
                0x000000000002641a       0x26 zephyr/kernel/libkernel.a(work.c.obj)
                0x000000000002641a                z_work_submit_to_queue
 .text.k_work_submit_to_queue
                0x0000000000026440       0x20 zephyr/kernel/libkernel.a(work.c.obj)
                0x0000000000026440                k_work_submit_to_queue
 .text.k_work_init_delayable
                0x0000000000026460       0x18 zephyr/kernel/libkernel.a(work.c.obj)
                0x0000000000026460                k_work_init_delayable
 .text.k_is_in_isr
                0x0000000000026478        0xc zephyr/kernel/libkernel.a(thread.c.obj)
                0x0000000000026478                k_is_in_isr
 .text.sys_dlist_remove
                0x0000000000026484       0x10 zephyr/kernel/libkernel.a(sched.c.obj)
 .text.unpend_thread_no_timeout
                0x0000000000026494       0x14 zephyr/kernel/libkernel.a(sched.c.obj)
 .text.add_to_waitq_locked
                0x00000000000264a8       0x50 zephyr/kernel/libkernel.a(sched.c.obj)
 .text.z_ready_thread
                0x00000000000264f8       0x1e zephyr/kernel/libkernel.a(sched.c.obj)
                0x00000000000264f8                z_ready_thread
 .text.z_unpend_thread_no_timeout
                0x0000000000026516       0x22 zephyr/kernel/libkernel.a(sched.c.obj)
                0x0000000000026516                z_unpend_thread_no_timeout
 .text.z_sched_wake_thread
                0x0000000000026538       0x3a zephyr/kernel/libkernel.a(sched.c.obj)
                0x0000000000026538                z_sched_wake_thread
 .text.z_thread_timeout
                0x0000000000026572        0x8 zephyr/kernel/libkernel.a(sched.c.obj)