Archive member included to satisfy reference by file (symbol)

app/libapp.a(main.c.obj)      (--whole-archive)
zephyr/libzephyr.a(heap.c.obj)
                              (--whole-archive)
zephyr/libzephyr.a(cbprintf_packaged.c.obj)
                              (--whole-archive)
zephyr/libzephyr.a(printk.c.obj)
                              (--whole-archive)
zephyr/libzephyr.a(sem.c.obj)
                              (--whole-archive)
zephyr/libzephyr.a(thread_entry.c.obj)
                              (--whole-archive)
zephyr/libzephyr.a(cbprintf_complete.c.obj)
                              (--whole-archive)
zephyr/libzephyr.a(assert.c.obj)
                              (--whole-archive)
zephyr/libzephyr.a(dec.c.obj)
                              (--whole-archive)
zephyr/libzephyr.a(hex.c.obj)
                              (--whole-archive)
zephyr/libzephyr.a(rb.c.obj)  (--whole-archive)
zephyr/libzephyr.a(timeutil.c.obj)
                              (--whole-archive)
zephyr/libzephyr.a(bitarray.c.obj)
                              (--whole-archive)
zephyr/libzephyr.a(onoff.c.obj)
                              (--whole-archive)
zephyr/libzephyr.a(notify.c.obj)
                              (--whole-archive)
zephyr/libzephyr.a(ring_buffer.c.obj)
                              (--whole-archive)
zephyr/libzephyr.a(last_section_id.c.obj)
                              (--whole-archive)
zephyr/libzephyr.a(configs.c.obj)
                              (--whole-archive)
zephyr/libzephyr.a(thread_info.c.obj)
                              (--whole-archive)
zephyr/libzephyr.a(mem_attr.c.obj)
                              (--whole-archive)
zephyr/libzephyr.a(tracing_none.c.obj)
                              (--whole-archive)
zephyr/libzephyr.a(usb_device.c.obj)
                              (--whole-archive)
zephyr/libzephyr.a(usb_descriptor.c.obj)
                              (--whole-archive)
zephyr/libzephyr.a(usb_transfer.c.obj)
                              (--whole-archive)
zephyr/libzephyr.a(cdc_acm.c.obj)
                              (--whole-archive)
zephyr/libzephyr.a(usb_work_q.c.obj)
                              (--whole-archive)
zephyr/libzephyr.a(banner.c.obj)
                              (--whole-archive)
zephyr/libzephyr.a(flash_map_partition_manager.c.obj)
                              (--whole-archive)
zephyr/arch/common/libarch__common.a(sw_isr_common.c.obj)
                              (--whole-archive)
zephyr/arch/arch/arm/core/libarch__arm__core.a(fatal.c.obj)
                              (--whole-archive)
zephyr/arch/arch/arm/core/libarch__arm__core.a(nmi.c.obj)
                              (--whole-archive)
zephyr/arch/arch/arm/core/libarch__arm__core.a(nmi_on_reset.S.obj)
                              (--whole-archive)
zephyr/arch/arch/arm/core/libarch__arm__core.a(tls.c.obj)
                              (--whole-archive)
zephyr/arch/arch/arm/core/cortex_m/libarch__arm__core__cortex_m.a(exc_exit.c.obj)
                              (--whole-archive)
zephyr/arch/arch/arm/core/cortex_m/libarch__arm__core__cortex_m.a(fault.c.obj)
                              (--whole-archive)
zephyr/arch/arch/arm/core/cortex_m/libarch__arm__core__cortex_m.a(fault_s.S.obj)
                              (--whole-archive)
zephyr/arch/arch/arm/core/cortex_m/libarch__arm__core__cortex_m.a(fpu.c.obj)
                              (--whole-archive)
zephyr/arch/arch/arm/core/cortex_m/libarch__arm__core__cortex_m.a(reset.S.obj)
                              (--whole-archive)
zephyr/arch/arch/arm/core/cortex_m/libarch__arm__core__cortex_m.a(scb.c.obj)
                              (--whole-archive)
zephyr/arch/arch/arm/core/cortex_m/libarch__arm__core__cortex_m.a(thread_abort.c.obj)
                              (--whole-archive)
zephyr/arch/arch/arm/core/cortex_m/libarch__arm__core__cortex_m.a(vector_table.S.obj)
                              (--whole-archive)
zephyr/arch/arch/arm/core/cortex_m/libarch__arm__core__cortex_m.a(swap_helper.S.obj)
                              (--whole-archive)
zephyr/arch/arch/arm/core/cortex_m/libarch__arm__core__cortex_m.a(irq_manage.c.obj)
                              (--whole-archive)
zephyr/arch/arch/arm/core/cortex_m/libarch__arm__core__cortex_m.a(prep_c.c.obj)
                              (--whole-archive)
zephyr/arch/arch/arm/core/cortex_m/libarch__arm__core__cortex_m.a(thread.c.obj)
                              (--whole-archive)
zephyr/arch/arch/arm/core/cortex_m/libarch__arm__core__cortex_m.a(cpu_idle.c.obj)
                              (--whole-archive)
zephyr/arch/arch/arm/core/cortex_m/libarch__arm__core__cortex_m.a(irq_init.c.obj)
                              (--whole-archive)
zephyr/arch/arch/arm/core/cortex_m/libarch__arm__core__cortex_m.a(isr_wrapper.c.obj)
                              (--whole-archive)
zephyr/arch/arch/arm/core/cortex_m/libarch__arm__core__cortex_m.a(__aeabi_read_tp.S.obj)
                              (--whole-archive)
[...]
Memory Configuration

Name             Origin             Length             Attributes
FLASH            0x000000000001c000 0x00000000000d4000 xr
RAM              0x000000002000a000 0x0000000000066000 xw
IDT_LIST         0x00000000ffff7fff 0x0000000000008000 xw
*default*        0x0000000000000000 0xffffffffffffffff

Linker script and memory map

                0x0000000000024238                vfprintf = __l_vfprintf
                0x0000000000000000                vfscanf = __l_vfscanf
LOAD zephyr/CMakeFiles/zephyr_pre0.dir/misc/empty_file.c.obj
LOAD zephyr/CMakeFiles/offsets.dir/./arch/arm/core/offsets/offsets.c.obj
LOAD tfm/api_ns/interface/lib/s_veneers.o
LOAD app/libapp.a
LOAD zephyr/libzephyr.a
LOAD zephyr/arch/common/libarch__common.a
LOAD zephyr/arch/arch/arm/core/libarch__arm__core.a
LOAD zephyr/arch/arch/arm/core/cortex_m/libarch__arm__core__cortex_m.a
LOAD zephyr/arch/arch/arm/core/cortex_m/cmse/libarch__arm__core__cortex_m__cmse.a
LOAD zephyr/arch/arch/arm/core/mpu/libarch__arm__core__mpu.a
LOAD zephyr/lib/libc/picolibc/liblib__libc__picolibc.a
LOAD zephyr/lib/libc/common/liblib__libc__common.a
LOAD zephyr/soc/soc/nrf5340/libsoc__nordic.a
LOAD zephyr/boards/nordic/thingy53/libboards__nordic__thingy53.a
LOAD zephyr/drivers/usb/device/libdrivers__usb__device.a
LOAD zephyr/drivers/usb/common/nrf_usbd_common/libdrivers__usb__common__nrf_usbd_common.a
LOAD zephyr/drivers/clock_control/libdrivers__clock_control.a
LOAD zephyr/drivers/console/libdrivers__console.a
LOAD zephyr/drivers/gpio/libdrivers__gpio.a
LOAD zephyr/drivers/hwinfo/libdrivers__hwinfo.a
LOAD zephyr/drivers/i2c/libdrivers__i2c.a
LOAD zephyr/drivers/pinctrl/libdrivers__pinctrl.a
LOAD zephyr/drivers/regulator/libdrivers__regulator.a
LOAD zephyr/drivers/serial/libdrivers__serial.a
LOAD zephyr/drivers/spi/libdrivers__spi.a
LOAD zephyr/drivers/timer/libdrivers__timer.a
LOAD modules/nrf/subsys/nrf_security/src/zephyr/libmbedtls_zephyr.a
LOAD modules/nrf/modules/trusted-firmware-m/lib..__nrf__modules__trusted-firmware-m.a
LOAD modules/nrf/modules/trusted-firmware-m/libtfm_api_nrf.a
LOAD modules/trusted-firmware-m/libtfm_api.a
LOAD modules/hal_nordic/modules/hal_nordic/nrfx/libmodules__hal_nordic__nrfx.a
LOAD zephyr/kernel/libkernel.a
LOAD zephyr/arch/common/libisr_tables.a
LOAD modules/nrf/subsys/nrf_security/src/libmbedcrypto.a
LOAD modules/nrf/subsys/nrf_security/src/libmbedcrypto_base.a
LOAD modules/nrf/subsys/nrf_security/src/libnrf_security_utils.a
LOAD zephyr/kernel/libkernel.a
LOAD /opt/nordic/ncs/v3.0.0/nrfxlib/crypto/nrf_oberon/lib/cortex-m33/soft-float/liboberon_mbedtls_3.0.16.a
LOAD /opt/nordic/ncs/v3.0.0/nrfxlib/crypto/nrf_oberon/lib/cortex-m33/soft-float/liboberon_3.0.16.a
LOAD /opt/nordic/ncs/toolchains/ef4fc6722e/opt/zephyr-sdk/arm-zephyr-eabi/bin/../lib/gcc/../../picolibc/arm-zephyr-eabi/lib/thumb/v8-m.main/nofp/libc.a
LOAD /opt/nordic/ncs/toolchains/ef4fc6722e/opt/zephyr-sdk/arm-zephyr-eabi/bin/../lib/gcc/arm-zephyr-eabi/12.2.0/thumb/v8-m.main/nofp/libgcc.a
                0x0000000000000020                _region_min_align = 0x20

.rel.plt        0x000000000001c000        0x0
 *(SORT_BY_ALIGNMENT(.rel.plt))
                [!provide]                        PROVIDE (__rel_iplt_start = .)
 *(SORT_BY_ALIGNMENT(.rel.iplt))
 .rel.iplt      0x000000000001c000        0x0 app/libapp.a(main.c.obj)
                [!provide]                        PROVIDE (__rel_iplt_end = .)

.rela.plt       0x0000000000000000        0x0
 *(SORT_BY_ALIGNMENT(.rela.plt))
                [!provide]                        PROVIDE (__rela_iplt_start = .)
 *(SORT_BY_ALIGNMENT(.rela.iplt))
                [!provide]                        PROVIDE (__rela_iplt_end = .)

.rel.dyn
 *(SORT_BY_ALIGNMENT(.rel.*))

.rela.dyn
 *(SORT_BY_ALIGNMENT(.rela.*))

/DISCARD/
 *(SORT_BY_ALIGNMENT(.plt))

/DISCARD/
 *(SORT_BY_ALIGNMENT(.iplt))
                0x000000000001c000                __rom_region_start = 0x1c000

rom_start       0x000000000001c000      0x154
                0x000000000001c000                __rom_start_address = .
 FILL mask 0x00
                0x000000000001c000                . = (. + (0x0 - (. - __rom_start_address)))
                0x000000000001c000                . = ALIGN (0x4)
                0x000000000001c000                . = ALIGN (0x80)
                0x000000000001c000                . = ALIGN (0x200)
                0x000000000001c000                _vector_start = .
 *(SORT_BY_ALIGNMENT(.exc_vector_table))
 *(SORT_BY_ALIGNMENT(.exc_vector_table.*))
 .exc_vector_table._vector_table_section
                0x000000000001c000       0x40 zephyr/arch/arch/arm/core/cortex_m/libarch__arm__core__cortex_m.a(vector_table.S.obj)
                0x000000000001c000                _vector_table
 *(SORT_BY_ALIGNMENT(.vectors))
                0x000000000001c154                _vector_end = .
                0x000000000001c040                . = ALIGN (0x4)
 *(SORT_BY_ALIGNMENT(.gnu.linkonce.irq_vector_table*))
 .gnu.linkonce.irq_vector_table
                0x000000000001c040      0x114 zephyr/arch/common/libisr_tables.a(isr_tables.c.obj)
                0x000000000001c040                _irq_vector_table
                0x000000000001c154                _vector_end = .

text            0x000000000001c154     0xa840
                0x000000000001c154                __text_region_start = .
 *(SORT_BY_ALIGNMENT(.text))
 .text          0x000000000001c154       0x30 /opt/nordic/ncs/toolchains/ef4fc6722e/opt/zephyr-sdk/arm-zephyr-eabi/bin/../lib/gcc/arm-zephyr-eabi/12.2.0/thumb/v8-m.main/nofp/libgcc.a(_aeabi_uldivmod.o)
                0x000000000001c154                __aeabi_uldivmod
 .text          0x000000000001c184        0x4 /opt/nordic/ncs/toolchains/ef4fc6722e/opt/zephyr-sdk/arm-zephyr-eabi/bin/../lib/gcc/arm-zephyr-eabi/12.2.0/thumb/v8-m.main/nofp/libgcc.a(_dvmd_tls.o)
                0x000000000001c184                __aeabi_ldiv0
                0x000000000001c184                __aeabi_idiv0
 .text          0x000000000001c188       0x10 /opt/nordic/ncs/toolchains/ef4fc6722e/opt/zephyr-sdk/arm-zephyr-eabi/bin/../lib/gcc/../../picolibc/arm-zephyr-eabi/lib/thumb/v8-m.main/nofp/libc.a(strlen.S.o)
                0x000000000001c188                strlen
 .text          0x000000000001c198      0x29c /opt/nordic/ncs/toolchains/ef4fc6722e/opt/zephyr-sdk/arm-zephyr-eabi/bin/../lib/gcc/arm-zephyr-eabi/12.2.0/thumb/v8-m.main/nofp/libgcc.a(_udivmoddi4.o)
                0x000000000001c198                __udivmoddi4
 *(SORT_BY_ALIGNMENT(.text.*))
 .text.button_pressed
                0x000000000001c434       0x38 app/libapp.a(main.c.obj)
                0x000000000001c434                button_pressed
 .text.main     0x000000000001c46c       0x90 app/libapp.a(main.c.obj)
                0x000000000001c46c                main
 .text.char_out
                0x000000000001c4fc        0xc zephyr/libzephyr.a(printk.c.obj)
 .text.__printk_hook_install
                0x000000000001c508        0xc zephyr/libzephyr.a(printk.c.obj)
                0x000000000001c508                __printk_hook_install
 .text.vprintk  0x000000000001c514       0x30 zephyr/libzephyr.a(printk.c.obj)
                0x000000000001c514                vprintk
 .text.z_thread_entry
                0x000000000001c544       0x34 zephyr/libzephyr.a(thread_entry.c.obj)
                0x000000000001c544                z_thread_entry
 .text.process_event
                0x000000000001c578      0x21c zephyr/libzephyr.a(onoff.c.obj)
 .text.mem_attr_get_regions
                0x000000000001c794        0xc zephyr/libzephyr.a(mem_attr.c.obj)
                0x000000000001c794                mem_attr_get_regions
 .text.class_handler
                0x000000000001c7a0       0x40 zephyr/libzephyr.a(usb_device.c.obj)
 .text.custom_handler
                0x000000000001c7e0       0x60 zephyr/libzephyr.a(usb_device.c.obj)
 .text.vendor_handler
                0x000000000001c840       0x3c zephyr/libzephyr.a(usb_device.c.obj)
 .text.disable_endpoint
                0x000000000001c87c       0x2c zephyr/libzephyr.a(usb_device.c.obj)
 .text.usb_reset_alt_setting
                0x000000000001c8a8       0x10 zephyr/libzephyr.a(usb_device.c.obj)
 .text.is_ep_valid.part.0
                0x000000000001c8b8       0x38 zephyr/libzephyr.a(usb_device.c.obj)
 .text.usb_handle_request.constprop.0
                0x000000000001c8f0       0x2c zephyr/libzephyr.a(usb_device.c.obj)
 .text.forward_status_cb
                0x000000000001c91c       0xac zephyr/libzephyr.a(usb_device.c.obj)
 .text.usb_halt_endpoint_req.isra.0
                0x000000000001c9c8       0x50 zephyr/libzephyr.a(usb_device.c.obj)
 .text.set_endpoint
                0x000000000001ca18       0x84 zephyr/libzephyr.a(usb_device.c.obj)
 .text.usb_handle_standard_request
                0x000000000001ca9c      0x29c zephyr/libzephyr.a(usb_device.c.obj)
 .text.usb_data_to_host
                0x000000000001cd38       0x60 zephyr/libzephyr.a(usb_device.c.obj)
 .text.usb_handle_control_transfer
                0x000000000001cd98       0xdc zephyr/libzephyr.a(usb_device.c.obj)
 .text.usb_set_config
                0x000000000001ce74       0x2c zephyr/libzephyr.a(usb_device.c.obj)
                0x000000000001ce74                usb_set_config
 .text.usb_enable
                0x000000000001cea0      0x13c zephyr/libzephyr.a(usb_device.c.obj)
                0x000000000001cea0                usb_enable
 .text.usb_update_sn_string_descriptor
                0x000000000001cfdc       0x88 zephyr/libzephyr.a(usb_descriptor.c.obj)
                0x000000000001cfdc                usb_update_sn_string_descriptor
 .text.usb_get_device_descriptor
                0x000000000001d064      0x1e0 zephyr/libzephyr.a(usb_descriptor.c.obj)
                0x000000000001d064                usb_get_device_descriptor
 .text.usb_ep_get_transfer
                0x000000000001d244       0x2c zephyr/libzephyr.a(usb_transfer.c.obj)
 .text.usb_transfer_work
                0x000000000001d270      0x100 zephyr/libzephyr.a(usb_transfer.c.obj)
 .text.usb_transfer_ep_callback
                0x000000000001d370       0x5c zephyr/libzephyr.a(usb_transfer.c.obj)
                0x000000000001d370                usb_transfer_ep_callback
 .text.usb_transfer
                0x000000000001d3cc       0xe0 zephyr/libzephyr.a(usb_transfer.c.obj)
                0x000000000001d3cc                usb_transfer
 .text.usb_cancel_transfer
                0x000000000001d4ac       0x3c zephyr/libzephyr.a(usb_transfer.c.obj)
                0x000000000001d4ac                usb_cancel_transfer
 .text.usb_cancel_transfers
                0x000000000001d4e8       0x44 zephyr/libzephyr.a(usb_transfer.c.obj)
                0x000000000001d4e8                usb_cancel_transfers
 .text.usb_transfer_init
                0x000000000001d52c       0x34 zephyr/libzephyr.a(usb_transfer.c.obj)
                0x000000000001d52c                usb_transfer_init
 .text.cdc_acm_irq_rx_enable
                0x000000000001d560       0x20 zephyr/libzephyr.a(cdc_acm.c.obj)
 .text.cdc_acm_irq_tx_enable
                0x000000000001d580       0x20 zephyr/libzephyr.a(cdc_acm.c.obj)
 .text.cdc_acm_fifo_fill
                0x000000000001d5a0       0x3c zephyr/libzephyr.a(cdc_acm.c.obj)
 .text.cdc_acm_write_cb
                0x000000000001d5dc       0x54 zephyr/libzephyr.a(cdc_acm.c.obj)
 .text.cdc_acm_class_handle_req
                0x000000000001d630       0x64 zephyr/libzephyr.a(cdc_acm.c.obj)
                0x000000000001d630                cdc_acm_class_handle_req
 .text.cdc_acm_int_in
                0x000000000001d694       0x18 zephyr/libzephyr.a(cdc_acm.c.obj)
 .text.cdc_acm_reset_port
                0x000000000001d6ac       0x3c zephyr/libzephyr.a(cdc_acm.c.obj)
 .text.tx_work_handler
                0x000000000001d6e8       0x64 zephyr/libzephyr.a(cdc_acm.c.obj)
 .text.cdc_acm_init
                0x000000000001d74c       0x48 zephyr/libzephyr.a(cdc_acm.c.obj)
 .text.cdc_acm_poll_out
                0x000000000001d794       0x70 zephyr/libzephyr.a(cdc_acm.c.obj)
 .text.cdc_acm_read_cb
                0x000000000001d804       0x74 zephyr/libzephyr.a(cdc_acm.c.obj)
 .text.cdc_acm_dev_status_cb
                0x000000000001d878       0x84 zephyr/libzephyr.a(cdc_acm.c.obj)
 .text.z_usb_work_q_init
                0x000000000001d8fc       0x34 zephyr/libzephyr.a(usb_work_q.c.obj)
 .text.boot_banner
                0x000000000001d930       0x1c zephyr/libzephyr.a(banner.c.obj)
                0x000000000001d930                boot_banner
 .text.z_SysNmiOnReset
                0x000000000001d94c        0x8 zephyr/arch/arch/arm/core/libarch__arm__core.a(nmi_on_reset.S.obj)
                0x000000000001d94c                z_SysNmiOnReset
 .text.arch_tls_stack_setup
                0x000000000001d954       0x40 zephyr/arch/arch/arm/core/libarch__arm__core.a(tls.c.obj)
                0x000000000001d954                arch_tls_stack_setup
 .text._HandlerModeExit
                0x000000000001d994       0x28 zephyr/arch/arch/arm/core/cortex_m/libarch__arm__core__cortex_m.a(exc_exit.c.obj)
                0x000000000001d994                z_arm_exc_exit
                0x000000000001d994                z_arm_int_exit
 .text.usage_fault.constprop.0
                0x000000000001d9bc       0x5c zephyr/arch/arch/arm/core/cortex_m/libarch__arm__core__cortex_m.a(fault.c.obj)
 .text.bus_fault.constprop.0
                0x000000000001da18       0x6c zephyr/arch/arch/arm/core/cortex_m/libarch__arm__core__cortex_m.a(fault.c.obj)
 .text.mem_manage_fault.constprop.0
                0x000000000001da84       0x78 zephyr/arch/arch/arm/core/cortex_m/libarch__arm__core__cortex_m.a(fault.c.obj)
 .text.z_arm_fault
                0x000000000001dafc      0x130 zephyr/arch/arch/arm/core/cortex_m/libarch__arm__core__cortex_m.a(fault.c.obj)
                0x000000000001dafc                z_arm_fault
 .text.z_arm_fault_init
                0x000000000001dc2c       0x20 zephyr/arch/arch/arm/core/cortex_m/libarch__arm__core__cortex_m.a(fault.c.obj)
                0x000000000001dc2c                z_arm_fault_init
 .text.__fault  0x000000000001dc4c       0x14 zephyr/arch/arch/arm/core/cortex_m/libarch__arm__core__cortex_m.a(fault_s.S.obj)
                0x000000000001dc4c                z_arm_bus_fault
                0x000000000001dc4c                z_arm_usage_fault
                0x000000000001dc4c                z_arm_mpu_fault
                0x000000000001dc4c                z_arm_exc_spurious
                0x000000000001dc4c                z_arm_debug_monitor
                0x000000000001dc4c                z_arm_hard_fault
 .text._reset_section
                0x000000000001dc60       0x68 zephyr/arch/arch/arm/core/cortex_m/libarch__arm__core__cortex_m.a(reset.S.obj)
                0x000000000001dc60                z_arm_reset
                0x000000000001dc60                __start
 .text.z_arm_clear_arm_mpu_config
                0x000000000001dcc8       0x24 zephyr/arch/arch/arm/core/cortex_m/libarch__arm__core__cortex_m.a(scb.c.obj)
                0x000000000001dcc8                z_arm_clear_arm_mpu_config
 .text.z_arm_init_arch_hw_at_boot
                0x000000000001dcec       0x4c zephyr/arch/arch/arm/core/cortex_m/libarch__arm__core__cortex_m.a(scb.c.obj)
                0x000000000001dcec                z_arm_init_arch_hw_at_boot
 .text.z_impl_k_thread_abort
                0x000000000001dd38       0x2c zephyr/arch/arch/arm/core/cortex_m/libarch__arm__core__cortex_m.a(thread_abort.c.obj)
                0x000000000001dd38                z_impl_k_thread_abort
 .text.z_arm_pendsv
                0x000000000001dd64       0x74 zephyr/arch/arch/arm/core/cortex_m/libarch__arm__core__cortex_m.a(swap_helper.S.obj)
                0x000000000001dd64                z_arm_pendsv
 .text.z_arm_svc
                0x000000000001ddd8       0x24 zephyr/arch/arch/arm/core/cortex_m/libarch__arm__core__cortex_m.a(swap_helper.S.obj)
                0x000000000001ddd8                z_arm_svc
 .text.arch_irq_enable
                0x000000000001ddfc       0x1c zephyr/arch/arch/arm/core/cortex_m/libarch__arm__core__cortex_m.a(irq_manage.c.obj)
                0x000000000001ddfc                arch_irq_enable
 .text.arch_irq_disable
                0x000000000001de18       0x28 zephyr/arch/arch/arm/core/cortex_m/libarch__arm__core__cortex_m.a(irq_manage.c.obj)
                0x000000000001de18                arch_irq_disable
 .text.arch_irq_is_enabled
                0x000000000001de40       0x1c zephyr/arch/arch/arm/core/cortex_m/libarch__arm__core__cortex_m.a(irq_manage.c.obj)
                0x000000000001de40                arch_irq_is_enabled
 .text.z_arm_irq_priority_set
                0x000000000001de5c       0x2c zephyr/arch/arch/arm/core/cortex_m/libarch__arm__core__cortex_m.a(irq_manage.c.obj)
                0x000000000001de5c                z_arm_irq_priority_set
 .text.z_prep_c
                0x000000000001de88       0x38 zephyr/arch/arch/arm/core/cortex_m/libarch__arm__core__cortex_m.a(prep_c.c.obj)
                0x000000000001de88                z_prep_c
 .text.arch_new_thread
                0x000000000001dec0       0x40 zephyr/arch/arch/arm/core/cortex_m/libarch__arm__core__cortex_m.a(thread.c.obj)
                0x000000000001dec0                arch_new_thread
 .text.arch_switch_to_main_thread
                0x000000000001df00       0x44 zephyr/arch/arch/arm/core/cortex_m/libarch__arm__core__cortex_m.a(thread.c.obj)
                0x000000000001df00                arch_switch_to_main_thread
 .text.z_arm_cpu_idle_init
                0x000000000001df44        0xc zephyr/arch/arch/arm/core/cortex_m/libarch__arm__core__cortex_m.a(cpu_idle.c.obj)
                0x000000000001df44                z_arm_cpu_idle_init
 .text.z_arm_interrupt_init
                0x000000000001df50       0x18 zephyr/arch/arch/arm/core/cortex_m/libarch__arm__core__cortex_m.a(irq_init.c.obj)
                0x000000000001df50                z_arm_interrupt_init
 .text._isr_wrapper
                0x000000000001df68       0x24 zephyr/arch/arch/arm/core/cortex_m/libarch__arm__core__cortex_m.a(isr_wrapper.c.obj)
                0x000000000001df68                _isr_wrapper
 .text.z_arm_configure_static_mpu_regions
                0x000000000001df8c       0x38 zephyr/arch/arch/arm/core/mpu/libarch__arm__core__mpu.a(arm_core_mpu.c.obj)
                0x000000000001df8c                z_arm_configure_static_mpu_regions
 .text.region_init
                0x000000000001dfc4       0x34 zephyr/arch/arch/arm/core/mpu/libarch__arm__core__mpu.a(arm_mpu.c.obj)
 .text.region_allocate_and_init
                0x000000000001dff8       0x24 zephyr/arch/arch/arm/core/mpu/libarch__arm__core__mpu.a(arm_mpu.c.obj)
 .text.mpu_configure_regions_and_partition.constprop.0
                0x000000000001e01c      0x148 zephyr/arch/arch/arm/core/mpu/libarch__arm__core__mpu.a(arm_mpu.c.obj)
 .text.arm_core_mpu_enable
                0x000000000001e164       0x18 zephyr/arch/arch/arm/core/mpu/libarch__arm__core__mpu.a(arm_mpu.c.obj)
                0x000000000001e164                arm_core_mpu_enable
 .text.arm_core_mpu_disable
                0x000000000001e17c       0x14 zephyr/arch/arch/arm/core/mpu/libarch__arm__core__mpu.a(arm_mpu.c.obj)
                0x000000000001e17c                arm_core_mpu_disable
 .text.arm_core_mpu_configure_static_mpu_regions
                0x000000000001e190       0x14 zephyr/arch/arch/arm/core/mpu/libarch__arm__core__mpu.a(arm_mpu.c.obj)
                0x000000000001e190                arm_core_mpu_configure_static_mpu_regions
 .text.arm_core_mpu_mark_areas_for_dynamic_regions
                0x000000000001e1a4       0xb8 zephyr/arch/arch/arm/core/mpu/libarch__arm__core__mpu.a(arm_mpu.c.obj)
                0x000000000001e1a4                arm_core_mpu_mark_areas_for_dynamic_regions
 .text.z_arm_mpu_init
                0x000000000001e25c      0x11c zephyr/arch/arch/arm/core/mpu/libarch__arm__core__mpu.a(arm_mpu.c.obj)
                0x000000000001e25c                z_arm_mpu_init
 .text.z_impl_zephyr_fputc
                0x000000000001e378       0x10 zephyr/lib/libc/picolibc/liblib__libc__picolibc.a(stdio.c.obj)
                0x000000000001e378                z_impl_zephyr_fputc
 .text.__stdout_hook_install
                0x000000000001e388       0x18 zephyr/lib/libc/picolibc/liblib__libc__picolibc.a(stdio.c.obj)
                0x000000000001e388                __stdout_hook_install
 .text.malloc_prepare
                0x000000000001e3a0       0x24 zephyr/lib/libc/common/liblib__libc__common.a(malloc.c.obj)
 .text.rtc_pretick_init
                0x000000000001e3c4       0x60 zephyr/soc/soc/nrf5340/libsoc__nordic.a(soc.c.obj)
 .text.z_arm_on_enter_cpu_idle
                0x000000000001e424       0x68 zephyr/soc/soc/nrf5340/libsoc__nordic.a(soc.c.obj)
                0x000000000001e424                z_arm_on_enter_cpu_idle
 .text.arch_busy_wait
                0x000000000001e48c       0x24 zephyr/soc/soc/nrf5340/libsoc__nordic.a(soc.c.obj)
                0x000000000001e48c                arch_busy_wait
 .text.onoff_stop
                0x000000000001e4b0       0x14 zephyr/soc/soc/nrf5340/libsoc__nordic.a(nrf53_cpunet_mgmt.c.obj)
 .text.nrf53_cpunet_mgmt_init
                0x000000000001e4c4       0x10 zephyr/soc/soc/nrf5340/libsoc__nordic.a(nrf53_cpunet_mgmt.c.obj)
 .text.onoff_start
                0x000000000001e4d4       0x70 zephyr/soc/soc/nrf5340/libsoc__nordic.a(nrf53_cpunet_mgmt.c.obj)
 .text.nrf53_cpunet_enable.part.0
                0x000000000001e544       0x28 zephyr/soc/soc/nrf5340/libsoc__nordic.a(nrf53_cpunet_mgmt.c.obj)
 .text.usbd_evt_put
                0x000000000001e56c        0xc zephyr/drivers/usb/device/libdrivers__usb__device.a(usb_dc_nrfx.c.obj)
 .text.usbd_work_schedule
                0x000000000001e578       0x10 zephyr/drivers/usb/device/libdrivers__usb__device.a(usb_dc_nrfx.c.obj)
 .text.endpoint_ctx
                0x000000000001e588       0x60 zephyr/drivers/usb/device/libdrivers__usb__device.a(usb_dc_nrfx.c.obj)
 .text.usbd_evt_get
                0x000000000001e5e8       0x10 zephyr/drivers/usb/device/libdrivers__usb__device.a(usb_dc_nrfx.c.obj)
 .text.usb_init
                0x000000000001e5f8       0x78 zephyr/drivers/usb/device/libdrivers__usb__device.a(usb_dc_nrfx.c.obj)
 .text.hfxo_stop.constprop.0.isra.0
                0x000000000001e670       0x38 zephyr/drivers/usb/device/libdrivers__usb__device.a(usb_dc_nrfx.c.obj)
 .text.eps_ctx_init
                0x000000000001e6a8       0x68 zephyr/drivers/usb/device/libdrivers__usb__device.a(usb_dc_nrfx.c.obj)
 .text.usbd_evt_flush
                0x000000000001e710       0x1c zephyr/drivers/usb/device/libdrivers__usb__device.a(usb_dc_nrfx.c.obj)
 .text.usbd_evt_alloc
                0x000000000001e72c       0x44 zephyr/drivers/usb/device/libdrivers__usb__device.a(usb_dc_nrfx.c.obj)
 .text.submit_dc_power_event
                0x000000000001e770       0x2c zephyr/drivers/usb/device/libdrivers__usb__device.a(usb_dc_nrfx.c.obj)
 .text.usb_dc_power_event_handler
                0x000000000001e79c       0x38 zephyr/drivers/usb/device/libdrivers__usb__device.a(usb_dc_nrfx.c.obj)
 .text.usbd_event_transfer_data
                0x000000000001e7d4       0xa8 zephyr/drivers/usb/device/libdrivers__usb__device.a(usb_dc_nrfx.c.obj)
 .text.usbd_event_handler
                0x000000000001e87c      0x11c zephyr/drivers/usb/device/libdrivers__usb__device.a(usb_dc_nrfx.c.obj)
 .text.usbd_work_handler
                0x000000000001e998      0x2d8 zephyr/drivers/usb/device/libdrivers__usb__device.a(usb_dc_nrfx.c.obj)
 .text.usb_dc_attach
                0x000000000001ec70       0x64 zephyr/drivers/usb/device/libdrivers__usb__device.a(usb_dc_nrfx.c.obj)
                0x000000000001ec70                usb_dc_attach
 .text.usb_dc_set_address
                0x000000000001ecd4       0x24 zephyr/drivers/usb/device/libdrivers__usb__device.a(usb_dc_nrfx.c.obj)
                0x000000000001ecd4                usb_dc_set_address
 .text.usb_dc_ep_configure
                0x000000000001ecf8       0x48 zephyr/drivers/usb/device/libdrivers__usb__device.a(usb_dc_nrfx.c.obj)
                0x000000000001ecf8                usb_dc_ep_configure
 .text.usb_dc_ep_set_stall
                0x000000000001ed40       0x50 zephyr/drivers/usb/device/libdrivers__usb__device.a(usb_dc_nrfx.c.obj)
                0x000000000001ed40                usb_dc_ep_set_stall
 .text.usb_dc_ep_clear_stall
                0x000000000001ed90       0x40 zephyr/drivers/usb/device/libdrivers__usb__device.a(usb_dc_nrfx.c.obj)
                0x000000000001ed90                usb_dc_ep_clear_stall
 .text.usb_dc_ep_is_stalled
                0x000000000001edd0       0x38 zephyr/drivers/usb/device/libdrivers__usb__device.a(usb_dc_nrfx.c.obj)
                0x000000000001edd0                usb_dc_ep_is_stalled
 .text.usb_dc_ep_enable
                0x000000000001ee08       0x54 zephyr/drivers/usb/device/libdrivers__usb__device.a(usb_dc_nrfx.c.obj)
                0x000000000001ee08                usb_dc_ep_enable
 .text.usb_dc_ep_write
                0x000000000001ee5c       0xf8 zephyr/drivers/usb/device/libdrivers__usb__device.a(usb_dc_nrfx.c.obj)
                0x000000000001ee5c                usb_dc_ep_write
 .text.usb_dc_ep_read_wait
                0x000000000001ef54       0x90 zephyr/drivers/usb/device/libdrivers__usb__device.a(usb_dc_nrfx.c.obj)
                0x000000000001ef54                usb_dc_ep_read_wait
 .text.usb_dc_ep_read_continue
                0x000000000001efe4       0x84 zephyr/drivers/usb/device/libdrivers__usb__device.a(usb_dc_nrfx.c.obj)
                0x000000000001efe4                usb_dc_ep_read_continue
 .text.usb_dc_ep_set_callback
                0x000000000001f068       0x28 zephyr/drivers/usb/device/libdrivers__usb__device.a(usb_dc_nrfx.c.obj)
                0x000000000001f068                usb_dc_ep_set_callback
 .text.usb_dc_set_status_callback
                0x000000000001f090        0xc zephyr/drivers/usb/device/libdrivers__usb__device.a(usb_dc_nrfx.c.obj)
                0x000000000001f090                usb_dc_set_status_callback
 .text.usb_dc_ep_mps
                0x000000000001f09c       0x24 zephyr/drivers/usb/device/libdrivers__usb__device.a(usb_dc_nrfx.c.obj)
                0x000000000001f09c                usb_dc_ep_mps
 .text.ep_state_access
                0x000000000001f0c0       0x20 zephyr/drivers/usb/common/nrf_usbd_common/libdrivers__usb__common__nrf_usbd_common.a(nrf_usbd_common.c.obj)
 .text.nrf_usbd_common_uninit
                0x000000000001f0e0       0x14 zephyr/drivers/usb/common/nrf_usbd_common/libdrivers__usb__common__nrf_usbd_common.a(nrf_usbd_common.c.obj)
                0x000000000001f0e0                nrf_usbd_common_uninit
 .text.nrf_usbd_common_enable
                0x000000000001f0f4       0x64 zephyr/drivers/usb/common/nrf_usbd_common/libdrivers__usb__common__nrf_usbd_common.a(nrf_usbd_common.c.obj)
                0x000000000001f0f4                nrf_usbd_common_enable
 .text.nrf_usbd_common_start
                0x000000000001f158       0x38 zephyr/drivers/usb/common/nrf_usbd_common/libdrivers__usb__common__nrf_usbd_common.a(nrf_usbd_common.c.obj)
                0x000000000001f158                nrf_usbd_common_start
 .text.nrf_usbd_common_is_enabled
                0x000000000001f190       0x14 zephyr/drivers/usb/common/nrf_usbd_common/libdrivers__usb__common__nrf_usbd_common.a(nrf_usbd_common.c.obj)
                0x000000000001f190                nrf_usbd_common_is_enabled
 .text.nrf_usbd_common_suspend
                0x000000000001f1a4       0x6c zephyr/drivers/usb/common/nrf_usbd_common/libdrivers__usb__common__nrf_usbd_common.a(nrf_usbd_common.c.obj)
                0x000000000001f1a4                nrf_usbd_common_suspend
 .text.nrf_usbd_common_init
                0x000000000001f210       0x84 zephyr/drivers/usb/common/nrf_usbd_common/libdrivers__usb__common__nrf_usbd_common.a(nrf_usbd_common.c.obj)
                0x000000000001f210                nrf_usbd_common_init
 .text.nrf_usbd_common_ep_enable_check
                0x000000000001f294       0x28 zephyr/drivers/usb/common/nrf_usbd_common/libdrivers__usb__common__nrf_usbd_common.a(nrf_usbd_common.c.obj)
                0x000000000001f294                nrf_usbd_common_ep_enable_check
 .text.nrf_usbd_common_ep_transfer
                0x000000000001f2bc       0x9c zephyr/drivers/usb/common/nrf_usbd_common/libdrivers__usb__common__nrf_usbd_common.a(nrf_usbd_common.c.obj)
                0x000000000001f2bc                nrf_usbd_common_ep_transfer
 .text.nrf_usbd_common_epout_size_get
                0x000000000001f358       0x28 zephyr/drivers/usb/common/nrf_usbd_common/libdrivers__usb__common__nrf_usbd_common.a(nrf_usbd_common.c.obj)
                0x000000000001f358                nrf_usbd_common_epout_size_get
 .text.nrf_usbd_common_irq_handler
                0x000000000001f380      0x48c zephyr/drivers/usb/common/nrf_usbd_common/libdrivers__usb__common__nrf_usbd_common.a(nrf_usbd_common.c.obj)
                0x000000000001f380                nrf_usbd_common_irq_handler
 .text.nrf_usbd_common_ep_stall
                0x000000000001f80c       0x10 zephyr/drivers/usb/common/nrf_usbd_common/libdrivers__usb__common__nrf_usbd_common.a(nrf_usbd_common.c.obj)
                0x000000000001f80c                nrf_usbd_common_ep_stall
 .text.nrf_usbd_common_ep_stall_check
                0x000000000001f81c       0x34 zephyr/drivers/usb/common/nrf_usbd_common/libdrivers__usb__common__nrf_usbd_common.a(nrf_usbd_common.c.obj)
                0x000000000001f81c                nrf_usbd_common_ep_stall_check
 .text.nrf_usbd_common_ep_dtoggle_clear
                0x000000000001f850       0x14 zephyr/drivers/usb/common/nrf_usbd_common/libdrivers__usb__common__nrf_usbd_common.a(nrf_usbd_common.c.obj)
                0x000000000001f850                nrf_usbd_common_ep_dtoggle_clear
 .text.nrf_usbd_common_setup_get
                0x000000000001f864       0x44 zephyr/drivers/usb/common/nrf_usbd_common/libdrivers__usb__common__nrf_usbd_common.a(nrf_usbd_common.c.obj)
                0x000000000001f864                nrf_usbd_common_setup_get
 .text.nrf_usbd_common_setup_data_clear
                0x000000000001f8a8        0xc zephyr/drivers/usb/common/nrf_usbd_common/libdrivers__usb__common__nrf_usbd_common.a(nrf_usbd_common.c.obj)
                0x000000000001f8a8                nrf_usbd_common_setup_data_clear
 .text.nrf_usbd_common_setup_clear
                0x000000000001f8b4        0xc zephyr/drivers/usb/common/nrf_usbd_common/libdrivers__usb__common__nrf_usbd_common.a(nrf_usbd_common.c.obj)
                0x000000000001f8b4                nrf_usbd_common_setup_clear
 .text.nrf_usbd_common_setup_stall
                0x000000000001f8c0        0xc zephyr/drivers/usb/common/nrf_usbd_common/libdrivers__usb__common__nrf_usbd_common.a(nrf_usbd_common.c.obj)
                0x000000000001f8c0                nrf_usbd_common_setup_stall
 .text.nrf_usbd_common_last_setup_dir_get
                0x000000000001f8cc        0xc zephyr/drivers/usb/common/nrf_usbd_common/libdrivers__usb__common__nrf_usbd_common.a(nrf_usbd_common.c.obj)
                0x000000000001f8cc                nrf_usbd_common_last_setup_dir_get
 .text.nrf_usbd_common_transfer_out_drop
                0x000000000001f8d8       0x4c zephyr/drivers/usb/common/nrf_usbd_common/libdrivers__usb__common__nrf_usbd_common.a(nrf_usbd_common.c.obj)
                0x000000000001f8d8                nrf_usbd_common_transfer_out_drop
 .text.usbd_ep_abort
                0x000000000001f924       0xf0 zephyr/drivers/usb/common/nrf_usbd_common/libdrivers__usb__common__nrf_usbd_common.a(nrf_usbd_common.c.obj)
 .text.nrf_usbd_common_ep_abort
                0x000000000001fa14       0x34 zephyr/drivers/usb/common/nrf_usbd_common/libdrivers__usb__common__nrf_usbd_common.a(nrf_usbd_common.c.obj)
                0x000000000001fa14                nrf_usbd_common_ep_abort
 .text.nrf_usbd_common_disable
                0x000000000001fa48       0xd0 zephyr/drivers/usb/common/nrf_usbd_common/libdrivers__usb__common__nrf_usbd_common.a(nrf_usbd_common.c.obj)
                0x000000000001fa48                nrf_usbd_common_disable
 .text.nrf_usbd_common_ep_disable
                0x000000000001fb18       0x60 zephyr/drivers/usb/common/nrf_usbd_common/libdrivers__usb__common__nrf_usbd_common.a(nrf_usbd_common.c.obj)
                0x000000000001fb18                nrf_usbd_common_ep_disable
 .text.nrf_usbd_common_ep_enable
                0x000000000001fb78       0x70 zephyr/drivers/usb/common/nrf_usbd_common/libdrivers__usb__common__nrf_usbd_common.a(nrf_usbd_common.c.obj)
                0x000000000001fb78                nrf_usbd_common_ep_enable
 .text.nrf_usbd_common_ep_stall_clear
                0x000000000001fbe8       0x20 zephyr/drivers/usb/common/nrf_usbd_common/libdrivers__usb__common__nrf_usbd_common.a(nrf_usbd_common.c.obj)
                0x000000000001fbe8                nrf_usbd_common_ep_stall_clear
 .text.onoff_stop
                0x000000000001fc08       0x30 zephyr/drivers/clock_control/libdrivers__clock_control.a(clock_control_nrf.c.obj)
 .text.onoff_start
                0x000000000001fc38       0x44 zephyr/drivers/clock_control/libdrivers__clock_control.a(clock_control_nrf.c.obj)
 .text.generic_hfclk_stop
                0x000000000001fc7c       0x34 zephyr/drivers/clock_control/libdrivers__clock_control.a(clock_control_nrf.c.obj)
 .text.clk_init
                0x000000000001fcb0       0x64 zephyr/drivers/clock_control/libdrivers__clock_control.a(clock_control_nrf.c.obj)
 .text.api_blocking_start
                0x000000000001fd14       0x34 zephyr/drivers/clock_control/libdrivers__clock_control.a(clock_control_nrf.c.obj)
 .text.clkstarted_handle.constprop.0
                0x000000000001fd48       0x4c zephyr/drivers/clock_control/libdrivers__clock_control.a(clock_control_nrf.c.obj)
 .text.generic_hfclk_start
                0x000000000001fd94       0x7c zephyr/drivers/clock_control/libdrivers__clock_control.a(clock_control_nrf.c.obj)
 .text.clock_event_handler
                0x000000000001fe10       0x34 zephyr/drivers/clock_control/libdrivers__clock_control.a(clock_control_nrf.c.obj)
 .text.z_nrf_clock_control_get_onoff
                0x000000000001fe44       0x10 zephyr/drivers/clock_control/libdrivers__clock_control.a(clock_control_nrf.c.obj)
                0x000000000001fe44                z_nrf_clock_control_get_onoff
 .text.z_nrf_clock_control_lf_on
                0x000000000001fe54       0xf4 zephyr/drivers/clock_control/libdrivers__clock_control.a(clock_control_nrf.c.obj)
                0x000000000001fe54                z_nrf_clock_control_lf_on
 .text.uart_console_init
                0x000000000001ff48       0x28 zephyr/drivers/console/libdrivers__console.a(uart_console.c.obj)
 .text.console_out
                0x000000000001ff70       0x28 zephyr/drivers/console/libdrivers__console.a(uart_console.c.obj)
 .text.gpio_nrfx_pin_interrupt_configure
                0x000000000001ff98      0x100 zephyr/drivers/gpio/libdrivers__gpio.a(gpio_nrfx.c.obj)
 .text.gpio_nrfx_init
                0x0000000000020098       0x48 zephyr/drivers/gpio/libdrivers__gpio.a(gpio_nrfx.c.obj)
 .text.nrfx_gpio_handler
                0x00000000000200e0       0x4c zephyr/drivers/gpio/libdrivers__gpio.a(gpio_nrfx.c.obj)
 .text.gpio_nrfx_pin_configure
                0x000000000002012c      0x188 zephyr/drivers/gpio/libdrivers__gpio.a(gpio_nrfx.c.obj)
 .text.z_impl_hwinfo_get_device_id
                0x00000000000202b4       0x3c zephyr/drivers/hwinfo/libdrivers__hwinfo.a(hwinfo_nrf.c.obj)
                0x00000000000202b4                z_impl_hwinfo_get_device_id
 .text.event_handler
                0x00000000000202f0       0x38 zephyr/drivers/i2c/libdrivers__i2c.a(i2c_nrfx_twim.c.obj)
 .text.i2c_nrfx_twim_transfer
                0x0000000000020328      0x14c zephyr/drivers/i2c/libdrivers__i2c.a(i2c_nrfx_twim.c.obj)
 .text.i2c_nrfx_twim_recover_bus
                0x0000000000020474       0x40 zephyr/drivers/i2c/libdrivers__i2c.a(i2c_nrfx_twim_common.c.obj)
                0x0000000000020474                i2c_nrfx_twim_recover_bus
 .text.i2c_nrfx_twim_msg_transfer
                0x00000000000204b4       0x6c zephyr/drivers/i2c/libdrivers__i2c.a(i2c_nrfx_twim_common.c.obj)
                0x00000000000204b4                i2c_nrfx_twim_msg_transfer
 .text.i2c_nrfx_twim_common_init
                0x0000000000020520       0x40 zephyr/drivers/i2c/libdrivers__i2c.a(i2c_nrfx_twim_common.c.obj)
                0x0000000000020520                i2c_nrfx_twim_common_init
 .text.nrf_gpio_pin_port_decode
                0x0000000000020560       0x24 zephyr/drivers/pinctrl/libdrivers__pinctrl.a(pinctrl_nrf.c.obj)
 .text.pinctrl_configure_pins
                0x0000000000020584      0x18c zephyr/drivers/pinctrl/libdrivers__pinctrl.a(pinctrl_nrf.c.obj)
                0x0000000000020584                pinctrl_configure_pins
 .text.regulator_delay
                0x0000000000020710       0x2c zephyr/drivers/regulator/libdrivers__regulator.a(regulator_common.c.obj)
 .text.transfer_next_chunk
                0x000000000002073c       0xd0 zephyr/drivers/spi/libdrivers__spi.a(spi_nrfx_spim.c.obj)
 .text.spi_nrfx_transceive
                0x000000000002080c      0x354 zephyr/drivers/spi/libdrivers__spi.a(spi_nrfx_spim.c.obj)
 .text.nrf_gpio_cfg_input
                0x0000000000020b60       0x40 zephyr/drivers/spi/libdrivers__spi.a(spi_nrfx_common.c.obj)
 .text.spi_nrfx_wake_init
                0x0000000000020ba0       0x60 zephyr/drivers/spi/libdrivers__spi.a(spi_nrfx_common.c.obj)
                0x0000000000020ba0                spi_nrfx_wake_init
 .text.compare_int_lock
                0x0000000000020c00       0x40 zephyr/drivers/timer/libdrivers__timer.a(nrf_rtc_timer.c.obj)
 .text.sys_clock_timeout_handler
                0x0000000000020c40       0x48 zephyr/drivers/timer/libdrivers__timer.a(nrf_rtc_timer.c.obj)
 .text.compare_int_unlock
                0x0000000000020c88       0x4c zephyr/drivers/timer/libdrivers__timer.a(nrf_rtc_timer.c.obj)
 .text.z_nrf_rtc_timer_read
                0x0000000000020cd4       0x44 zephyr/drivers/timer/libdrivers__timer.a(nrf_rtc_timer.c.obj)
                0x0000000000020cd4                z_nrf_rtc_timer_read
 .text.compare_set
                0x0000000000020d18      0x124 zephyr/drivers/timer/libdrivers__timer.a(nrf_rtc_timer.c.obj)
 .text.sys_clock_driver_init
                0x0000000000020e3c       0x90 zephyr/drivers/timer/libdrivers__timer.a(nrf_rtc_timer.c.obj)
 .text.rtc_nrf_isr
                0x0000000000020ecc       0xd0 zephyr/drivers/timer/libdrivers__timer.a(nrf_rtc_timer.c.obj)
                0x0000000000020ecc                rtc_nrf_isr
 .text.sys_clock_set_timeout
                0x0000000000020f9c       0x5c zephyr/drivers/timer/libdrivers__timer.a(nrf_rtc_timer.c.obj)
                0x0000000000020f9c                sys_clock_set_timeout
 .text.sys_clock_elapsed
                0x0000000000020ff8       0x14 zephyr/drivers/timer/libdrivers__timer.a(nrf_rtc_timer.c.obj)
                0x0000000000020ff8                sys_clock_elapsed
 .text.ns_fault_init
                0x000000000002100c       0x10 modules/nrf/modules/trusted-firmware-m/lib..__nrf__modules__trusted-firmware-m.a(fault.c.obj)
 .text.arm_fault
                0x000000000002101c       0xbc modules/nrf/modules/trusted-firmware-m/lib..__nrf__modules__trusted-firmware-m.a(fault.c.obj)
                0x000000000002101c                arm_fault
 .text.tfm_ns_fault_handler_callback
                0x00000000000210d8       0x48 modules/nrf/modules/trusted-firmware-m/lib..__nrf__modules__trusted-firmware-m.a(fault.c.obj)
                0x00000000000210d8                tfm_ns_fault_handler_callback
 .text.tfm_ns_interface_dispatch
                0x0000000000021120       0x64 modules/trusted-firmware-m/libtfm_api.a(interface.c.obj)
                0x0000000000021120                tfm_ns_interface_dispatch
 .text.tfm_platform_ioctl
                0x0000000000021184       0x4c modules/trusted-firmware-m/libtfm_api.a(tfm_platform_api.c.obj)
                0x0000000000021184                tfm_platform_ioctl
 .text.psa_call
                0x00000000000211d0       0x34 modules/trusted-firmware-m/libtfm_api.a(tfm_tz_psa_ns_api.c.obj)
                0x00000000000211d0                psa_call
 .text.nrfx_flag32_alloc
                0x0000000000021204       0x40 modules/hal_nordic/modules/hal_nordic/nrfx/libmodules__hal_nordic__nrfx.a(nrfx_flag32_allocator.c.obj)
                0x0000000000021204                nrfx_flag32_alloc
 .text.nrfx_flag32_free
                0x0000000000021244       0x38 modules/hal_nordic/modules/hal_nordic/nrfx/libmodules__hal_nordic__nrfx.a(nrfx_flag32_allocator.c.obj)
                0x0000000000021244                nrfx_flag32_free
 .text.nrfx_gppi_channels_enable
                0x000000000002127c        0xc modules/hal_nordic/modules/hal_nordic/nrfx/libmodules__hal_nordic__nrfx.a(nrfx_gppi_dppi.c.obj)
                0x000000000002127c                nrfx_gppi_channels_enable
 .text.nrfx_gppi_channel_alloc
                0x0000000000021288        0xc modules/hal_nordic/modules/hal_nordic/nrfx/libmodules__hal_nordic__nrfx.a(nrfx_gppi_dppi.c.obj)
                0x0000000000021288                nrfx_gppi_channel_alloc
 .text.clock_stop
                0x0000000000021294       0xfc modules/hal_nordic/modules/hal_nordic/nrfx/libmodules__hal_nordic__nrfx.a(nrfx_clock.c.obj)
 .text.nrfx_clock_init
                0x0000000000021390       0x20 modules/hal_nordic/modules/hal_nordic/nrfx/libmodules__hal_nordic__nrfx.a(nrfx_clock.c.obj)
                0x0000000000021390                nrfx_clock_init
 .text.nrfx_clock_enable
                0x00000000000213b0       0x38 modules/hal_nordic/modules/hal_nordic/nrfx/libmodules__hal_nordic__nrfx.a(nrfx_clock.c.obj)
                0x00000000000213b0                nrfx_clock_enable
 .text.nrfx_clock_start
                0x00000000000213e8       0xd8 modules/hal_nordic/modules/hal_nordic/nrfx/libmodules__hal_nordic__nrfx.a(nrfx_clock.c.obj)
                0x00000000000213e8                nrfx_clock_start
 .text.nrfx_clock_irq_handler
                0x00000000000214c0       0x74 modules/hal_nordic/modules/hal_nordic/nrfx/libmodules__hal_nordic__nrfx.a(nrfx_clock.c.obj)
                0x00000000000214c0                nrfx_clock_irq_handler
 .text.nrfx_dppi_channel_alloc
                0x0000000000021534       0x10 modules/hal_nordic/modules/hal_nordic/nrfx/libmodules__hal_nordic__nrfx.a(nrfx_dppi.c.obj)
                0x0000000000021534                nrfx_dppi_channel_alloc
 .text.nrf_gpio_pin_port_decode
                0x0000000000021544       0x24 modules/hal_nordic/modules/hal_nordic/nrfx/libmodules__hal_nordic__nrfx.a(nrfx_gpiote.c.obj)
 .text.get_pin_idx
                0x0000000000021568       0x14 modules/hal_nordic/modules/hal_nordic/nrfx/libmodules__hal_nordic__nrfx.a(nrfx_gpiote.c.obj)
 .text.call_handler.constprop.0
                0x000000000002157c       0x40 modules/hal_nordic/modules/hal_nordic/nrfx/libmodules__hal_nordic__nrfx.a(nrfx_gpiote.c.obj)
 .text.pin_te_get.constprop.0
                0x00000000000215bc       0x18 modules/hal_nordic/modules/hal_nordic/nrfx/libmodules__hal_nordic__nrfx.a(nrfx_gpiote.c.obj)
 .text.pin_is_output.constprop.0
                0x00000000000215d4       0x18 modules/hal_nordic/modules/hal_nordic/nrfx/libmodules__hal_nordic__nrfx.a(nrfx_gpiote.c.obj)
 .text.pin_in_use_by_te.constprop.0
                0x00000000000215ec       0x18 modules/hal_nordic/modules/hal_nordic/nrfx/libmodules__hal_nordic__nrfx.a(nrfx_gpiote.c.obj)
 .text.latch_pending_read_and_check
                0x0000000000021604       0x3c modules/hal_nordic/modules/hal_nordic/nrfx/libmodules__hal_nordic__nrfx.a(nrfx_gpiote.c.obj)
 .text.release_handler.isra.0
                0x0000000000021640       0x58 modules/hal_nordic/modules/hal_nordic/nrfx/libmodules__hal_nordic__nrfx.a(nrfx_gpiote.c.obj)
 .text.__nrfy_internal_gpiote_events_process.constprop.0
                0x0000000000021698       0x5c modules/hal_nordic/modules/hal_nordic/nrfx/libmodules__hal_nordic__nrfx.a(nrfx_gpiote.c.obj)
 .text.pin_uninit
                0x00000000000216f4       0x84 modules/hal_nordic/modules/hal_nordic/nrfx/libmodules__hal_nordic__nrfx.a(nrfx_gpiote.c.obj)
 .text.nrfx_gpiote_input_configure
                0x0000000000021778      0x178 modules/hal_nordic/modules/hal_nordic/nrfx/libmodules__hal_nordic__nrfx.a(nrfx_gpiote.c.obj)
                0x0000000000021778                nrfx_gpiote_input_configure
 .text.nrfx_gpiote_output_configure
                0x00000000000218f0      0x104 modules/hal_nordic/modules/hal_nordic/nrfx/libmodules__hal_nordic__nrfx.a(nrfx_gpiote.c.obj)
                0x00000000000218f0                nrfx_gpiote_output_configure
 .text.nrfx_gpiote_global_callback_set
                0x00000000000219f4        0xc modules/hal_nordic/modules/hal_nordic/nrfx/libmodules__hal_nordic__nrfx.a(nrfx_gpiote.c.obj)
                0x00000000000219f4                nrfx_gpiote_global_callback_set
 .text.nrfx_gpiote_channel_get
                0x0000000000021a00       0x34 modules/hal_nordic/modules/hal_nordic/nrfx/libmodules__hal_nordic__nrfx.a(nrfx_gpiote.c.obj)
                0x0000000000021a00                nrfx_gpiote_channel_get
 .text.nrfx_gpiote_init
                0x0000000000021a34       0x64 modules/hal_nordic/modules/hal_nordic/nrfx/libmodules__hal_nordic__nrfx.a(nrfx_gpiote.c.obj)
                0x0000000000021a34                nrfx_gpiote_init
 .text.nrfx_gpiote_init_check
                0x0000000000021a98       0x14 modules/hal_nordic/modules/hal_nordic/nrfx/libmodules__hal_nordic__nrfx.a(nrfx_gpiote.c.obj)
                0x0000000000021a98                nrfx_gpiote_init_check
 .text.nrfx_gpiote_channel_free
                0x0000000000021aac        0xc modules/hal_nordic/modules/hal_nordic/nrfx/libmodules__hal_nordic__nrfx.a(nrfx_gpiote.c.obj)
                0x0000000000021aac                nrfx_gpiote_channel_free
 .text.nrfx_gpiote_channel_alloc
                0x0000000000021ab8        0xc modules/hal_nordic/modules/hal_nordic/nrfx/libmodules__hal_nordic__nrfx.a(nrfx_gpiote.c.obj)
                0x0000000000021ab8                nrfx_gpiote_channel_alloc
 .text.nrfx_gpiote_trigger_enable
                0x0000000000021ac4       0xac modules/hal_nordic/modules/hal_nordic/nrfx/libmodules__hal_nordic__nrfx.a(nrfx_gpiote.c.obj)
                0x0000000000021ac4                nrfx_gpiote_trigger_enable
 .text.nrfx_gpiote_1_irq_handler
                0x0000000000021b70      0x1b8 modules/hal_nordic/modules/hal_nordic/nrfx/libmodules__hal_nordic__nrfx.a(nrfx_gpiote.c.obj)
                0x0000000000021b70                nrfx_gpiote_1_irq_handler
 .text.nrfx_power_init
                0x0000000000021d28       0x48 modules/hal_nordic/modules/hal_nordic/nrfx/libmodules__hal_nordic__nrfx.a(nrfx_power.c.obj)
                0x0000000000021d28                nrfx_power_init
 .text.nrfx_power_irq_handler
                0x0000000000021d70       0x70 modules/hal_nordic/modules/hal_nordic/nrfx/libmodules__hal_nordic__nrfx.a(nrfx_power.c.obj)
                0x0000000000021d70                nrfx_power_irq_handler
 .text.nrf_gpio_pin_port_decode
                0x0000000000021de0       0x24 modules/hal_nordic/modules/hal_nordic/nrfx/libmodules__hal_nordic__nrfx.a(nrfx_spim.c.obj)
 .text.spim_configuration_verify
                0x0000000000021e04       0xf8 modules/hal_nordic/modules/hal_nordic/nrfx/libmodules__hal_nordic__nrfx.a(nrfx_spim.c.obj)
 .text.pin_init
                0x0000000000021efc       0x50 modules/hal_nordic/modules/hal_nordic/nrfx/libmodules__hal_nordic__nrfx.a(nrfx_spim.c.obj)
 .text.spim_configure
                0x0000000000021f4c      0x240 modules/hal_nordic/modules/hal_nordic/nrfx/libmodules__hal_nordic__nrfx.a(nrfx_spim.c.obj)
 .text.spim_pin_uninit
                0x000000000002218c       0x30 modules/hal_nordic/modules/hal_nordic/nrfx/libmodules__hal_nordic__nrfx.a(nrfx_spim.c.obj)
 .text.nrfx_spim_init
                0x00000000000221bc       0x68 modules/hal_nordic/modules/hal_nordic/nrfx/libmodules__hal_nordic__nrfx.a(nrfx_spim.c.obj)
                0x00000000000221bc                nrfx_spim_init
 .text.nrfx_spim_uninit
                0x0000000000022224       0x90 modules/hal_nordic/modules/hal_nordic/nrfx/libmodules__hal_nordic__nrfx.a(nrfx_spim.c.obj)
                0x0000000000022224                nrfx_spim_uninit
 .text.nrfx_spim_xfer
                0x00000000000222b4      0x168 modules/hal_nordic/modules/hal_nordic/nrfx/libmodules__hal_nordic__nrfx.a(nrfx_spim.c.obj)
                0x00000000000222b4                nrfx_spim_xfer
 .text.nrfx_spim_3_irq_handler
                0x000000000002241c       0x10 modules/hal_nordic/modules/hal_nordic/nrfx/libmodules__hal_nordic__nrfx.a(nrfx_spim.c.obj)
                0x000000000002241c                nrfx_spim_3_irq_handler
 .text.nrfx_spim_4_irq_handler
                0x000000000002242c       0x10 modules/hal_nordic/modules/hal_nordic/nrfx/libmodules__hal_nordic__nrfx.a(nrfx_spim.c.obj)
                0x000000000002242c                nrfx_spim_4_irq_handler
 .text.nrf_gpio_cfg.constprop.0
                0x000000000002243c       0x48 modules/hal_nordic/modules/hal_nordic/nrfx/libmodules__hal_nordic__nrfx.a(nrfx_twim.c.obj)
 .text.twim_configure
                0x0000000000022484       0x3c modules/hal_nordic/modules/hal_nordic/nrfx/libmodules__hal_nordic__nrfx.a(nrfx_twim.c.obj)
 .text.nrfx_twim_init
                0x00000000000224c0       0x74 modules/hal_nordic/modules/hal_nordic/nrfx/libmodules__hal_nordic__nrfx.a(nrfx_twim.c.obj)
                0x00000000000224c0                nrfx_twim_init
 .text.nrfx_twim_enable
                0x0000000000022534       0x20 modules/hal_nordic/modules/hal_nordic/nrfx/libmodules__hal_nordic__nrfx.a(nrfx_twim.c.obj)
                0x0000000000022534                nrfx_twim_enable
 .text.nrfx_twim_disable
                0x0000000000022554       0x3c modules/hal_nordic/modules/hal_nordic/nrfx/libmodules__hal_nordic__nrfx.a(nrfx_twim.c.obj)
                0x0000000000022554                nrfx_twim_disable
 .text.nrfx_twim_xfer
                0x0000000000022590      0x350 modules/hal_nordic/modules/hal_nordic/nrfx/libmodules__hal_nordic__nrfx.a(nrfx_twim.c.obj)
                0x0000000000022590                nrfx_twim_xfer
 .text.nrfx_twim_1_irq_handler
                0x00000000000228e0      0x188 modules/hal_nordic/modules/hal_nordic/nrfx/libmodules__hal_nordic__nrfx.a(nrfx_twim.c.obj)
                0x00000000000228e0                nrfx_twim_1_irq_handler
 .text.nrfx_usbreg_enable
                0x0000000000022a68       0x10 modules/hal_nordic/modules/hal_nordic/nrfx/libmodules__hal_nordic__nrfx.a(nrfx_usbreg.c.obj)
                0x0000000000022a68                nrfx_usbreg_enable
 .text.nrfx_usbreg_disable
                0x0000000000022a78       0x10 modules/hal_nordic/modules/hal_nordic/nrfx/libmodules__hal_nordic__nrfx.a(nrfx_usbreg.c.obj)
                0x0000000000022a78                nrfx_usbreg_disable
 .text.nrfx_usbreg_uninit
                0x0000000000022a88       0x20 modules/hal_nordic/modules/hal_nordic/nrfx/libmodules__hal_nordic__nrfx.a(nrfx_usbreg.c.obj)
                0x0000000000022a88                nrfx_usbreg_uninit
 .text.nrfx_usbreg_init
                0x0000000000022aa8       0x28 modules/hal_nordic/modules/hal_nordic/nrfx/libmodules__hal_nordic__nrfx.a(nrfx_usbreg.c.obj)
                0x0000000000022aa8                nrfx_usbreg_init
 .text.nrfx_usbreg_irq_handler
                0x0000000000022ad0       0x50 modules/hal_nordic/modules/hal_nordic/nrfx/libmodules__hal_nordic__nrfx.a(nrfx_usbreg.c.obj)
                0x0000000000022ad0                nrfx_usbreg_irq_handler
 .text.nrf_gpio_pin_port_decode
                0x0000000000022b20       0x24 modules/hal_nordic/modules/hal_nordic/nrfx/libmodules__hal_nordic__nrfx.a(nrfx_twi_twim.c.obj)
 .text.nrfx_twi_twim_bus_recover
                0x0000000000022b44       0xd4 modules/hal_nordic/modules/hal_nordic/nrfx/libmodules__hal_nordic__nrfx.a(nrfx_twi_twim.c.obj)
                0x0000000000022b44                nrfx_twi_twim_bus_recover
 .text.z_fatal_error
                0x0000000000022c18       0x30 zephyr/kernel/libkernel.a(fatal.c.obj)
                0x0000000000022c18                z_fatal_error
 .text.z_sys_init_run_level
                0x0000000000022c48       0x2c zephyr/kernel/libkernel.a(init.c.obj)
 .text.bg_thread_main
                0x0000000000022c74       0xc4 zephyr/kernel/libkernel.a(init.c.obj)
 .text.z_bss_zero
                0x0000000000022d38       0x18 zephyr/kernel/libkernel.a(init.c.obj)
                0x0000000000022d38                z_bss_zero
 .text.z_init_cpu
                0x0000000000022d50       0x70 zephyr/kernel/libkernel.a(init.c.obj)
                0x0000000000022d50                z_init_cpu
 .text.z_cstart
                0x0000000000022dc0       0xdc zephyr/kernel/libkernel.a(init.c.obj)
                0x0000000000022dc0                z_cstart
 .text.init_mem_slab_obj_core_list
                0x0000000000022e9c       0x24 zephyr/kernel/libkernel.a(mem_slab.c.obj)
 .text.k_mem_slab_alloc
                0x0000000000022ec0       0x5c zephyr/kernel/libkernel.a(mem_slab.c.obj)
                0x0000000000022ec0                k_mem_slab_alloc
 .text.z_impl_k_mutex_lock
                0x0000000000022f1c       0xf0 zephyr/kernel/libkernel.a(mutex.c.obj)
                0x0000000000022f1c                z_impl_k_mutex_lock
 .text.z_impl_k_mutex_unlock
                0x000000000002300c       0xa0 zephyr/kernel/libkernel.a(mutex.c.obj)
                0x000000000002300c                z_impl_k_mutex_unlock
 .text.z_impl_k_queue_get
                0x00000000000230ac       0x64 zephyr/kernel/libkernel.a(queue.c.obj)
                0x00000000000230ac                z_impl_k_queue_get
 .text.z_impl_k_sem_give
                0x0000000000023110       0x68 zephyr/kernel/libkernel.a(sem.c.obj)
                0x0000000000023110                z_impl_k_sem_give
 .text.z_impl_k_sem_take
                0x0000000000023178       0x4c zephyr/kernel/libkernel.a(sem.c.obj)
                0x0000000000023178                z_impl_k_sem_take
 .text.z_impl_k_sem_reset
                0x00000000000231c4       0x60 zephyr/kernel/libkernel.a(sem.c.obj)
                0x00000000000231c4                z_impl_k_sem_reset
 .text.work_queue_main
                0x0000000000023224      0x14c zephyr/kernel/libkernel.a(work.c.obj)
 .text.submit_to_queue_locked
                0x0000000000023370       0xb4 zephyr/kernel/libkernel.a(work.c.obj)
 .text.k_work_queue_start
                0x0000000000023424       0x7c zephyr/kernel/libkernel.a(work.c.obj)
                0x0000000000023424                k_work_queue_start
 .text.k_work_schedule_for_queue
                0x00000000000234a0       0x54 zephyr/kernel/libkernel.a(work.c.obj)
                0x00000000000234a0                k_work_schedule_for_queue
 .text.z_impl_k_thread_name_set
                0x00000000000234f4       0x20 zephyr/kernel/libkernel.a(thread.c.obj)
                0x00000000000234f4                z_impl_k_thread_name_set
 .text.z_setup_new_thread
                0x0000000000023514       0xcc zephyr/kernel/libkernel.a(thread.c.obj)
                0x0000000000023514                z_setup_new_thread
 .text.z_impl_k_thread_create
                0x00000000000235e0       0x58 zephyr/kernel/libkernel.a(thread.c.obj)
                0x00000000000235e0                z_impl_k_thread_create
 .text.z_swap_irqlock
                0x0000000000023638       0x34 zephyr/kernel/libkernel.a(sched.c.obj)
 .text.ready_thread
                0x000000000002366c       0x90 zephyr/kernel/libkernel.a(sched.c.obj)
 .text.unready_thread
                0x00000000000236fc       0x54 zephyr/kernel/libkernel.a(sched.c.obj)
 .text.move_thread_to_end_of_prio_q
                0x0000000000023750       0x90 zephyr/kernel/libkernel.a(sched.c.obj)
                0x0000000000023750                move_thread_to_end_of_prio_q
 .text.z_pend_curr
                0x00000000000237e0       0x58 zephyr/kernel/libkernel.a(sched.c.obj)
                0x00000000000237e0                z_pend_curr
 .text.z_thread_prio_set
                0x0000000000023838       0x9c zephyr/kernel/libkernel.a(sched.c.obj)
                0x0000000000023838                z_thread_prio_set
 .text.z_reschedule
                0x00000000000238d4       0x24 zephyr/kernel/libkernel.a(sched.c.obj)
                0x00000000000238d4                z_reschedule
 .text.z_reschedule_irqlock
                0x00000000000238f8       0x28 zephyr/kernel/libkernel.a(sched.c.obj)
                0x00000000000238f8                z_reschedule_irqlock
 .text.k_sched_lock
                0x0000000000023920       0x28 zephyr/kernel/libkernel.a(sched.c.obj)
                0x0000000000023920                k_sched_lock
 .text.k_sched_unlock
                0x0000000000023948       0x68 zephyr/kernel/libkernel.a(sched.c.obj)
                0x0000000000023948                k_sched_unlock
 .text.z_sched_init
                0x00000000000239b0       0x10 zephyr/kernel/libkernel.a(sched.c.obj)
                0x00000000000239b0                z_sched_init
 .text.z_impl_k_yield
                0x00000000000239c0       0x88 zephyr/kernel/libkernel.a(sched.c.obj)
                0x00000000000239c0                z_impl_k_yield
 .text.z_tick_sleep
                0x0000000000023a48       0x80 zephyr/kernel/libkernel.a(sched.c.obj)
 .text.z_impl_k_usleep
                0x0000000000023ac8       0x3c zephyr/kernel/libkernel.a(sched.c.obj)
                0x0000000000023ac8                z_impl_k_usleep
 .text.z_impl_k_wakeup
                0x0000000000023b04       0x4c zephyr/kernel/libkernel.a(sched.c.obj)
                0x0000000000023b04                z_impl_k_wakeup
 .text.z_impl_k_sched_current_thread_query
                0x0000000000023b50        0xc zephyr/kernel/libkernel.a(sched.c.obj)
                0x0000000000023b50                z_impl_k_sched_current_thread_query
 .text.z_thread_abort
                0x0000000000023b5c      0x118 zephyr/kernel/libkernel.a(sched.c.obj)
                0x0000000000023b5c                z_thread_abort
 .text.z_sched_wait
                0x0000000000023c74       0x24 zephyr/kernel/libkernel.a(sched.c.obj)
                0x0000000000023c74                z_sched_wait
 .text.slice_timeout
                0x0000000000023c98       0x20 zephyr/kernel/libkernel.a(timeslicing.c.obj)
 .text.thread_is_sliceable
                0x0000000000023cb8       0x3c zephyr/kernel/libkernel.a(timeslicing.c.obj)
                0x0000000000023cb8                thread_is_sliceable
 .text.z_reset_time_slice
                0x0000000000023cf4       0x50 zephyr/kernel/libkernel.a(timeslicing.c.obj)
                0x0000000000023cf4                z_reset_time_slice
 .text.z_time_slice
                0x0000000000023d44       0x60 zephyr/kernel/libkernel.a(timeslicing.c.obj)
                0x0000000000023d44                z_time_slice
 .text.z_thread_monitor_exit
                0x0000000000023da4       0x3c zephyr/kernel/libkernel.a(thread_monitor.c.obj)
                0x0000000000023da4                z_thread_monitor_exit
 .text.z_data_copy
                0x0000000000023de0       0x38 zephyr/kernel/libkernel.a(xip.c.obj)
                0x0000000000023de0                z_data_copy
 .text.first    0x0000000000023e18       0x10 zephyr/kernel/libkernel.a(timeout.c.obj)
 .text.elapsed  0x0000000000023e28       0x14 zephyr/kernel/libkernel.a(timeout.c.obj)
 .text.remove_timeout
                0x0000000000023e3c       0x38 zephyr/kernel/libkernel.a(timeout.c.obj)
 .text.z_add_timeout
                0x0000000000023e74       0xec zephyr/kernel/libkernel.a(timeout.c.obj)
                0x0000000000023e74                z_add_timeout
 .text.sys_clock_announce
                0x0000000000023f60       0xbc zephyr/kernel/libkernel.a(timeout.c.obj)
                0x0000000000023f60                sys_clock_announce
 .text.sys_clock_tick_get
                0x000000000002401c       0x30 zephyr/kernel/libkernel.a(timeout.c.obj)
                0x000000000002401c                sys_clock_tick_get
 .text.z_timer_expiration_handler
                0x000000000002404c       0xe0 zephyr/kernel/libkernel.a(timer.c.obj)
                0x000000000002404c                z_timer_expiration_handler
 .text.z_impl_k_timer_start
                0x000000000002412c       0x74 zephyr/kernel/libkernel.a(timer.c.obj)
                0x000000000002412c                z_impl_k_timer_start
 .text.z_thread_aligned_alloc
                0x00000000000241a0       0x40 zephyr/kernel/libkernel.a(mempool.c.obj)
                0x00000000000241a0                z_thread_aligned_alloc
 .text.statics_init
                0x00000000000241e0       0x24 zephyr/kernel/libkernel.a(kheap.c.obj)
 .text.k_sys_work_q_init
                0x0000000000024204       0x34 zephyr/kernel/libkernel.a(system_work_q.c.obj)
 .text.__l_vfprintf
                0x0000000000024238      0x4b4 /opt/nordic/ncs/toolchains/ef4fc6722e/opt/zephyr-sdk/arm-zephyr-eabi/bin/../lib/gcc/../../picolibc/arm-zephyr-eabi/lib/thumb/v8-m.main/nofp/libc.a(libc_tinystdio_vflprintf.c.o)
                0x0000000000024238                __l_vfprintf
 .text._OffsetAbsSyms
                0x00000000000246ec        0x2 zephyr/CMakeFiles/offsets.dir/./arch/arm/core/offsets/offsets.c.obj
                0x00000000000246ec                _OffsetAbsSyms
 .text.gpio_pin_configure_dt
                0x00000000000246ee       0x3e app/libapp.a(main.c.obj)
 .text.chunk_field
                0x000000000002472c       0x16 zephyr/libzephyr.a(heap.c.obj)
 .text.chunk_set
                0x0000000000024742       0x16 zephyr/libzephyr.a(heap.c.obj)
 .text.chunk_size
                0x0000000000024758        0xc zephyr/libzephyr.a(heap.c.obj)
 .text.set_chunk_used
                0x0000000000024764       0x30 zephyr/libzephyr.a(heap.c.obj)
 .text.set_chunk_size
                0x0000000000024794        0x8 zephyr/libzephyr.a(heap.c.obj)
 .text.mem_to_chunkid
                0x000000000002479c       0x14 zephyr/libzephyr.a(heap.c.obj)
 .text.bucket_idx.isra.0
                0x00000000000247b0       0x1c zephyr/libzephyr.a(heap.c.obj)
 .text.free_list_remove_bidx
                0x00000000000247cc       0x5c zephyr/libzephyr.a(heap.c.obj)
 .text.free_list_remove
                0x0000000000024828       0x2e zephyr/libzephyr.a(heap.c.obj)
 .text.alloc_chunk
                0x0000000000024856       0x74 zephyr/libzephyr.a(heap.c.obj)
 .text.split_chunks
                0x00000000000248ca       0x4e zephyr/libzephyr.a(heap.c.obj)
 .text.merge_chunks
                0x0000000000024918       0x3c zephyr/libzephyr.a(heap.c.obj)
 .text.free_list_add
                0x0000000000024954       0x84 zephyr/libzephyr.a(heap.c.obj)
 .text.free_chunk
                0x00000000000249d8       0x84 zephyr/libzephyr.a(heap.c.obj)
 .text.sys_heap_free
                0x0000000000024a5c       0x24 zephyr/libzephyr.a(heap.c.obj)
                0x0000000000024a5c                sys_heap_free
 .text.sys_heap_alloc
                0x0000000000024a80       0x6e zephyr/libzephyr.a(heap.c.obj)
                0x0000000000024a80                sys_heap_alloc
 .text.sys_heap_aligned_alloc
                0x0000000000024aee       0xe8 zephyr/libzephyr.a(heap.c.obj)
                0x0000000000024aee                sys_heap_aligned_alloc
 .text.sys_heap_init
                0x0000000000024bd6       0xb0 zephyr/libzephyr.a(heap.c.obj)
                0x0000000000024bd6                sys_heap_init
 .text.arch_printk_char_out
                0x0000000000024c86        0x4 zephyr/libzephyr.a(printk.c.obj)
                0x0000000000024c86                arch_printk_char_out
 .text.printk   0x0000000000024c8a       0x1a zephyr/libzephyr.a(printk.c.obj)
                0x0000000000024c8a                printk
 .text.sys_slist_find_and_remove
                0x0000000000024ca4       0x36 zephyr/libzephyr.a(onoff.c.obj)
 .text.process_recheck
                0x0000000000024cda       0x38 zephyr/libzephyr.a(onoff.c.obj)
 .text.validate_args
                0x0000000000024d12       0x20 zephyr/libzephyr.a(onoff.c.obj)
 .text.notify_one
                0x0000000000024d32       0x2c zephyr/libzephyr.a(onoff.c.obj)
 .text.transition_complete
                0x0000000000024d5e       0x1a zephyr/libzephyr.a(onoff.c.obj)
 .text.onoff_manager_init
                0x0000000000024d78       0x26 zephyr/libzephyr.a(onoff.c.obj)
                0x0000000000024d78                onoff_manager_init
 .text.onoff_request
                0x0000000000024d9e       0xae zephyr/libzephyr.a(onoff.c.obj)
                0x0000000000024d9e                onoff_request
 .text.onoff_release
                0x0000000000024e4c       0x48 zephyr/libzephyr.a(onoff.c.obj)
                0x0000000000024e4c                onoff_release
 .text.onoff_cancel
                0x0000000000024e94       0x36 zephyr/libzephyr.a(onoff.c.obj)
                0x0000000000024e94                onoff_cancel
 .text.sys_notify_validate
                0x0000000000024eca       0x22 zephyr/libzephyr.a(notify.c.obj)
                0x0000000000024eca                sys_notify_validate
 .text.sys_notify_finalize
                0x0000000000024eec       0x1a zephyr/libzephyr.a(notify.c.obj)
                0x0000000000024eec                sys_notify_finalize
 .text.ring_buf_put_claim
                0x0000000000024f06       0x3a zephyr/libzephyr.a(ring_buffer.c.obj)
                0x0000000000024f06                ring_buf_put_claim
 .text.ring_buf_put_finish
                0x0000000000024f40       0x2a zephyr/libzephyr.a(ring_buffer.c.obj)
                0x0000000000024f40                ring_buf_put_finish
 .text.ring_buf_put
                0x0000000000024f6a       0x3e zephyr/libzephyr.a(ring_buffer.c.obj)
                0x0000000000024f6a                ring_buf_put
 .text.ring_buf_get_claim
                0x0000000000024fa8       0x38 zephyr/libzephyr.a(ring_buffer.c.obj)
                0x0000000000024fa8                ring_buf_get_claim
 .text.ring_buf_get_finish
                0x0000000000024fe0       0x2a zephyr/libzephyr.a(ring_buffer.c.obj)
                0x0000000000024fe0                ring_buf_get_finish
 .text.ring_buf_get
                0x000000000002500a       0x40 zephyr/libzephyr.a(ring_buffer.c.obj)
                0x000000000002500a                ring_buf_get
 .text._ConfigAbsSyms
                0x000000000002504a        0x2 zephyr/libzephyr.a(configs.c.obj)
                0x000000000002504a                _ConfigAbsSyms
 .text.get_ep_bm_from_addr
                0x000000000002504c       0x1e zephyr/libzephyr.a(usb_device.c.obj)
 .text.usb_write
                0x000000000002506a       0x30 zephyr/libzephyr.a(usb_device.c.obj)
                0x000000000002506a                usb_write
 .text.usb_device_init
                0x000000000002509a        0x6 zephyr/libzephyr.a(usb_device.c.obj)
 .text.usb_get_dev_data_by_cfg
                0x00000000000250a0       0x16 zephyr/libzephyr.a(usb_descriptor.c.obj)
                0x00000000000250a0                usb_get_dev_data_by_cfg
 .text.usb_get_dev_data_by_iface
                0x00000000000250b6       0x1a zephyr/libzephyr.a(usb_descriptor.c.obj)
                0x00000000000250b6                usb_get_dev_data_by_iface
 .text.usb_get_dev_data_by_ep
                0x00000000000250d0       0x2c zephyr/libzephyr.a(usb_descriptor.c.obj)
                0x00000000000250d0                usb_get_dev_data_by_ep
 .text.usb_transfer_is_busy
                0x00000000000250fc       0x16 zephyr/libzephyr.a(usb_transfer.c.obj)
                0x00000000000250fc                usb_transfer_is_busy
 .text.cdc_interface_config
                0x0000000000025112       0x14 zephyr/libzephyr.a(cdc_acm.c.obj)
 .text.cdc_acm_irq_callback_work_handler
                0x0000000000025126        0xa zephyr/libzephyr.a(cdc_acm.c.obj)
 .text.cdc_acm_irq_tx_disable
                0x0000000000025130        0xa zephyr/libzephyr.a(cdc_acm.c.obj)
 .text.cdc_acm_irq_tx_ready
                0x000000000002513a       0x1e zephyr/libzephyr.a(cdc_acm.c.obj)
 .text.cdc_acm_irq_rx_disable
                0x0000000000025158        0xa zephyr/libzephyr.a(cdc_acm.c.obj)
 .text.cdc_acm_irq_rx_ready
                0x0000000000025162        0xe zephyr/libzephyr.a(cdc_acm.c.obj)
 .text.cdc_acm_irq_is_pending
                0x0000000000025170       0x1c zephyr/libzephyr.a(cdc_acm.c.obj)
 .text.cdc_acm_irq_callback_set
                0x000000000002518c        0x8 zephyr/libzephyr.a(cdc_acm.c.obj)
 .text.cdc_acm_fifo_read
                0x0000000000025194       0x46 zephyr/libzephyr.a(cdc_acm.c.obj)
 .text.cdc_acm_poll_in
                0x00000000000251da       0x12 zephyr/libzephyr.a(cdc_acm.c.obj)
 .text.cdc_acm_irq_update
                0x00000000000251ec       0x2e zephyr/libzephyr.a(cdc_acm.c.obj)
 .text.z_arm_fatal_error
                0x000000000002521a        0xc zephyr/arch/arch/arm/core/libarch__arm__core.a(fatal.c.obj)
                0x000000000002521a                z_arm_fatal_error
 .text.z_do_kernel_oops
                0x0000000000025226        0x8 zephyr/arch/arch/arm/core/libarch__arm__core.a(fatal.c.obj)
                0x0000000000025226                z_do_kernel_oops
 .text.z_arm_nmi
                0x000000000002522e        0xe zephyr/arch/arch/arm/core/libarch__arm__core.a(nmi.c.obj)
                0x000000000002522e                z_arm_nmi
 .text.z_arm_save_fp_context
                0x000000000002523c        0x2 zephyr/arch/arch/arm/core/cortex_m/libarch__arm__core__cortex_m.a(fpu.c.obj)
                0x000000000002523c                z_arm_save_fp_context
 .text.z_arm_restore_fp_context
                0x000000000002523e        0x2 zephyr/arch/arch/arm/core/cortex_m/libarch__arm__core__cortex_m.a(fpu.c.obj)
                0x000000000002523e                z_arm_restore_fp_context
 .text.z_irq_spurious
                0x0000000000025240        0x8 zephyr/arch/arch/arm/core/cortex_m/libarch__arm__core__cortex_m.a(irq_manage.c.obj)
                0x0000000000025240                z_irq_spurious
 .text.configure_builtin_stack_guard
                0x0000000000025248        0xa zephyr/arch/arch/arm/core/cortex_m/libarch__arm__core__cortex_m.a(thread.c.obj)
                0x0000000000025248                configure_builtin_stack_guard
 .text.arch_irq_unlock_outlined
                0x0000000000025252        0xe zephyr/arch/arch/arm/core/cortex_m/libarch__arm__core__cortex_m.a(thread.c.obj)
                0x0000000000025252                arch_irq_unlock_outlined
 .text.arch_cpu_idle
                0x0000000000025260       0x32 zephyr/arch/arch/arm/core/cortex_m/libarch__arm__core__cortex_m.a(cpu_idle.c.obj)
                0x0000000000025260                arch_cpu_idle
 .text.arch_cpu_atomic_idle
                0x0000000000025292       0x38 zephyr/arch/arch/arm/core/cortex_m/libarch__arm__core__cortex_m.a(cpu_idle.c.obj)
                0x0000000000025292                arch_cpu_atomic_idle
 .text.arm_cmse_mpu_region_get
                0x00000000000252ca       0x12 zephyr/arch/arch/arm/core/cortex_m/cmse/libarch__arm__core__cortex_m__cmse.a(arm_core_cmse.c.obj)
                0x00000000000252ca                arm_cmse_mpu_region_get
 .text.mpu_configure_region
                0x00000000000252dc       0x32 zephyr/arch/arch/arm/core/mpu/libarch__arm__core__mpu.a(arm_mpu.c.obj)
 .text.picolibc_put
                0x000000000002530e        0xa zephyr/lib/libc/picolibc/liblib__libc__picolibc.a(stdio.c.obj)
 .text.nordicsemi_nrf53_init
                0x0000000000025318       0x3e zephyr/soc/soc/nrf5340/libsoc__nordic.a(soc.c.obj)
 .text.nrf53_cpunet_init
                0x0000000000025356        0xa zephyr/soc/soc/nrf5340/libsoc__nordic.a(nrf53_cpunet_mgmt.c.obj)
 .text.soc_secure_gpio_pin_mcu_select
                0x0000000000025360        0xe zephyr/soc/soc/nrf5340/libsoc__nordic.a(soc_secure.c.obj)
                0x0000000000025360                soc_secure_gpio_pin_mcu_select
 .text.soc_secure_mem_read
                0x000000000002536e       0x34 zephyr/soc/soc/nrf5340/libsoc__nordic.a(soc_secure.c.obj)
                0x000000000002536e                soc_secure_mem_read
 .text.ep_ctx_reset
                0x00000000000253a2       0x26 zephyr/drivers/usb/device/libdrivers__usb__device.a(usb_dc_nrfx.c.obj)
 .text.k_mutex_lock.constprop.0.isra.0
                0x00000000000253c8        0x4 zephyr/drivers/usb/device/libdrivers__usb__device.a(usb_dc_nrfx.c.obj)
 .text.k_mutex_unlock.isra.0
                0x00000000000253cc        0x4 zephyr/drivers/usb/device/libdrivers__usb__device.a(usb_dc_nrfx.c.obj)
 .text.attached_evt_delay_handler
                0x00000000000253d0        0x6 zephyr/drivers/usb/device/libdrivers__usb__device.a(usb_dc_nrfx.c.obj)
 .text.usb_dc_ep_check_cap
                0x00000000000253d6       0x2a zephyr/drivers/usb/device/libdrivers__usb__device.a(usb_dc_nrfx.c.obj)
                0x00000000000253d6                usb_dc_ep_check_cap
 .text.usb_dc_ep_disable
                0x0000000000025400       0x32 zephyr/drivers/usb/device/libdrivers__usb__device.a(usb_dc_nrfx.c.obj)
                0x0000000000025400                usb_dc_ep_disable
 .text.usb_dc_ep_read
                0x0000000000025432       0x1e zephyr/drivers/usb/device/libdrivers__usb__device.a(usb_dc_nrfx.c.obj)
                0x0000000000025432                usb_dc_ep_read
 .text.ep2bit   0x0000000000025450       0x10 zephyr/drivers/usb/common/nrf_usbd_common/libdrivers__usb__common__nrf_usbd_common.a(nrf_usbd_common.c.obj)
 .text.nrf_usbd_common_ep_max_packet_size_set
                0x0000000000025460        0xa zephyr/drivers/usb/common/nrf_usbd_common/libdrivers__usb__common__nrf_usbd_common.a(nrf_usbd_common.c.obj)
                0x0000000000025460                nrf_usbd_common_ep_max_packet_size_set
 .text.nrf_usbd_common_ep_status_get
                0x000000000002546a       0x2c zephyr/drivers/usb/common/nrf_usbd_common/libdrivers__usb__common__nrf_usbd_common.a(nrf_usbd_common.c.obj)
                0x000000000002546a                nrf_usbd_common_ep_status_get
 .text.get_status
                0x0000000000025496       0x12 zephyr/drivers/clock_control/libdrivers__clock_control.a(clock_control_nrf.c.obj)
 .text.stop     0x00000000000254a8       0x52 zephyr/drivers/clock_control/libdrivers__clock_control.a(clock_control_nrf.c.obj)
 .text.api_stop
                0x00000000000254fa        0x6 zephyr/drivers/clock_control/libdrivers__clock_control.a(clock_control_nrf.c.obj)
 .text.async_start
                0x0000000000025500       0x5c zephyr/drivers/clock_control/libdrivers__clock_control.a(clock_control_nrf.c.obj)
 .text.api_start
                0x000000000002555c        0xe zephyr/drivers/clock_control/libdrivers__clock_control.a(clock_control_nrf.c.obj)
 .text.onoff_started_callback
                0x000000000002556a       0x12 zephyr/drivers/clock_control/libdrivers__clock_control.a(clock_control_nrf.c.obj)
 .text.hfclkaudio_start
                0x000000000002557c        0x6 zephyr/drivers/clock_control/libdrivers__clock_control.a(clock_control_nrf.c.obj)
 .text.hfclk192m_start
                0x0000000000025582        0x6 zephyr/drivers/clock_control/libdrivers__clock_control.a(clock_control_nrf.c.obj)
 .text.lfclk_start
                0x0000000000025588        0x6 zephyr/drivers/clock_control/libdrivers__clock_control.a(clock_control_nrf.c.obj)
 .text.hfclkaudio_stop
                0x000000000002558e        0x6 zephyr/drivers/clock_control/libdrivers__clock_control.a(clock_control_nrf.c.obj)
 .text.hfclk192m_stop
                0x0000000000025594        0x6 zephyr/drivers/clock_control/libdrivers__clock_control.a(clock_control_nrf.c.obj)
 .text.lfclk_stop
                0x000000000002559a        0x6 zephyr/drivers/clock_control/libdrivers__clock_control.a(clock_control_nrf.c.obj)
 .text.blocking_start_callback
                0x00000000000255a0        0x6 zephyr/drivers/clock_control/libdrivers__clock_control.a(clock_control_nrf.c.obj)
 .text.gpio_nrfx_port_get_raw
                0x00000000000255a6        0xc zephyr/drivers/gpio/libdrivers__gpio.a(gpio_nrfx.c.obj)
 .text.gpio_nrfx_port_set_masked_raw
                0x00000000000255b2       0x14 zephyr/drivers/gpio/libdrivers__gpio.a(gpio_nrfx.c.obj)
 .text.gpio_nrfx_port_set_bits_raw
                0x00000000000255c6        0xa zephyr/drivers/gpio/libdrivers__gpio.a(gpio_nrfx.c.obj)
 .text.gpio_nrfx_port_clear_bits_raw
                0x00000000000255d0        0xa zephyr/drivers/gpio/libdrivers__gpio.a(gpio_nrfx.c.obj)
 .text.gpio_nrfx_port_toggle_bits
                0x00000000000255da       0x14 zephyr/drivers/gpio/libdrivers__gpio.a(gpio_nrfx.c.obj)
 .text.gpio_nrfx_manage_callback
                0x00000000000255ee       0x52 zephyr/drivers/gpio/libdrivers__gpio.a(gpio_nrfx.c.obj)
 .text.irq_connect1
                0x0000000000025640        0xa zephyr/drivers/i2c/libdrivers__i2c.a(i2c_nrfx_twim.c.obj)
 .text.i2c_nrfx_twim_init
                0x000000000002564a       0x26 zephyr/drivers/i2c/libdrivers__i2c.a(i2c_nrfx_twim.c.obj)
 .text.i2c_nrfx_twim_exclusive_access_acquire
                0x0000000000025670        0x6 zephyr/drivers/i2c/libdrivers__i2c.a(i2c_nrfx_twim.c.obj)
                0x0000000000025670                i2c_nrfx_twim_exclusive_access_acquire
 .text.i2c_nrfx_twim_exclusive_access_release
                0x0000000000025676        0x6 zephyr/drivers/i2c/libdrivers__i2c.a(i2c_nrfx_twim.c.obj)
                0x0000000000025676                i2c_nrfx_twim_exclusive_access_release
 .text.pinctrl_apply_state.isra.0
                0x000000000002567c       0x1e zephyr/drivers/i2c/libdrivers__i2c.a(i2c_nrfx_twim_common.c.obj)
 .text.i2c_nrfx_twim_configure
                0x000000000002569a       0x3a zephyr/drivers/i2c/libdrivers__i2c.a(i2c_nrfx_twim_common.c.obj)
                0x000000000002569a                i2c_nrfx_twim_configure
 .text.twim_nrfx_pm_action
                0x00000000000256d4       0x32 zephyr/drivers/i2c/libdrivers__i2c.a(i2c_nrfx_twim_common.c.obj)
                0x00000000000256d4                twim_nrfx_pm_action
 .text.pinctrl_lookup_state
                0x0000000000025706       0x26 zephyr/drivers/pinctrl/libdrivers__pinctrl.a(common.c.obj)
                0x0000000000025706                pinctrl_lookup_state
 .text.regulator_common_data_init
                0x000000000002572c       0x10 zephyr/drivers/regulator/libdrivers__regulator.a(regulator_common.c.obj)
                0x000000000002572c                regulator_common_data_init
 .text.regulator_disable
                0x000000000002573c       0x54 zephyr/drivers/regulator/libdrivers__regulator.a(regulator_common.c.obj)
                0x000000000002573c                regulator_disable
 .text.regulator_set_voltage
                0x0000000000025790       0x28 zephyr/drivers/regulator/libdrivers__regulator.a(regulator_common.c.obj)
                0x0000000000025790                regulator_set_voltage
 .text.regulator_set_current_limit
                0x00000000000257b8       0x28 zephyr/drivers/regulator/libdrivers__regulator.a(regulator_common.c.obj)
                0x00000000000257b8                regulator_set_current_limit
 .text.regulator_set_mode
                0x00000000000257e0       0x3e zephyr/drivers/regulator/libdrivers__regulator.a(regulator_common.c.obj)
                0x00000000000257e0                regulator_set_mode
 .text.regulator_common_init
                0x000000000002581e       0xf4 zephyr/drivers/regulator/libdrivers__regulator.a(regulator_common.c.obj)
                0x000000000002581e                regulator_common_init
 .text.gpio_pin_set
                0x0000000000025912       0x20 zephyr/drivers/regulator/libdrivers__regulator.a(regulator_fixed.c.obj)
 .text.regulator_fixed_enable
                0x0000000000025932       0x1e zephyr/drivers/regulator/libdrivers__regulator.a(regulator_fixed.c.obj)
 .text.regulator_fixed_count_voltages
                0x0000000000025950        0xe zephyr/drivers/regulator/libdrivers__regulator.a(regulator_fixed.c.obj)
 .text.regulator_fixed_list_voltage
                0x000000000002595e       0x1a zephyr/drivers/regulator/libdrivers__regulator.a(regulator_fixed.c.obj)
 .text.regulator_fixed_init
                0x0000000000025978       0x54 zephyr/drivers/regulator/libdrivers__regulator.a(regulator_fixed.c.obj)
 .text.regulator_fixed_disable
                0x00000000000259cc       0x16 zephyr/drivers/regulator/libdrivers__regulator.a(regulator_fixed.c.obj)
 .text.irq_connect3
                0x00000000000259e2        0xa zephyr/drivers/spi/libdrivers__spi.a(spi_nrfx_spim.c.obj)
 .text.irq_connect4
                0x00000000000259ec        0xa zephyr/drivers/spi/libdrivers__spi.a(spi_nrfx_spim.c.obj)
 .text.spi_context_get_next_buf.constprop.0
                0x00000000000259f6       0x26 zephyr/drivers/spi/libdrivers__spi.a(spi_nrfx_spim.c.obj)
 .text.pinctrl_apply_state.constprop.0
                0x0000000000025a1c       0x20 zephyr/drivers/spi/libdrivers__spi.a(spi_nrfx_spim.c.obj)
 .text.gpio_pin_set_dt.isra.0
                0x0000000000025a3c       0x28 zephyr/drivers/spi/libdrivers__spi.a(spi_nrfx_spim.c.obj)
 .text._spi_context_cs_control
                0x0000000000025a64       0x40 zephyr/drivers/spi/libdrivers__spi.a(spi_nrfx_spim.c.obj)
 .text.spi_context_unlock_unconditionally
                0x0000000000025aa4       0x20 zephyr/drivers/spi/libdrivers__spi.a(spi_nrfx_spim.c.obj)
 .text.spi_nrfx_release
                0x0000000000025ac4       0x24 zephyr/drivers/spi/libdrivers__spi.a(spi_nrfx_spim.c.obj)
 .text.spi_nrfx_init
                0x0000000000025ae8       0xb8 zephyr/drivers/spi/libdrivers__spi.a(spi_nrfx_spim.c.obj)
 .text.finish_transaction
                0x0000000000025ba0       0x22 zephyr/drivers/spi/libdrivers__spi.a(spi_nrfx_spim.c.obj)
 .text.event_handler
                0x0000000000025bc2       0xb2 zephyr/drivers/spi/libdrivers__spi.a(spi_nrfx_spim.c.obj)
 .text.spi_nrfx_wake_request
                0x0000000000025c74       0x50 zephyr/drivers/spi/libdrivers__spi.a(spi_nrfx_common.c.obj)
                0x0000000000025c74                spi_nrfx_wake_request
 .text.event_clear
                0x0000000000025cc4       0x18 zephyr/drivers/timer/libdrivers__timer.a(nrf_rtc_timer.c.obj)
 .text.sys_clock_cycle_get_32
                0x0000000000025cdc        0x8 zephyr/drivers/timer/libdrivers__timer.a(nrf_rtc_timer.c.obj)
                0x0000000000025cdc                sys_clock_cycle_get_32
 .text._psa_crypto_init
                0x0000000000025ce4       0x1e modules/nrf/subsys/nrf_security/src/zephyr/libmbedtls_zephyr.a(psa_crypto_init.c.obj)
 .text.tfm_platform_ns_fault_set_handler
                0x0000000000025d02       0x4e modules/nrf/modules/trusted-firmware-m/libtfm_api_nrf.a(tfm_ioctl_ns_api.c.obj)
                0x0000000000025d02                tfm_platform_ns_fault_set_handler
 .text.ns_interface_init
                0x0000000000025d50        0x4 modules/trusted-firmware-m/libtfm_api.a(interface.c.obj)
 .text.psa_crypto_init
                0x0000000000025d54        0x4 modules/trusted-firmware-m/libtfm_api.a(tfm_crypto_api.c.obj)
                0x0000000000025d54                psa_crypto_init
 .text.tfm_platform_mem_read
                0x0000000000025d58       0x30 modules/trusted-firmware-m/libtfm_api.a(tfm_ioctl_core_ns_api.c.obj)
                0x0000000000025d58                tfm_platform_mem_read
 .text.tfm_platform_gpio_pin_mcu_select
                0x0000000000025d88       0x32 modules/trusted-firmware-m/libtfm_api.a(tfm_ioctl_core_ns_api.c.obj)
                0x0000000000025d88                tfm_platform_gpio_pin_mcu_select
 .text.SystemInit
                0x0000000000025dba        0x2 modules/hal_nordic/modules/hal_nordic/nrfx/libmodules__hal_nordic__nrfx.a(system_nrf5340_application.c.obj)
                0x0000000000025dba                SystemInit
 .text.nrfx_isr
                0x0000000000025dbc        0x2 modules/hal_nordic/modules/hal_nordic/nrfx/libmodules__hal_nordic__nrfx.a(nrfx_glue.c.obj)
                0x0000000000025dbc                nrfx_isr
 .text.nrfx_busy_wait
                0x0000000000025dbe        0x4 modules/hal_nordic/modules/hal_nordic/nrfx/libmodules__hal_nordic__nrfx.a(nrfx_glue.c.obj)
                0x0000000000025dbe                nrfx_busy_wait
 .text.nrfx_gppi_event_endpoint_setup
                0x0000000000025dc2        0xa modules/hal_nordic/modules/hal_nordic/nrfx/libmodules__hal_nordic__nrfx.a(nrfx_gppi_dppi.c.obj)
                0x0000000000025dc2                nrfx_gppi_event_endpoint_setup
 .text.nrfx_gppi_task_endpoint_setup
                0x0000000000025dcc        0xa modules/hal_nordic/modules/hal_nordic/nrfx/libmodules__hal_nordic__nrfx.a(nrfx_gppi_dppi.c.obj)
                0x0000000000025dcc                nrfx_gppi_task_endpoint_setup
 .text.nrfx_clock_stop
                0x0000000000025dd6        0x4 modules/hal_nordic/modules/hal_nordic/nrfx/libmodules__hal_nordic__nrfx.a(nrfx_clock.c.obj)
                0x0000000000025dd6                nrfx_clock_stop
 .text.nrf_gpio_reconfigure
                0x0000000000025dda       0x92 modules/hal_nordic/modules/hal_nordic/nrfx/libmodules__hal_nordic__nrfx.a(nrfx_gpiote.c.obj)
 .text.nrf_gpio_cfg_sense_set
                0x0000000000025e6c       0x1e modules/hal_nordic/modules/hal_nordic/nrfx/libmodules__hal_nordic__nrfx.a(nrfx_gpiote.c.obj)
 .text.pin_in_event_get.isra.0
                0x0000000000025e8a       0x22 modules/hal_nordic/modules/hal_nordic/nrfx/libmodules__hal_nordic__nrfx.a(nrfx_gpiote.c.obj)
 .text.pin_trigger_disable
                0x0000000000025eac       0x48 modules/hal_nordic/modules/hal_nordic/nrfx/libmodules__hal_nordic__nrfx.a(nrfx_gpiote.c.obj)
 .text.nrfx_gpiote_pin_uninit
                0x0000000000025ef4        0x4 modules/hal_nordic/modules/hal_nordic/nrfx/libmodules__hal_nordic__nrfx.a(nrfx_gpiote.c.obj)
                0x0000000000025ef4                nrfx_gpiote_pin_uninit
 .text.nrfx_gpiote_trigger_disable
                0x0000000000025ef8        0x4 modules/hal_nordic/modules/hal_nordic/nrfx/libmodules__hal_nordic__nrfx.a(nrfx_gpiote.c.obj)
                0x0000000000025ef8                nrfx_gpiote_trigger_disable
 .text.nrfx_gpiote_in_event_get
                0x0000000000025efc        0x6 modules/hal_nordic/modules/hal_nordic/nrfx/libmodules__hal_nordic__nrfx.a(nrfx_gpiote.c.obj)
                0x0000000000025efc                nrfx_gpiote_in_event_get
 .text.nrfx_power_clock_irq_handler
                0x0000000000025f02        0xe modules/hal_nordic/modules/hal_nordic/nrfx/libmodules__hal_nordic__nrfx.a(nrfx_power.c.obj)
                0x0000000000025f02                nrfx_power_clock_irq_handler
 .text.__nrfy_internal_spim_event_handle
                0x0000000000025f10       0x2a modules/hal_nordic/modules/hal_nordic/nrfx/libmodules__hal_nordic__nrfx.a(nrfx_spim.c.obj)
 .text.__nrfy_internal_spim_events_process
                0x0000000000025f3a       0x7c modules/hal_nordic/modules/hal_nordic/nrfx/libmodules__hal_nordic__nrfx.a(nrfx_spim.c.obj)
 .text.nrf_gpio_pin_set
                0x0000000000025fb6       0x18 modules/hal_nordic/modules/hal_nordic/nrfx/libmodules__hal_nordic__nrfx.a(nrfx_spim.c.obj)
 .text.nrf_gpio_pin_clear
                0x0000000000025fce       0x18 modules/hal_nordic/modules/hal_nordic/nrfx/libmodules__hal_nordic__nrfx.a(nrfx_spim.c.obj)
 .text.spim_abort
                0x0000000000025fe6       0x2c modules/hal_nordic/modules/hal_nordic/nrfx/libmodules__hal_nordic__nrfx.a(nrfx_spim.c.obj)
 .text.irq_handler
                0x0000000000026012       0x48 modules/hal_nordic/modules/hal_nordic/nrfx/libmodules__hal_nordic__nrfx.a(nrfx_spim.c.obj)
 .text.xfer_completeness_check
                0x000000000002605a       0x62 modules/hal_nordic/modules/hal_nordic/nrfx/libmodules__hal_nordic__nrfx.a(nrfx_twim.c.obj)
 .text.pins_configure
                0x00000000000260bc       0x54 modules/hal_nordic/modules/hal_nordic/nrfx/libmodules__hal_nordic__nrfx.a(nrfx_twim.c.obj)
 .text.__nrfy_internal_twim_event_handle.isra.0
                0x0000000000026110       0x22 modules/hal_nordic/modules/hal_nordic/nrfx/libmodules__hal_nordic__nrfx.a(nrfx_twim.c.obj)
 .text.__nrfy_internal_twim_events_process.constprop.0
                0x0000000000026132       0x54 modules/hal_nordic/modules/hal_nordic/nrfx/libmodules__hal_nordic__nrfx.a(nrfx_twim.c.obj)
 .text.nrf_gpio_pin_set
                0x0000000000026186       0x18 modules/hal_nordic/modules/hal_nordic/nrfx/libmodules__hal_nordic__nrfx.a(nrfx_twi_twim.c.obj)
 .text.z_impl_k_busy_wait
                0x000000000002619e        0x8 zephyr/kernel/libkernel.a(busy_wait.c.obj)
                0x000000000002619e                z_impl_k_busy_wait
 .text.z_device_state_init
                0x00000000000261a6        0x2 zephyr/kernel/libkernel.a(device.c.obj)
                0x00000000000261a6                z_device_state_init
 .text.z_impl_device_is_ready
                0x00000000000261a8       0x16 zephyr/kernel/libkernel.a(device.c.obj)
                0x00000000000261a8                z_impl_device_is_ready
 .text.arch_system_halt
                0x00000000000261be       0x10 zephyr/kernel/libkernel.a(fatal.c.obj)
                0x00000000000261be                arch_system_halt
 .text.k_sys_fatal_error_handler
                0x00000000000261ce        0x6 zephyr/kernel/libkernel.a(fatal.c.obj)
                0x00000000000261ce                k_sys_fatal_error_handler
 .text.do_device_init
                0x00000000000261d4       0x30 zephyr/kernel/libkernel.a(init.c.obj)
 .text.z_early_memset
                0x0000000000026204        0x4 zephyr/kernel/libkernel.a(init.c.obj)
                0x0000000000026204                z_early_memset
 .text.z_early_memcpy
                0x0000000000026208        0x4 zephyr/kernel/libkernel.a(init.c.obj)
                0x0000000000026208                z_early_memcpy
 .text.z_init_static
                0x000000000002620c        0x2 zephyr/kernel/libkernel.a(init_static.c.obj)
                0x000000000002620c                z_init_static
 .text.create_free_list
                0x000000000002620e       0x34 zephyr/kernel/libkernel.a(mem_slab.c.obj)
 .text.k_mem_slab_free
                0x0000000000026242       0x70 zephyr/kernel/libkernel.a(mem_slab.c.obj)
                0x0000000000026242                k_mem_slab_free
 .text.idle     0x00000000000262b2       0x16 zephyr/kernel/libkernel.a(idle.c.obj)
                0x00000000000262b2                idle
 .text.adjust_owner_prio.isra.0
                0x00000000000262c8       0x10 zephyr/kernel/libkernel.a(mutex.c.obj)
 .text.z_impl_k_mutex_init
                0x00000000000262d8        0xe zephyr/kernel/libkernel.a(mutex.c.obj)
                0x00000000000262d8                z_impl_k_mutex_init
 .text.unpend_thread_no_timeout
                0x00000000000262e6       0x1a zephyr/kernel/libkernel.a(queue.c.obj)
 .text.queue_insert
                0x0000000000026300       0xd0 zephyr/kernel/libkernel.a(queue.c.obj)
 .text.z_queue_node_peek
                0x00000000000263d0       0x18 zephyr/kernel/libkernel.a(queue.c.obj)
                0x00000000000263d0                z_queue_node_peek
 .text.k_queue_append
                0x00000000000263e8       0x16 zephyr/kernel/libkernel.a(queue.c.obj)
                0x00000000000263e8                k_queue_append
 .text.z_impl_k_sem_init
                0x00000000000263fe       0x18 zephyr/kernel/libkernel.a(sem.c.obj)
                0x00000000000263fe                z_impl_k_sem_init
 .text.flag_test_and_clear
                0x0000000000026416       0x16 zephyr/kernel/libkernel.a(work.c.obj)
 .text.notify_queue_locked.isra.0
                0x000000000002642c        0xe zephyr/kernel/libkernel.a(work.c.obj)
 .text.work_timeout
                0x000000000002643a       0x3c zephyr/kernel/libkernel.a(work.c.obj)
 .text.k_work_init
                0x0000000000026476       0x12 zephyr/kernel/libkernel.a(work.c.obj)
                0x0000000000026476                k_work_init
 .text.z_work_submit_to_queue
                0x0000000000026488       0x26 zephyr/kernel/libkernel.a(work.c.obj)
                0x0000000000026488                z_work_submit_to_queue
 .text.k_work_submit_to_queue
                0x00000000000264ae       0x20 zephyr/kernel/libkernel.a(work.c.obj)
                0x00000000000264ae                k_work_submit_to_queue
 .text.k_work_init_delayable
                0x00000000000264ce       0x18 zephyr/kernel/libkernel.a(work.c.obj)
                0x00000000000264ce                k_work_init_delayable
 .text.k_is_in_isr
                0x00000000000264e6        0xc zephyr/kernel/libkernel.a(thread.c.obj)
                0x00000000000264e6                k_is_in_isr
 .text.sys_dlist_remove
                0x00000000000264f2       0x10 zephyr/kernel/libkernel.a(sched.c.obj)
 .text.unpend_thread_no_timeout
                0x0000000000026502       0x14 zephyr/kernel/libkernel.a(sched.c.obj)
 .text.add_to_waitq_locked
                0x0000000000026516       0x50 zephyr/kernel/libkernel.a(sched.c.obj)
 .text.z_ready_thread
                0x0000000000026566       0x1e zephyr/kernel/libkernel.a(sched.c.obj)
                0x0000000000026566                z_ready_thread
 .text.z_unpend_thread_no_timeout
                0x0000000000026584       0x22 zephyr/kernel/libkernel.a(sched.c.obj)
                0x0000000000026584                z_unpend_thread_no_timeout
 .text.z_sched_wake_thread
                0x00000000000265a6       0x3a zephyr/kernel/libkernel.a(sched.c.obj)
                0x00000000000265a6                z_sched_wake_thread
 .text.z_thread_timeout
                0x00000000000265e0        0x8 zephyr/kernel/libkernel.a(sched.c.obj)
                0x00000000000265e0                z_thread_timeout
 .text.z_unpend_thread